Archive member included to satisfy reference by file (symbol)

../Core/Lib\libarm_cortexM4lf_math.a(arm_sin_f32.o)
                              ./Core/Src/main.o (arm_sin_f32)
../Core/Lib\libarm_cortexM4lf_math.a(arm_common_tables.o)
                              ../Core/Lib\libarm_cortexM4lf_math.a(arm_sin_f32.o) (sinTable_f32)
C:/ST/STM32CubeIDE_1.19.0/STM32CubeIDE/plugins/com.st.stm32cube.ide.mcu.externaltools.gnu-tools-for-stm32.13.3.rel1.win32_1.0.0.202411081344/tools/bin/../lib/gcc/arm-none-eabi/13.3.1/../../../../arm-none-eabi/lib/thumb/v7e-m+fp/hard\libc_nano.a(libc_a-exit.o)
                              C:/ST/STM32CubeIDE_1.19.0/STM32CubeIDE/plugins/com.st.stm32cube.ide.mcu.externaltools.gnu-tools-for-stm32.13.3.rel1.win32_1.0.0.202411081344/tools/bin/../lib/gcc/arm-none-eabi/13.3.1/../../../../arm-none-eabi/lib/thumb/v7e-m+fp/hard/crt0.o (exit)
C:/ST/STM32CubeIDE_1.19.0/STM32CubeIDE/plugins/com.st.stm32cube.ide.mcu.externaltools.gnu-tools-for-stm32.13.3.rel1.win32_1.0.0.202411081344/tools/bin/../lib/gcc/arm-none-eabi/13.3.1/../../../../arm-none-eabi/lib/thumb/v7e-m+fp/hard\libc_nano.a(libc_a-rand.o)
                              ./Core/Src/freertos.o (srand)
C:/ST/STM32CubeIDE_1.19.0/STM32CubeIDE/plugins/com.st.stm32cube.ide.mcu.externaltools.gnu-tools-for-stm32.13.3.rel1.win32_1.0.0.202411081344/tools/bin/../lib/gcc/arm-none-eabi/13.3.1/../../../../arm-none-eabi/lib/thumb/v7e-m+fp/hard\libc_nano.a(libc_a-findfp.o)
                              C:/ST/STM32CubeIDE_1.19.0/STM32CubeIDE/plugins/com.st.stm32cube.ide.mcu.externaltools.gnu-tools-for-stm32.13.3.rel1.win32_1.0.0.202411081344/tools/bin/../lib/gcc/arm-none-eabi/13.3.1/../../../../arm-none-eabi/lib/thumb/v7e-m+fp/hard\libc_nano.a(libc_a-exit.o) (__stdio_exit_handler)
C:/ST/STM32CubeIDE_1.19.0/STM32CubeIDE/plugins/com.st.stm32cube.ide.mcu.externaltools.gnu-tools-for-stm32.13.3.rel1.win32_1.0.0.202411081344/tools/bin/../lib/gcc/arm-none-eabi/13.3.1/../../../../arm-none-eabi/lib/thumb/v7e-m+fp/hard\libc_nano.a(libc_a-fwalk.o)
                              C:/ST/STM32CubeIDE_1.19.0/STM32CubeIDE/plugins/com.st.stm32cube.ide.mcu.externaltools.gnu-tools-for-stm32.13.3.rel1.win32_1.0.0.202411081344/tools/bin/../lib/gcc/arm-none-eabi/13.3.1/../../../../arm-none-eabi/lib/thumb/v7e-m+fp/hard\libc_nano.a(libc_a-findfp.o) (_fwalk_sglue)
C:/ST/STM32CubeIDE_1.19.0/STM32CubeIDE/plugins/com.st.stm32cube.ide.mcu.externaltools.gnu-tools-for-stm32.13.3.rel1.win32_1.0.0.202411081344/tools/bin/../lib/gcc/arm-none-eabi/13.3.1/../../../../arm-none-eabi/lib/thumb/v7e-m+fp/hard\libc_nano.a(libc_a-snprintf.o)
                              ./Core/Src/freertos.o (snprintf)
C:/ST/STM32CubeIDE_1.19.0/STM32CubeIDE/plugins/com.st.stm32cube.ide.mcu.externaltools.gnu-tools-for-stm32.13.3.rel1.win32_1.0.0.202411081344/tools/bin/../lib/gcc/arm-none-eabi/13.3.1/../../../../arm-none-eabi/lib/thumb/v7e-m+fp/hard\libc_nano.a(libc_a-sprintf.o)
                              ./Core/Src/freertos.o (sprintf)
C:/ST/STM32CubeIDE_1.19.0/STM32CubeIDE/plugins/com.st.stm32cube.ide.mcu.externaltools.gnu-tools-for-stm32.13.3.rel1.win32_1.0.0.202411081344/tools/bin/../lib/gcc/arm-none-eabi/13.3.1/../../../../arm-none-eabi/lib/thumb/v7e-m+fp/hard\libc_nano.a(libc_a-stdio.o)
                              C:/ST/STM32CubeIDE_1.19.0/STM32CubeIDE/plugins/com.st.stm32cube.ide.mcu.externaltools.gnu-tools-for-stm32.13.3.rel1.win32_1.0.0.202411081344/tools/bin/../lib/gcc/arm-none-eabi/13.3.1/../../../../arm-none-eabi/lib/thumb/v7e-m+fp/hard\libc_nano.a(libc_a-findfp.o) (__sread)
C:/ST/STM32CubeIDE_1.19.0/STM32CubeIDE/plugins/com.st.stm32cube.ide.mcu.externaltools.gnu-tools-for-stm32.13.3.rel1.win32_1.0.0.202411081344/tools/bin/../lib/gcc/arm-none-eabi/13.3.1/../../../../arm-none-eabi/lib/thumb/v7e-m+fp/hard\libc_nano.a(libc_a-memset.o)
                              C:/ST/STM32CubeIDE_1.19.0/STM32CubeIDE/plugins/com.st.stm32cube.ide.mcu.externaltools.gnu-tools-for-stm32.13.3.rel1.win32_1.0.0.202411081344/tools/bin/../lib/gcc/arm-none-eabi/13.3.1/../../../../arm-none-eabi/lib/thumb/v7e-m+fp/hard/crt0.o (memset)
C:/ST/STM32CubeIDE_1.19.0/STM32CubeIDE/plugins/com.st.stm32cube.ide.mcu.externaltools.gnu-tools-for-stm32.13.3.rel1.win32_1.0.0.202411081344/tools/bin/../lib/gcc/arm-none-eabi/13.3.1/../../../../arm-none-eabi/lib/thumb/v7e-m+fp/hard\libc_nano.a(libc_a-closer.o)
                              C:/ST/STM32CubeIDE_1.19.0/STM32CubeIDE/plugins/com.st.stm32cube.ide.mcu.externaltools.gnu-tools-for-stm32.13.3.rel1.win32_1.0.0.202411081344/tools/bin/../lib/gcc/arm-none-eabi/13.3.1/../../../../arm-none-eabi/lib/thumb/v7e-m+fp/hard\libc_nano.a(libc_a-stdio.o) (_close_r)
C:/ST/STM32CubeIDE_1.19.0/STM32CubeIDE/plugins/com.st.stm32cube.ide.mcu.externaltools.gnu-tools-for-stm32.13.3.rel1.win32_1.0.0.202411081344/tools/bin/../lib/gcc/arm-none-eabi/13.3.1/../../../../arm-none-eabi/lib/thumb/v7e-m+fp/hard\libc_nano.a(libc_a-reent.o)
[...]
Memory Configuration

Name             Origin             Length             Attributes
RAM              0x20000000         0x000a0000         xrw
RAM2             0x10000000         0x00010000         xrw
RAM3             0x20040000         0x00060000         xrw
FLASH            0x08000000         0x00200000         xr
*default*        0x00000000         0xffffffff

Linker script and memory map

LOAD C:/ST/STM32CubeIDE_1.19.0/STM32CubeIDE/plugins/com.st.stm32cube.ide.mcu.externaltools.gnu-tools-for-stm32.13.3.rel1.win32_1.0.0.202411081344/tools/bin/../lib/gcc/arm-none-eabi/13.3.1/thumb/v7e-m+fp/hard/crti.o
LOAD C:/ST/STM32CubeIDE_1.19.0/STM32CubeIDE/plugins/com.st.stm32cube.ide.mcu.externaltools.gnu-tools-for-stm32.13.3.rel1.win32_1.0.0.202411081344/tools/bin/../lib/gcc/arm-none-eabi/13.3.1/thumb/v7e-m+fp/hard/crtbegin.o
LOAD C:/ST/STM32CubeIDE_1.19.0/STM32CubeIDE/plugins/com.st.stm32cube.ide.mcu.externaltools.gnu-tools-for-stm32.13.3.rel1.win32_1.0.0.202411081344/tools/bin/../lib/gcc/arm-none-eabi/13.3.1/../../../../arm-none-eabi/lib/thumb/v7e-m+fp/hard/crt0.o
LOAD ./Core/Src/dac.o
LOAD ./Core/Src/dfsdm.o
LOAD ./Core/Src/dma.o
LOAD ./Core/Src/freertos.o
LOAD ./Core/Src/gpio.o
LOAD ./Core/Src/i2c.o
LOAD ./Core/Src/main.o
LOAD ./Core/Src/octospi.o
LOAD ./Core/Src/stm32l4s5i_iot01.o
LOAD ./Core/Src/stm32l4s5i_iot01_accelero.o
LOAD ./Core/Src/stm32l4s5i_iot01_qspi.o
LOAD ./Core/Src/stm32l4xx_hal_msp.o
LOAD ./Core/Src/stm32l4xx_hal_timebase_tim.o
LOAD ./Core/Src/stm32l4xx_it.o
LOAD ./Core/Src/syscalls.o
LOAD ./Core/Src/sysmem.o
LOAD ./Core/Src/system_stm32l4xx.o
LOAD ./Core/Src/tim.o
LOAD ./Core/Src/usart.o
LOAD ./Core/Startup/startup_stm32l4s5vitx.o
LOAD ./Drivers/Components/cs42l51/cs42l51.o
LOAD ./Drivers/Components/cs43l22/cs43l22.o
LOAD ./Drivers/Components/cy8c4014lqi/cy8c4014lqi.o
LOAD ./Drivers/Components/ft3x67/ft3x67.o
LOAD ./Drivers/Components/ft5336/ft5336.o
LOAD ./Drivers/Components/ft6x06/ft6x06.o
LOAD ./Drivers/Components/hts221/hts221.o
LOAD ./Drivers/Components/hx8347g/hx8347g.o
LOAD ./Drivers/Components/hx8347i/hx8347i.o
LOAD ./Drivers/Components/l3gd20/l3gd20.o
LOAD ./Drivers/Components/lis3mdl/lis3mdl.o
LOAD ./Drivers/Components/lps22hb/lps22hb.o
LOAD ./Drivers/Components/ls016b8uy/ls016b8uy.o
LOAD ./Drivers/Components/lsm303c/lsm303c.o
LOAD ./Drivers/Components/lsm303dlhc/lsm303dlhc.o
LOAD ./Drivers/Components/lsm6dsl/lsm6dsl.o
LOAD ./Drivers/Components/m24sr/m24sr.o
LOAD ./Drivers/Components/mfxstm32l152/mfxstm32l152.o
LOAD ./Drivers/Components/ov9655/ov9655.o
LOAD ./Drivers/Components/st25dv/st25dv.o
LOAD ./Drivers/Components/st25dv/st25dv_reg.o
LOAD ./Drivers/Components/st7735/st7735.o
LOAD ./Drivers/Components/st7789h2/st7789h2.o
LOAD ./Drivers/Components/stmpe1600/stmpe1600.o
LOAD ./Drivers/Components/stmpe811/stmpe811.o
LOAD ./Drivers/Components/wm8994/wm8994.o
LOAD ./Drivers/STM32L4xx_HAL_Driver/Src/stm32l4xx_hal.o
LOAD ./Drivers/STM32L4xx_HAL_Driver/Src/stm32l4xx_hal_cortex.o
LOAD ./Drivers/STM32L4xx_HAL_Driver/Src/stm32l4xx_hal_dac.o
LOAD ./Drivers/STM32L4xx_HAL_Driver/Src/stm32l4xx_hal_dac_ex.o
LOAD ./Drivers/STM32L4xx_HAL_Driver/Src/stm32l4xx_hal_dfsdm.o
LOAD ./Drivers/STM32L4xx_HAL_Driver/Src/stm32l4xx_hal_dfsdm_ex.o
LOAD ./Drivers/STM32L4xx_HAL_Driver/Src/stm32l4xx_hal_dma.o
LOAD ./Drivers/STM32L4xx_HAL_Driver/Src/stm32l4xx_hal_dma_ex.o
LOAD ./Drivers/STM32L4xx_HAL_Driver/Src/stm32l4xx_hal_exti.o
LOAD ./Drivers/STM32L4xx_HAL_Driver/Src/stm32l4xx_hal_flash.o
LOAD ./Drivers/STM32L4xx_HAL_Driver/Src/stm32l4xx_hal_flash_ex.o
LOAD ./Drivers/STM32L4xx_HAL_Driver/Src/stm32l4xx_hal_flash_ramfunc.o
LOAD ./Drivers/STM32L4xx_HAL_Driver/Src/stm32l4xx_hal_gpio.o
LOAD ./Drivers/STM32L4xx_HAL_Driver/Src/stm32l4xx_hal_i2c.o
LOAD ./Drivers/STM32L4xx_HAL_Driver/Src/stm32l4xx_hal_i2c_ex.o
LOAD ./Drivers/STM32L4xx_HAL_Driver/Src/stm32l4xx_hal_ospi.o
LOAD ./Drivers/STM32L4xx_HAL_Driver/Src/stm32l4xx_hal_pwr.o
LOAD ./Drivers/STM32L4xx_HAL_Driver/Src/stm32l4xx_hal_pwr_ex.o
LOAD ./Drivers/STM32L4xx_HAL_Driver/Src/stm32l4xx_hal_rcc.o
LOAD ./Drivers/STM32L4xx_HAL_Driver/Src/stm32l4xx_hal_rcc_ex.o
LOAD ./Drivers/STM32L4xx_HAL_Driver/Src/stm32l4xx_hal_tim.o
LOAD ./Drivers/STM32L4xx_HAL_Driver/Src/stm32l4xx_hal_tim_ex.o
LOAD ./Drivers/STM32L4xx_HAL_Driver/Src/stm32l4xx_hal_uart.o
LOAD ./Drivers/STM32L4xx_HAL_Driver/Src/stm32l4xx_hal_uart_ex.o
LOAD ./Middlewares/Third_Party/FreeRTOS/Source/CMSIS_RTOS/cmsis_os.o
LOAD ./Middlewares/Third_Party/FreeRTOS/Source/croutine.o
LOAD ./Middlewares/Third_Party/FreeRTOS/Source/event_groups.o
LOAD ./Middlewares/Third_Party/FreeRTOS/Source/list.o
LOAD ./Middlewares/Third_Party/FreeRTOS/Source/queue.o
LOAD ./Middlewares/Third_Party/FreeRTOS/Source/stream_buffer.o
LOAD ./Middlewares/Third_Party/FreeRTOS/Source/tasks.o
LOAD ./Middlewares/Third_Party/FreeRTOS/Source/timers.o
LOAD ./Middlewares/Third_Party/FreeRTOS/Source/portable/GCC/ARM_CM4F/port.o
LOAD ./Middlewares/Third_Party/FreeRTOS/Source/portable/MemMang/heap_4.o
LOAD ../Core/Lib\libarm_cortexM4lf_math.a
START GROUP
LOAD C:/ST/STM32CubeIDE_1.19.0/STM32CubeIDE/plugins/com.st.stm32cube.ide.mcu.externaltools.gnu-tools-for-stm32.13.3.rel1.win32_1.0.0.202411081344/tools/bin/../lib/gcc/arm-none-eabi/13.3.1/../../../../arm-none-eabi/lib/thumb/v7e-m+fp/hard\libc_nano.a
LOAD C:/ST/STM32CubeIDE_1.19.0/STM32CubeIDE/plugins/com.st.stm32cube.ide.mcu.externaltools.gnu-tools-for-stm32.13.3.rel1.win32_1.0.0.202411081344/tools/bin/../lib/gcc/arm-none-eabi/13.3.1/../../../../arm-none-eabi/lib/thumb/v7e-m+fp/hard\libm.a
END GROUP
START GROUP
LOAD C:/ST/STM32CubeIDE_1.19.0/STM32CubeIDE/plugins/com.st.stm32cube.ide.mcu.externaltools.gnu-tools-for-stm32.13.3.rel1.win32_1.0.0.202411081344/tools/bin/../lib/gcc/arm-none-eabi/13.3.1/thumb/v7e-m+fp/hard\libgcc.a
LOAD C:/ST/STM32CubeIDE_1.19.0/STM32CubeIDE/plugins/com.st.stm32cube.ide.mcu.externaltools.gnu-tools-for-stm32.13.3.rel1.win32_1.0.0.202411081344/tools/bin/../lib/gcc/arm-none-eabi/13.3.1/../../../../arm-none-eabi/lib/thumb/v7e-m+fp/hard\libc_nano.a
END GROUP
START GROUP
LOAD C:/ST/STM32CubeIDE_1.19.0/STM32CubeIDE/plugins/com.st.stm32cube.ide.mcu.externaltools.gnu-tools-for-stm32.13.3.rel1.win32_1.0.0.202411081344/tools/bin/../lib/gcc/arm-none-eabi/13.3.1/thumb/v7e-m+fp/hard\libgcc.a
LOAD C:/ST/STM32CubeIDE_1.19.0/STM32CubeIDE/plugins/com.st.stm32cube.ide.mcu.externaltools.gnu-tools-for-stm32.13.3.rel1.win32_1.0.0.202411081344/tools/bin/../lib/gcc/arm-none-eabi/13.3.1/../../../../arm-none-eabi/lib/thumb/v7e-m+fp/hard\libc_nano.a
LOAD C:/ST/STM32CubeIDE_1.19.0/STM32CubeIDE/plugins/com.st.stm32cube.ide.mcu.externaltools.gnu-tools-for-stm32.13.3.rel1.win32_1.0.0.202411081344/tools/bin/../lib/gcc/arm-none-eabi/13.3.1/../../../../arm-none-eabi/lib/thumb/v7e-m+fp/hard\libnosys.a
END GROUP
START GROUP
LOAD C:/ST/STM32CubeIDE_1.19.0/STM32CubeIDE/plugins/com.st.stm32cube.ide.mcu.externaltools.gnu-tools-for-stm32.13.3.rel1.win32_1.0.0.202411081344/tools/bin/../lib/gcc/arm-none-eabi/13.3.1/thumb/v7e-m+fp/hard\libgcc.a
LOAD C:/ST/STM32CubeIDE_1.19.0/STM32CubeIDE/plugins/com.st.stm32cube.ide.mcu.externaltools.gnu-tools-for-stm32.13.3.rel1.win32_1.0.0.202411081344/tools/bin/../lib/gcc/arm-none-eabi/13.3.1/../../../../arm-none-eabi/lib/thumb/v7e-m+fp/hard\libc_nano.a
LOAD C:/ST/STM32CubeIDE_1.19.0/STM32CubeIDE/plugins/com.st.stm32cube.ide.mcu.externaltools.gnu-tools-for-stm32.13.3.rel1.win32_1.0.0.202411081344/tools/bin/../lib/gcc/arm-none-eabi/13.3.1/../../../../arm-none-eabi/lib/thumb/v7e-m+fp/hard\libnosys.a
END GROUP
LOAD C:/ST/STM32CubeIDE_1.19.0/STM32CubeIDE/plugins/com.st.stm32cube.ide.mcu.externaltools.gnu-tools-for-stm32.13.3.rel1.win32_1.0.0.202411081344/tools/bin/../lib/gcc/arm-none-eabi/13.3.1/thumb/v7e-m+fp/hard/crtend.o
LOAD C:/ST/STM32CubeIDE_1.19.0/STM32CubeIDE/plugins/com.st.stm32cube.ide.mcu.externaltools.gnu-tools-for-stm32.13.3.rel1.win32_1.0.0.202411081344/tools/bin/../lib/gcc/arm-none-eabi/13.3.1/thumb/v7e-m+fp/hard/crtn.o
                0x200a0000                        _estack = (ORIGIN (RAM) + LENGTH (RAM))
                0x00000200                        _Min_Heap_Size = 0x200
                0x00000400                        _Min_Stack_Size = 0x400

.isr_vector     0x08000000      0x1bc
                0x08000000                        . = ALIGN (0x4)
 *(.isr_vector)
 .isr_vector    0x08000000      0x1bc ./Core/Startup/startup_stm32l4s5vitx.o
                0x08000000                g_pfnVectors
                0x080001bc                        . = ALIGN (0x4)

.text           0x080001c0     0xc4bc
                0x080001c0                        . = ALIGN (0x4)
 *(.text)
 .text          0x080001c0       0x40 C:/ST/STM32CubeIDE_1.19.0/STM32CubeIDE/plugins/com.st.stm32cube.ide.mcu.externaltools.gnu-tools-for-stm32.13.3.rel1.win32_1.0.0.202411081344/tools/bin/../lib/gcc/arm-none-eabi/13.3.1/thumb/v7e-m+fp/hard/crtbegin.o
 .text          0x08000200       0x10 C:/ST/STM32CubeIDE_1.19.0/STM32CubeIDE/plugins/com.st.stm32cube.ide.mcu.externaltools.gnu-tools-for-stm32.13.3.rel1.win32_1.0.0.202411081344/tools/bin/../lib/gcc/arm-none-eabi/13.3.1/../../../../arm-none-eabi/lib/thumb/v7e-m+fp/hard\libc_nano.a(libc_a-strlen.o)
                0x08000200                strlen
 .text          0x08000210       0xa0 C:/ST/STM32CubeIDE_1.19.0/STM32CubeIDE/plugins/com.st.stm32cube.ide.mcu.externaltools.gnu-tools-for-stm32.13.3.rel1.win32_1.0.0.202411081344/tools/bin/../lib/gcc/arm-none-eabi/13.3.1/../../../../arm-none-eabi/lib/thumb/v7e-m+fp/hard\libc_nano.a(libc_a-memchr.o)
                0x08000210                memchr
 .text          0x080002b0      0x254 C:/ST/STM32CubeIDE_1.19.0/STM32CubeIDE/plugins/com.st.stm32cube.ide.mcu.externaltools.gnu-tools-for-stm32.13.3.rel1.win32_1.0.0.202411081344/tools/bin/../lib/gcc/arm-none-eabi/13.3.1/thumb/v7e-m+fp/hard\libgcc.a(_arm_muldf3.o)
                0x080002b0                __muldf3
                0x080002b0                __aeabi_dmul
 .text          0x08000504      0x378 C:/ST/STM32CubeIDE_1.19.0/STM32CubeIDE/plugins/com.st.stm32cube.ide.mcu.externaltools.gnu-tools-for-stm32.13.3.rel1.win32_1.0.0.202411081344/tools/bin/../lib/gcc/arm-none-eabi/13.3.1/thumb/v7e-m+fp/hard\libgcc.a(_arm_addsubdf3.o)
                0x08000504                __aeabi_drsub
                0x0800050c                __aeabi_dsub
                0x0800050c                __subdf3
                0x08000510                __aeabi_dadd
                0x08000510                __adddf3
                0x08000788                __floatunsidf
                0x08000788                __aeabi_ui2d
                0x080007a8                __floatsidf
                0x080007a8                __aeabi_i2d
                0x080007cc                __aeabi_f2d
                0x080007cc                __extendsfdf2
                0x08000810                __floatundidf
                0x08000810                __aeabi_ul2d
                0x08000820                __floatdidf
                0x08000820                __aeabi_l2d
 .text          0x0800087c       0xa0 C:/ST/STM32CubeIDE_1.19.0/STM32CubeIDE/plugins/com.st.stm32cube.ide.mcu.externaltools.gnu-tools-for-stm32.13.3.rel1.win32_1.0.0.202411081344/tools/bin/../lib/gcc/arm-none-eabi/13.3.1/thumb/v7e-m+fp/hard\libgcc.a(_arm_truncdfsf2.o)
                0x0800087c                __truncdfsf2
                0x0800087c                __aeabi_d2f
 .text          0x0800091c       0x30 C:/ST/STM32CubeIDE_1.19.0/STM32CubeIDE/plugins/com.st.stm32cube.ide.mcu.externaltools.gnu-tools-for-stm32.13.3.rel1.win32_1.0.0.202411081344/tools/bin/../lib/gcc/arm-none-eabi/13.3.1/thumb/v7e-m+fp/hard\libgcc.a(_aeabi_uldivmod.o)
                0x0800091c                __aeabi_uldivmod
 .text          0x0800094c      0x2f8 C:/ST/STM32CubeIDE_1.19.0/STM32CubeIDE/plugins/com.st.stm32cube.ide.mcu.externaltools.gnu-tools-for-stm32.13.3.rel1.win32_1.0.0.202411081344/tools/bin/../lib/gcc/arm-none-eabi/13.3.1/thumb/v7e-m+fp/hard\libgcc.a(_udivmoddi4.o)
                0x0800094c                __udivmoddi4
 .text          0x08000c44        0x4 C:/ST/STM32CubeIDE_1.19.0/STM32CubeIDE/plugins/com.st.stm32cube.ide.mcu.externaltools.gnu-tools-for-stm32.13.3.rel1.win32_1.0.0.202411081344/tools/bin/../lib/gcc/arm-none-eabi/13.3.1/thumb/v7e-m+fp/hard\libgcc.a(_dvmd_tls.o)
                0x08000c44                __aeabi_idiv0
                0x08000c44                __aeabi_ldiv0
 *(.text*)
 .text.MX_DAC1_Init
                0x08000c48       0x68 ./Core/Src/dac.o
                0x08000c48                MX_DAC1_Init
 .text.HAL_DAC_MspInit
                0x08000cb0       0xec ./Core/Src/dac.o
                0x08000cb0                HAL_DAC_MspInit
 .text.MX_DFSDM1_Init
                0x08000d9c       0xcc ./Core/Src/dfsdm.o
                0x08000d9c                MX_DFSDM1_Init
 .text.HAL_DFSDM_FilterMspInit
                0x08000e68      0x158 ./Core/Src/dfsdm.o
                0x08000e68                HAL_DFSDM_FilterMspInit
 .text.HAL_DFSDM_ChannelMspInit
                0x08000fc0       0xe0 ./Core/Src/dfsdm.o
                0x08000fc0                HAL_DFSDM_ChannelMspInit
 .text.MX_DMA_Init
                0x080010a0       0x64 ./Core/Src/dma.o
                0x080010a0                MX_DMA_Init
 .text.vApplicationGetIdleTaskMemory
                0x08001104       0x34 ./Core/Src/freertos.o
                0x08001104                vApplicationGetIdleTaskMemory
 .text.MX_FREERTOS_Init
                0x08001138      0x138 ./Core/Src/freertos.o
                0x08001138                MX_FREERTOS_Init
 .text.StartDefaultTask
                0x08001270       0x10 ./Core/Src/freertos.o
                0x08001270                StartDefaultTask
 .text.StartTask02
                0x08001280      0x570 ./Core/Src/freertos.o
                0x08001280                StartTask02
 .text.StartTask03
                0x080017f0       0x70 ./Core/Src/freertos.o
                0x080017f0                StartTask03
 .text.StartTask04
                0x08001860       0x10 ./Core/Src/freertos.o
                0x08001860                StartTask04
 .text.StartTask05
                0x08001870       0x50 ./Core/Src/freertos.o
                0x08001870                StartTask05
 .text.MX_GPIO_Init
                0x080018c0       0xe0 ./Core/Src/gpio.o
                0x080018c0                MX_GPIO_Init
 .text.MX_I2C2_Init
                0x080019a0       0x80 ./Core/Src/i2c.o
                0x080019a0                MX_I2C2_Init
 .text.HAL_I2C_MspInit
                0x08001a20       0xbc ./Core/Src/i2c.o
                0x08001a20                HAL_I2C_MspInit
 .text.stop_playback_if_running
                0x08001adc       0x20 ./Core/Src/main.o
                0x08001adc                stop_playback_if_running
 *fill*         0x08001afc        0x4 
 .text.start_note_circular
                0x08001b00      0x130 ./Core/Src/main.o
                0x08001b00                start_note_circular
 .text.play_start_sequence
                0x08001c30       0x64 ./Core/Src/main.o
                0x08001c30                play_start_sequence
 .text.play_end_sequence
                0x08001c94       0x64 ./Core/Src/main.o
                0x08001c94                play_end_sequence
 .text.Flash_WriteStats
                0x08001cf8       0x3a ./Core/Src/main.o
                0x08001cf8                Flash_WriteStats
 .text.main     0x08001d32       0x38 ./Core/Src/main.o
                0x08001d32                main
 .text.SystemClock_Config
                0x08001d6a       0xa2 ./Core/Src/main.o
                0x08001d6a                SystemClock_Config
 .text.HAL_DFSDM_FilterRegConvCpltCallback
                0x08001e0c       0x44 ./Core/Src/main.o
                0x08001e0c                HAL_DFSDM_FilterRegConvCpltCallback
 .text.HAL_GPIO_EXTI_Callback
                0x08001e50       0x88 ./Core/Src/main.o
                0x08001e50                HAL_GPIO_EXTI_Callback
 .text.HAL_TIM_PeriodElapsedCallback
                0x08001ed8       0x24 ./Core/Src/main.o
                0x08001ed8                HAL_TIM_PeriodElapsedCallback
 .text.Error_Handler
                0x08001efc        0xc ./Core/Src/main.o
                0x08001efc                Error_Handler
 .text.MX_OCTOSPI1_Init
                0x08001f08       0xa8 ./Core/Src/octospi.o
                0x08001f08                MX_OCTOSPI1_Init
 .text.HAL_OSPI_MspInit
                0x08001fb0       0xd8 ./Core/Src/octospi.o
                0x08001fb0                HAL_OSPI_MspInit
 .text.BSP_ACCELERO_AccGetXYZ
                0x08002088       0x30 ./Core/Src/stm32l4s5i_iot01_accelero.o
                0x08002088                BSP_ACCELERO_AccGetXYZ
 .text.BSP_QSPI_Write
                0x080020b8      0x10c ./Core/Src/stm32l4s5i_iot01_qspi.o
                0x080020b8                BSP_QSPI_Write
 .text.BSP_QSPI_Erase_Block
                0x080021c4       0x94 ./Core/Src/stm32l4s5i_iot01_qspi.o
                0x080021c4                BSP_QSPI_Erase_Block
 .text.BSP_QSPI_GetStatus
                0x08002258       0xe0 ./Core/Src/stm32l4s5i_iot01_qspi.o
                0x08002258                BSP_QSPI_GetStatus
 .text.QSPI_WriteEnable
                0x08002338       0xb8 ./Core/Src/stm32l4s5i_iot01_qspi.o
 .text.QSPI_AutoPollingMemReady
                0x080023f0       0x96 ./Core/Src/stm32l4s5i_iot01_qspi.o
 *fill*         0x08002486        0x2 
 .text.HAL_MspInit
                0x08002488       0x50 ./Core/Src/stm32l4xx_hal_msp.o
                0x08002488                HAL_MspInit
 .text.HAL_InitTick
                0x080024d8       0xf4 ./Core/Src/stm32l4xx_hal_timebase_tim.o
                0x080024d8                HAL_InitTick
 .text.NMI_Handler
                0x080025cc        0x8 ./Core/Src/stm32l4xx_it.o
                0x080025cc                NMI_Handler
 .text.HardFault_Handler
                0x080025d4        0x8 ./Core/Src/stm32l4xx_it.o
                0x080025d4                HardFault_Handler
 .text.MemManage_Handler
                0x080025dc        0x8 ./Core/Src/stm32l4xx_it.o
                0x080025dc                MemManage_Handler
 .text.BusFault_Handler
                0x080025e4        0x8 ./Core/Src/stm32l4xx_it.o
                0x080025e4                BusFault_Handler
 .text.UsageFault_Handler
                0x080025ec        0x8 ./Core/Src/stm32l4xx_it.o
                0x080025ec                UsageFault_Handler
 .text.DebugMon_Handler
                0x080025f4        0xe ./Core/Src/stm32l4xx_it.o
                0x080025f4                DebugMon_Handler
 *fill*         0x08002602        0x2 
 .text.DMA1_Channel1_IRQHandler
                0x08002604       0x14 ./Core/Src/stm32l4xx_it.o
                0x08002604                DMA1_Channel1_IRQHandler
 .text.DMA1_Channel2_IRQHandler
                0x08002618       0x14 ./Core/Src/stm32l4xx_it.o
                0x08002618                DMA1_Channel2_IRQHandler
 .text.TIM2_IRQHandler
                0x0800262c       0x14 ./Core/Src/stm32l4xx_it.o
                0x0800262c                TIM2_IRQHandler
 .text.EXTI15_10_IRQHandler
                0x08002640       0x10 ./Core/Src/stm32l4xx_it.o
                0x08002640                EXTI15_10_IRQHandler
 .text.TIM6_DAC_IRQHandler
                0x08002650       0x2c ./Core/Src/stm32l4xx_it.o
                0x08002650                TIM6_DAC_IRQHandler
 .text._getpid  0x0800267c       0x10 ./Core/Src/syscalls.o
                0x0800267c                _getpid
 .text._kill    0x0800268c       0x20 ./Core/Src/syscalls.o
                0x0800268c                _kill
 .text._exit    0x080026ac       0x16 ./Core/Src/syscalls.o
                0x080026ac                _exit
 .text._read    0x080026c2       0x3a ./Core/Src/syscalls.o
                0x080026c2                _read
 .text._write   0x080026fc       0x38 ./Core/Src/syscalls.o
                0x080026fc                _write
 .text._close   0x08002734       0x18 ./Core/Src/syscalls.o
                0x08002734                _close
 .text._fstat   0x0800274c       0x20 ./Core/Src/syscalls.o
                0x0800274c                _fstat
 .text._isatty  0x0800276c       0x16 ./Core/Src/syscalls.o
                0x0800276c                _isatty
 .text._lseek   0x08002782       0x1a ./Core/Src/syscalls.o
                0x08002782                _lseek
 .text._sbrk    0x0800279c       0x6c ./Core/Src/sysmem.o
                0x0800279c                _sbrk
 .text.SystemInit
                0x08002808       0x24 ./Core/Src/system_stm32l4xx.o
                0x08002808                SystemInit
 .text.MX_TIM2_Init
                0x0800282c       0x9c ./Core/Src/tim.o
                0x0800282c                MX_TIM2_Init
 .text.HAL_TIM_Base_MspInit
                0x080028c8       0x48 ./Core/Src/tim.o
                0x080028c8                HAL_TIM_Base_MspInit
 .text.MX_USART1_UART_Init
                0x08002910       0x98 ./Core/Src/usart.o
                0x08002910                MX_USART1_UART_Init
 .text.HAL_UART_MspInit
                0x080029a8       0xbc ./Core/Src/usart.o
                0x080029a8                HAL_UART_MspInit
 .text.Reset_Handler
                0x08002a64       0x50 ./Core/Startup/startup_stm32l4s5vitx.o
                0x08002a64                Reset_Handler
 .text.Default_Handler
                0x08002ab4        0x2 ./Core/Startup/startup_stm32l4s5vitx.o
                0x08002ab4                RTC_Alarm_IRQHandler
                0x08002ab4                EXTI2_IRQHandler
                0x08002ab4                TIM8_TRG_COM_IRQHandler
                0x08002ab4                TIM8_CC_IRQHandler
                0x08002ab4                TIM1_CC_IRQHandler
                0x08002ab4                TSC_IRQHandler
                0x08002ab4                TAMP_STAMP_IRQHandler
                0x08002ab4                EXTI3_IRQHandler
                0x08002ab4                LPTIM2_IRQHandler
                0x08002ab4                DFSDM1_FLT1_IRQHandler
                0x08002ab4                GFXMMU_IRQHandler
                0x08002ab4                I2C3_ER_IRQHandler
                0x08002ab4                DFSDM1_FLT2_IRQHandler
                0x08002ab4                EXTI0_IRQHandler
                0x08002ab4                I2C2_EV_IRQHandler
                0x08002ab4                CAN1_RX0_IRQHandler
                0x08002ab4                FPU_IRQHandler
                0x08002ab4                TIM1_UP_TIM16_IRQHandler
                0x08002ab4                LTDC_ER_IRQHandler
                0x08002ab4                SPI1_IRQHandler
                0x08002ab4                OCTOSPI1_IRQHandler
                0x08002ab4                DCMI_IRQHandler
                0x08002ab4                TIM8_UP_IRQHandler
                0x08002ab4                OCTOSPI2_IRQHandler
                0x08002ab4                DMA2_Channel2_IRQHandler
                0x08002ab4                DMA1_Channel4_IRQHandler
                0x08002ab4                SAI2_IRQHandler
                0x08002ab4                ADC1_IRQHandler
                0x08002ab4                DFSDM1_FLT3_IRQHandler
                0x08002ab4                USART3_IRQHandler
                0x08002ab4                DMA1_Channel7_IRQHandler
                0x08002ab4                CAN1_RX1_IRQHandler
                0x08002ab4                UART5_IRQHandler
                0x08002ab4                TIM4_IRQHandler
                0x08002ab4                DMA2_Channel1_IRQHandler
                0x08002ab4                I2C1_EV_IRQHandler
                0x08002ab4                DMAMUX1_OVR_IRQHandler
                0x08002ab4                DMA1_Channel6_IRQHandler
                0x08002ab4                UART4_IRQHandler
                0x08002ab4                DMA2_Channel4_IRQHandler
                0x08002ab4                TIM3_IRQHandler
                0x08002ab4                RCC_IRQHandler
                0x08002ab4                Default_Handler
                0x08002ab4                DMA2_Channel7_IRQHandler
                0x08002ab4                TIM7_IRQHandler
                0x08002ab4                SDMMC1_IRQHandler
                0x08002ab4                TIM5_IRQHandler
                0x08002ab4                I2C3_EV_IRQHandler
                0x08002ab4                EXTI9_5_IRQHandler
                0x08002ab4                RTC_WKUP_IRQHandler
                0x08002ab4                LTDC_IRQHandler
                0x08002ab4                PVD_PVM_IRQHandler
                0x08002ab4                SPI2_IRQHandler
                0x08002ab4                CAN1_TX_IRQHandler
                0x08002ab4                DMA2_Channel5_IRQHandler
                0x08002ab4                DMA1_Channel5_IRQHandler
                0x08002ab4                EXTI4_IRQHandler
                0x08002ab4                RNG_IRQHandler
                0x08002ab4                TIM1_TRG_COM_TIM17_IRQHandler
                0x08002ab4                DMA1_Channel3_IRQHandler
                0x08002ab4                COMP_IRQHandler
                0x08002ab4                HASH_CRS_IRQHandler
                0x08002ab4                WWDG_IRQHandler
                0x08002ab4                I2C4_EV_IRQHandler
                0x08002ab4                LPUART1_IRQHandler
                0x08002ab4                DMA2_Channel6_IRQHandler
                0x08002ab4                DMA2D_IRQHandler
                0x08002ab4                EXTI1_IRQHandler
                0x08002ab4                AES_IRQHandler
                0x08002ab4                USART2_IRQHandler
                0x08002ab4                DFSDM1_FLT0_IRQHandler
                0x08002ab4                I2C2_ER_IRQHandler
                0x08002ab4                TIM8_BRK_IRQHandler
                0x08002ab4                CAN1_SCE_IRQHandler
                0x08002ab4                FLASH_IRQHandler
                0x08002ab4                USART1_IRQHandler
                0x08002ab4                OTG_FS_IRQHandler
                0x08002ab4                SPI3_IRQHandler
                0x08002ab4                I2C1_ER_IRQHandler
                0x08002ab4                FMC_IRQHandler
                0x08002ab4                LPTIM1_IRQHandler
                0x08002ab4                I2C4_ER_IRQHandler
                0x08002ab4                SAI1_IRQHandler
                0x08002ab4                DMA2_Channel3_IRQHandler
                0x08002ab4                TIM1_BRK_TIM15_IRQHandler
 .text.HAL_Init
                0x08002ab6       0x30 ./Drivers/STM32L4xx_HAL_Driver/Src/stm32l4xx_hal.o
                0x08002ab6                HAL_Init
 *fill*         0x08002ae6        0x2 
 .text.HAL_IncTick
                0x08002ae8       0x28 ./Drivers/STM32L4xx_HAL_Driver/Src/stm32l4xx_hal.o
                0x08002ae8                HAL_IncTick
 .text.HAL_GetTick
                0x08002b10       0x18 ./Drivers/STM32L4xx_HAL_Driver/Src/stm32l4xx_hal.o
                0x08002b10                HAL_GetTick
 .text.HAL_Delay
                0x08002b28       0x48 ./Drivers/STM32L4xx_HAL_Driver/Src/stm32l4xx_hal.o
                0x08002b28                HAL_Delay
 .text.__NVIC_SetPriorityGrouping
                0x08002b70       0x48 ./Drivers/STM32L4xx_HAL_Driver/Src/stm32l4xx_hal_cortex.o
 .text.__NVIC_GetPriorityGrouping
                0x08002bb8       0x1c ./Drivers/STM32L4xx_HAL_Driver/Src/stm32l4xx_hal_cortex.o
 .text.__NVIC_EnableIRQ
                0x08002bd4       0x3c ./Drivers/STM32L4xx_HAL_Driver/Src/stm32l4xx_hal_cortex.o
 .text.__NVIC_SetPriority
                0x08002c10       0x54 ./Drivers/STM32L4xx_HAL_Driver/Src/stm32l4xx_hal_cortex.o
 .text.NVIC_EncodePriority
                0x08002c64       0x66 ./Drivers/STM32L4xx_HAL_Driver/Src/stm32l4xx_hal_cortex.o
 .text.HAL_NVIC_SetPriorityGrouping
                0x08002cca       0x16 ./Drivers/STM32L4xx_HAL_Driver/Src/stm32l4xx_hal_cortex.o
                0x08002cca                HAL_NVIC_SetPriorityGrouping
 .text.HAL_NVIC_SetPriority
                0x08002ce0       0x38 ./Drivers/STM32L4xx_HAL_Driver/Src/stm32l4xx_hal_cortex.o
                0x08002ce0                HAL_NVIC_SetPriority
 .text.HAL_NVIC_EnableIRQ
                0x08002d18       0x1c ./Drivers/STM32L4xx_HAL_Driver/Src/stm32l4xx_hal_cortex.o
                0x08002d18                HAL_NVIC_EnableIRQ
 .text.HAL_DAC_Init
                0x08002d34       0x44 ./Drivers/STM32L4xx_HAL_Driver/Src/stm32l4xx_hal_dac.o
                0x08002d34                HAL_DAC_Init
 .text.HAL_DAC_Start_DMA
                0x08002d78      0x198 ./Drivers/STM32L4xx_HAL_Driver/Src/stm32l4xx_hal_dac.o
                0x08002d78                HAL_DAC_Start_DMA
 .text.HAL_DAC_Stop_DMA
                0x08002f10       0x8a ./Drivers/STM32L4xx_HAL_Driver/Src/stm32l4xx_hal_dac.o
                0x08002f10                HAL_DAC_Stop_DMA
 .text.HAL_DAC_IRQHandler
                0x08002f9a       0xb4 ./Drivers/STM32L4xx_HAL_Driver/Src/stm32l4xx_hal_dac.o
                0x08002f9a                HAL_DAC_IRQHandler
 .text.HAL_DAC_ConvCpltCallbackCh1
                0x0800304e       0x14 ./Drivers/STM32L4xx_HAL_Driver/Src/stm32l4xx_hal_dac.o
                0x0800304e                HAL_DAC_ConvCpltCallbackCh1
 .text.HAL_DAC_ConvHalfCpltCallbackCh1
                0x08003062       0x14 ./Drivers/STM32L4xx_HAL_Driver/Src/stm32l4xx_hal_dac.o
                0x08003062                HAL_DAC_ConvHalfCpltCallbackCh1
 .text.HAL_DAC_ErrorCallbackCh1
                0x08003076       0x14 ./Drivers/STM32L4xx_HAL_Driver/Src/stm32l4xx_hal_dac.o
                0x08003076                HAL_DAC_ErrorCallbackCh1
 .text.HAL_DAC_DMAUnderrunCallbackCh1
                0x0800308a       0x14 ./Drivers/STM32L4xx_HAL_Driver/Src/stm32l4xx_hal_dac.o
                0x0800308a                HAL_DAC_DMAUnderrunCallbackCh1
 *fill*         0x0800309e        0x2 
 .text.HAL_DAC_ConfigChannel
                0x080030a0      0x298 ./Drivers/STM32L4xx_HAL_Driver/Src/stm32l4xx_hal_dac.o
                0x080030a0                HAL_DAC_ConfigChannel
 .text.DAC_DMAConvCpltCh1
                0x08003338       0x22 ./Drivers/STM32L4xx_HAL_Driver/Src/stm32l4xx_hal_dac.o
                0x08003338                DAC_DMAConvCpltCh1
 .text.DAC_DMAHalfConvCpltCh1
                0x0800335a       0x1c ./Drivers/STM32L4xx_HAL_Driver/Src/stm32l4xx_hal_dac.o
                0x0800335a                DAC_DMAHalfConvCpltCh1
 .text.DAC_DMAErrorCh1
                0x08003376       0x2e ./Drivers/STM32L4xx_HAL_Driver/Src/stm32l4xx_hal_dac.o
                0x08003376                DAC_DMAErrorCh1
 .text.HAL_DACEx_ConvCpltCallbackCh2
                0x080033a4       0x14 ./Drivers/STM32L4xx_HAL_Driver/Src/stm32l4xx_hal_dac_ex.o
                0x080033a4                HAL_DACEx_ConvCpltCallbackCh2
 .text.HAL_DACEx_ConvHalfCpltCallbackCh2
                0x080033b8       0x14 ./Drivers/STM32L4xx_HAL_Driver/Src/stm32l4xx_hal_dac_ex.o
                0x080033b8                HAL_DACEx_ConvHalfCpltCallbackCh2
 .text.HAL_DACEx_ErrorCallbackCh2
                0x080033cc       0x14 ./Drivers/STM32L4xx_HAL_Driver/Src/stm32l4xx_hal_dac_ex.o
                0x080033cc                HAL_DACEx_ErrorCallbackCh2
 .text.HAL_DACEx_DMAUnderrunCallbackCh2
                0x080033e0       0x14 ./Drivers/STM32L4xx_HAL_Driver/Src/stm32l4xx_hal_dac_ex.o
                0x080033e0                HAL_DACEx_DMAUnderrunCallbackCh2
 .text.DAC_DMAConvCpltCh2
                0x080033f4       0x22 ./Drivers/STM32L4xx_HAL_Driver/Src/stm32l4xx_hal_dac_ex.o
                0x080033f4                DAC_DMAConvCpltCh2
 .text.DAC_DMAHalfConvCpltCh2
                0x08003416       0x1c ./Drivers/STM32L4xx_HAL_Driver/Src/stm32l4xx_hal_dac_ex.o
                0x08003416                DAC_DMAHalfConvCpltCh2
 .text.DAC_DMAErrorCh2
                0x08003432       0x2e ./Drivers/STM32L4xx_HAL_Driver/Src/stm32l4xx_hal_dac_ex.o
                0x08003432                DAC_DMAErrorCh2
 .text.HAL_DFSDM_ChannelInit
                0x08003460      0x180 ./Drivers/STM32L4xx_HAL_Driver/Src/stm32l4xx_hal_dfsdm.o
                0x08003460                HAL_DFSDM_ChannelInit
 .text.HAL_DFSDM_FilterInit
                0x080035e0      0x1b4 ./Drivers/STM32L4xx_HAL_Driver/Src/stm32l4xx_hal_dfsdm.o
                0x080035e0                HAL_DFSDM_FilterInit
 .text.HAL_DFSDM_FilterConfigRegChannel
                0x08003794       0x8a ./Drivers/STM32L4xx_HAL_Driver/Src/stm32l4xx_hal_dfsdm.o
                0x08003794                HAL_DFSDM_FilterConfigRegChannel
 *fill*         0x0800381e        0x2 
 .text.HAL_DFSDM_FilterRegularStart_DMA
                0x08003820      0x104 ./Drivers/STM32L4xx_HAL_Driver/Src/stm32l4xx_hal_dfsdm.o
                0x08003820                HAL_DFSDM_FilterRegularStart_DMA
 .text.HAL_DFSDM_FilterRegularStop_DMA
                0x08003924       0x40 ./Drivers/STM32L4xx_HAL_Driver/Src/stm32l4xx_hal_dfsdm.o
                0x08003924                HAL_DFSDM_FilterRegularStop_DMA
 .text.HAL_DFSDM_FilterRegConvHalfCpltCallback
                0x08003964       0x14 ./Drivers/STM32L4xx_HAL_Driver/Src/stm32l4xx_hal_dfsdm.o
                0x08003964                HAL_DFSDM_FilterRegConvHalfCpltCallback
 .text.HAL_DFSDM_FilterErrorCallback
                0x08003978       0x14 ./Drivers/STM32L4xx_HAL_Driver/Src/stm32l4xx_hal_dfsdm.o
                0x08003978                HAL_DFSDM_FilterErrorCallback
 .text.DFSDM_DMARegularHalfConvCplt
                0x0800398c       0x1c ./Drivers/STM32L4xx_HAL_Driver/Src/stm32l4xx_hal_dfsdm.o
 .text.DFSDM_DMARegularConvCplt
                0x080039a8       0x1c ./Drivers/STM32L4xx_HAL_Driver/Src/stm32l4xx_hal_dfsdm.o
 .text.DFSDM_DMAError
                0x080039c4       0x22 ./Drivers/STM32L4xx_HAL_Driver/Src/stm32l4xx_hal_dfsdm.o
 *fill*         0x080039e6        0x2 
 .text.DFSDM_GetChannelFromInstance
                0x080039e8       0x98 ./Drivers/STM32L4xx_HAL_Driver/Src/stm32l4xx_hal_dfsdm.o
 .text.DFSDM_RegConvStart
                0x08003a80       0xac ./Drivers/STM32L4xx_HAL_Driver/Src/stm32l4xx_hal_dfsdm.o
 .text.DFSDM_RegConvStop
                0x08003b2c       0x9a ./Drivers/STM32L4xx_HAL_Driver/Src/stm32l4xx_hal_dfsdm.o
 *fill*         0x08003bc6        0x2 
 .text.HAL_DMA_Init
                0x08003bc8      0x150 ./Drivers/STM32L4xx_HAL_Driver/Src/stm32l4xx_hal_dma.o
                0x08003bc8                HAL_DMA_Init
 .text.HAL_DMA_Start_IT
                0x08003d18       0xf6 ./Drivers/STM32L4xx_HAL_Driver/Src/stm32l4xx_hal_dma.o
                0x08003d18                HAL_DMA_Start_IT
 .text.HAL_DMA_Abort
                0x08003e0e       0xb8 ./Drivers/STM32L4xx_HAL_Driver/Src/stm32l4xx_hal_dma.o
                0x08003e0e                HAL_DMA_Abort
 .text.HAL_DMA_IRQHandler
                0x08003ec6      0x15e ./Drivers/STM32L4xx_HAL_Driver/Src/stm32l4xx_hal_dma.o
                0x08003ec6                HAL_DMA_IRQHandler
 .text.DMA_SetConfig
                0x08004024       0x7c ./Drivers/STM32L4xx_HAL_Driver/Src/stm32l4xx_hal_dma.o
 .text.DMA_CalcDMAMUXChannelBaseAndMask
                0x080040a0       0x7c ./Drivers/STM32L4xx_HAL_Driver/Src/stm32l4xx_hal_dma.o
 .text.DMA_CalcDMAMUXRequestGenBaseAndMask
                0x0800411c       0x48 ./Drivers/STM32L4xx_HAL_Driver/Src/stm32l4xx_hal_dma.o
 .text.HAL_GPIO_Init
                0x08004164      0x324 ./Drivers/STM32L4xx_HAL_Driver/Src/stm32l4xx_hal_gpio.o
                0x08004164                HAL_GPIO_Init
 .text.HAL_GPIO_WritePin
                0x08004488       0x30 ./Drivers/STM32L4xx_HAL_Driver/Src/stm32l4xx_hal_gpio.o
                0x08004488                HAL_GPIO_WritePin
 .text.HAL_GPIO_EXTI_IRQHandler
                0x080044b8       0x30 ./Drivers/STM32L4xx_HAL_Driver/Src/stm32l4xx_hal_gpio.o
                0x080044b8                HAL_GPIO_EXTI_IRQHandler
 .text.HAL_I2C_Init
                0x080044e8      0x136 ./Drivers/STM32L4xx_HAL_Driver/Src/stm32l4xx_hal_i2c.o
                0x080044e8                HAL_I2C_Init
 .text.HAL_I2CEx_ConfigAnalogFilter
                0x0800461e       0x96 ./Drivers/STM32L4xx_HAL_Driver/Src/stm32l4xx_hal_i2c_ex.o
                0x0800461e                HAL_I2CEx_ConfigAnalogFilter
 .text.HAL_I2CEx_ConfigDigitalFilter
                0x080046b4       0x98 ./Drivers/STM32L4xx_HAL_Driver/Src/stm32l4xx_hal_i2c_ex.o
                0x080046b4                HAL_I2CEx_ConfigDigitalFilter
 .text.HAL_OSPI_Init
                0x0800474c      0x154 ./Drivers/STM32L4xx_HAL_Driver/Src/stm32l4xx_hal_ospi.o
                0x0800474c                HAL_OSPI_Init
 .text.HAL_OSPI_Command
                0x080048a0      0x102 ./Drivers/STM32L4xx_HAL_Driver/Src/stm32l4xx_hal_ospi.o
                0x080048a0                HAL_OSPI_Command
 .text.HAL_OSPI_Transmit
                0x080049a2       0xe6 ./Drivers/STM32L4xx_HAL_Driver/Src/stm32l4xx_hal_ospi.o
                0x080049a2                HAL_OSPI_Transmit
 .text.HAL_OSPI_Receive
                0x08004a88      0x146 ./Drivers/STM32L4xx_HAL_Driver/Src/stm32l4xx_hal_ospi.o
                0x08004a88                HAL_OSPI_Receive
 .text.HAL_OSPI_AutoPolling
                0x08004bce      0x10e ./Drivers/STM32L4xx_HAL_Driver/Src/stm32l4xx_hal_ospi.o
                0x08004bce                HAL_OSPI_AutoPolling
 .text.HAL_OSPI_SetTimeout
                0x08004cdc       0x1e ./Drivers/STM32L4xx_HAL_Driver/Src/stm32l4xx_hal_ospi.o
                0x08004cdc                HAL_OSPI_SetTimeout
 *fill*         0x08004cfa        0x2 
 .text.HAL_OSPIM_Config
                0x08004cfc      0x670 ./Drivers/STM32L4xx_HAL_Driver/Src/stm32l4xx_hal_ospi.o
                0x08004cfc                HAL_OSPIM_Config
 .text.OSPI_WaitFlagStateUntilTimeout
                0x0800536c       0x6e ./Drivers/STM32L4xx_HAL_Driver/Src/stm32l4xx_hal_ospi.o
 *fill*         0x080053da        0x2 
 .text.OSPI_ConfigCmd
                0x080053dc      0x2c4 ./Drivers/STM32L4xx_HAL_Driver/Src/stm32l4xx_hal_ospi.o
 .text.OSPIM_GetConfig
                0x080056a0      0x160 ./Drivers/STM32L4xx_HAL_Driver/Src/stm32l4xx_hal_ospi.o
 .text.HAL_PWREx_GetVoltageRange
                0x08005800       0x40 ./Drivers/STM32L4xx_HAL_Driver/Src/stm32l4xx_hal_pwr_ex.o
                0x08005800                HAL_PWREx_GetVoltageRange
 .text.HAL_PWREx_ControlVoltageScaling
                0x08005840      0x148 ./Drivers/STM32L4xx_HAL_Driver/Src/stm32l4xx_hal_pwr_ex.o
                0x08005840                HAL_PWREx_ControlVoltageScaling
 .text.HAL_RCC_OscConfig
                0x08005988      0x834 ./Drivers/STM32L4xx_HAL_Driver/Src/stm32l4xx_hal_rcc.o
                0x08005988                HAL_RCC_OscConfig
 .text.HAL_RCC_ClockConfig
                0x080061bc      0x274 ./Drivers/STM32L4xx_HAL_Driver/Src/stm32l4xx_hal_rcc.o
                0x080061bc                HAL_RCC_ClockConfig
 .text.HAL_RCC_GetSysClockFreq
                0x08006430      0x118 ./Drivers/STM32L4xx_HAL_Driver/Src/stm32l4xx_hal_rcc.o
                0x08006430                HAL_RCC_GetSysClockFreq
 .text.HAL_RCC_GetHCLKFreq
                0x08006548       0x18 ./Drivers/STM32L4xx_HAL_Driver/Src/stm32l4xx_hal_rcc.o
                0x08006548                HAL_RCC_GetHCLKFreq
 .text.HAL_RCC_GetPCLK1Freq
                0x08006560       0x2c ./Drivers/STM32L4xx_HAL_Driver/Src/stm32l4xx_hal_rcc.o
                0x08006560                HAL_RCC_GetPCLK1Freq
 .text.HAL_RCC_GetPCLK2Freq
                0x0800658c       0x2c ./Drivers/STM32L4xx_HAL_Driver/Src/stm32l4xx_hal_rcc.o
                0x0800658c                HAL_RCC_GetPCLK2Freq
 .text.HAL_RCC_GetClockConfig
                0x080065b8       0x64 ./Drivers/STM32L4xx_HAL_Driver/Src/stm32l4xx_hal_rcc.o
                0x080065b8                HAL_RCC_GetClockConfig
 .text.RCC_SetFlashLatencyFromMSIRange
                0x0800661c       0xb4 ./Drivers/STM32L4xx_HAL_Driver/Src/stm32l4xx_hal_rcc.o
 .text.RCC_GetSysClockFreqFromPLLSource
                0x080066d0       0xcc ./Drivers/STM32L4xx_HAL_Driver/Src/stm32l4xx_hal_rcc.o
 .text.HAL_RCCEx_PeriphCLKConfig
                0x0800679c      0x660 ./Drivers/STM32L4xx_HAL_Driver/Src/stm32l4xx_hal_rcc_ex.o
                0x0800679c                HAL_RCCEx_PeriphCLKConfig
 .text.RCCEx_PLLSAI1_Config
                0x08006dfc      0x1e8 ./Drivers/STM32L4xx_HAL_Driver/Src/stm32l4xx_hal_rcc_ex.o
 .text.RCCEx_PLLSAI2_Config
                0x08006fe4      0x1e8 ./Drivers/STM32L4xx_HAL_Driver/Src/stm32l4xx_hal_rcc_ex.o
 .text.HAL_TIM_Base_Init
                0x080071cc       0xae ./Drivers/STM32L4xx_HAL_Driver/Src/stm32l4xx_hal_tim.o
                0x080071cc                HAL_TIM_Base_Init
 *fill*         0x0800727a        0x2 
 .text.HAL_TIM_Base_Start
                0x0800727c       0xd0 ./Drivers/STM32L4xx_HAL_Driver/Src/stm32l4xx_hal_tim.o
                0x0800727c                HAL_TIM_Base_Start
 .text.HAL_TIM_Base_Stop
                0x0800734c       0x4e ./Drivers/STM32L4xx_HAL_Driver/Src/stm32l4xx_hal_tim.o
                0x0800734c                HAL_TIM_Base_Stop
 *fill*         0x0800739a        0x2 
 .text.HAL_TIM_Base_Start_IT
                0x0800739c       0xe0 ./Drivers/STM32L4xx_HAL_Driver/Src/stm32l4xx_hal_tim.o
                0x0800739c                HAL_TIM_Base_Start_IT
 .text.HAL_TIM_IRQHandler
                0x0800747c      0x20e ./Drivers/STM32L4xx_HAL_Driver/Src/stm32l4xx_hal_tim.o
                0x0800747c                HAL_TIM_IRQHandler
 .text.HAL_TIM_ConfigClockSource
                0x0800768a      0x192 ./Drivers/STM32L4xx_HAL_Driver/Src/stm32l4xx_hal_tim.o
                0x0800768a                HAL_TIM_ConfigClockSource
 .text.HAL_TIM_OC_DelayElapsedCallback
                0x0800781c       0x14 ./Drivers/STM32L4xx_HAL_Driver/Src/stm32l4xx_hal_tim.o
                0x0800781c                HAL_TIM_OC_DelayElapsedCallback
 .text.HAL_TIM_IC_CaptureCallback
                0x08007830       0x14 ./Drivers/STM32L4xx_HAL_Driver/Src/stm32l4xx_hal_tim.o
                0x08007830                HAL_TIM_IC_CaptureCallback
 .text.HAL_TIM_PWM_PulseFinishedCallback
                0x08007844       0x14 ./Drivers/STM32L4xx_HAL_Driver/Src/stm32l4xx_hal_tim.o
                0x08007844                HAL_TIM_PWM_PulseFinishedCallback
 .text.HAL_TIM_TriggerCallback
                0x08007858       0x14 ./Drivers/STM32L4xx_HAL_Driver/Src/stm32l4xx_hal_tim.o
                0x08007858                HAL_TIM_TriggerCallback
 .text.TIM_Base_SetConfig
                0x0800786c      0x14c ./Drivers/STM32L4xx_HAL_Driver/Src/stm32l4xx_hal_tim.o
                0x0800786c                TIM_Base_SetConfig
 .text.TIM_TI1_ConfigInputStage
                0x080079b8       0x5e ./Drivers/STM32L4xx_HAL_Driver/Src/stm32l4xx_hal_tim.o
 .text.TIM_TI2_ConfigInputStage
                0x08007a16       0x60 ./Drivers/STM32L4xx_HAL_Driver/Src/stm32l4xx_hal_tim.o
 .text.TIM_ITRx_SetConfig
                0x08007a76       0x36 ./Drivers/STM32L4xx_HAL_Driver/Src/stm32l4xx_hal_tim.o
 .text.TIM_ETR_SetConfig
                0x08007aac       0x40 ./Drivers/STM32L4xx_HAL_Driver/Src/stm32l4xx_hal_tim.o
                0x08007aac                TIM_ETR_SetConfig
 .text.HAL_TIMEx_MasterConfigSynchronization
                0x08007aec      0x110 ./Drivers/STM32L4xx_HAL_Driver/Src/stm32l4xx_hal_tim_ex.o
                0x08007aec                HAL_TIMEx_MasterConfigSynchronization
 .text.HAL_TIMEx_CommutCallback
                0x08007bfc       0x14 ./Drivers/STM32L4xx_HAL_Driver/Src/stm32l4xx_hal_tim_ex.o
                0x08007bfc                HAL_TIMEx_CommutCallback
 .text.HAL_TIMEx_BreakCallback
                0x08007c10       0x14 ./Drivers/STM32L4xx_HAL_Driver/Src/stm32l4xx_hal_tim_ex.o
                0x08007c10                HAL_TIMEx_BreakCallback
 .text.HAL_TIMEx_Break2Callback
                0x08007c24       0x14 ./Drivers/STM32L4xx_HAL_Driver/Src/stm32l4xx_hal_tim_ex.o
                0x08007c24                HAL_TIMEx_Break2Callback
 .text.HAL_UART_Init
                0x08007c38       0xa0 ./Drivers/STM32L4xx_HAL_Driver/Src/stm32l4xx_hal_uart.o
                0x08007c38                HAL_UART_Init
 .text.HAL_UART_Transmit
                0x08007cd8      0x11c ./Drivers/STM32L4xx_HAL_Driver/Src/stm32l4xx_hal_uart.o
                0x08007cd8                HAL_UART_Transmit
 .text.UART_SetConfig
                0x08007df4      0x5f8 ./Drivers/STM32L4xx_HAL_Driver/Src/stm32l4xx_hal_uart.o
                0x08007df4                UART_SetConfig
 .text.UART_AdvFeatureConfig
                0x080083ec      0x144 ./Drivers/STM32L4xx_HAL_Driver/Src/stm32l4xx_hal_uart.o
                0x080083ec                UART_AdvFeatureConfig
 .text.UART_CheckIdleState
                0x08008530      0x154 ./Drivers/STM32L4xx_HAL_Driver/Src/stm32l4xx_hal_uart.o
                0x08008530                UART_CheckIdleState
 .text.UART_WaitOnFlagUntilTimeout
                0x08008684       0xda ./Drivers/STM32L4xx_HAL_Driver/Src/stm32l4xx_hal_uart.o
                0x08008684                UART_WaitOnFlagUntilTimeout
 .text.UART_EndRxTransfer
                0x0800875e       0xcc ./Drivers/STM32L4xx_HAL_Driver/Src/stm32l4xx_hal_uart.o
 .text.HAL_UARTEx_DisableFifoMode
                0x0800882a       0x72 ./Drivers/STM32L4xx_HAL_Driver/Src/stm32l4xx_hal_uart_ex.o
                0x0800882a                HAL_UARTEx_DisableFifoMode
 .text.HAL_UARTEx_SetTxFifoThreshold
                0x0800889c       0x7c ./Drivers/STM32L4xx_HAL_Driver/Src/stm32l4xx_hal_uart_ex.o
                0x0800889c                HAL_UARTEx_SetTxFifoThreshold
 .text.HAL_UARTEx_SetRxFifoThreshold
                0x08008918       0x7c ./Drivers/STM32L4xx_HAL_Driver/Src/stm32l4xx_hal_uart_ex.o
                0x08008918                HAL_UARTEx_SetRxFifoThreshold
 .text.UARTEx_SetNbDataToProcess
                0x08008994       0x9c ./Drivers/STM32L4xx_HAL_Driver/Src/stm32l4xx_hal_uart_ex.o
 .text.makeFreeRtosPriority
                0x08008a30       0x30 ./Middlewares/Third_Party/FreeRTOS/Source/CMSIS_RTOS/cmsis_os.o
 .text.osKernelStart
                0x08008a60        0xe ./Middlewares/Third_Party/FreeRTOS/Source/CMSIS_RTOS/cmsis_os.o
                0x08008a60                osKernelStart
 .text.osThreadCreate
                0x08008a6e       0x98 ./Middlewares/Third_Party/FreeRTOS/Source/CMSIS_RTOS/cmsis_os.o
                0x08008a6e                osThreadCreate
 .text.osDelay  0x08008b06       0x28 ./Middlewares/Third_Party/FreeRTOS/Source/CMSIS_RTOS/cmsis_os.o
                0x08008b06                osDelay
 .text.osSemaphoreCreate
                0x08008b2e       0x64 ./Middlewares/Third_Party/FreeRTOS/Source/CMSIS_RTOS/cmsis_os.o
                0x08008b2e                osSemaphoreCreate
 .text.osMessageCreate
                0x08008b92       0x50 ./Middlewares/Third_Party/FreeRTOS/Source/CMSIS_RTOS/cmsis_os.o
                0x08008b92                osMessageCreate
 .text.vListInitialise
                0x08008be2       0x40 ./Middlewares/Third_Party/FreeRTOS/Source/list.o
                0x08008be2                vListInitialise
 .text.vListInitialiseItem
                0x08008c22       0x1a ./Middlewares/Third_Party/FreeRTOS/Source/list.o
                0x08008c22                vListInitialiseItem
 .text.vListInsertEnd
                0x08008c3c       0x48 ./Middlewares/Third_Party/FreeRTOS/Source/list.o
                0x08008c3c                vListInsertEnd
 .text.vListInsert
                0x08008c84       0x72 ./Middlewares/Third_Party/FreeRTOS/Source/list.o
                0x08008c84                vListInsert
 .text.uxListRemove
                0x08008cf6       0x54 ./Middlewares/Third_Party/FreeRTOS/Source/list.o
                0x08008cf6                uxListRemove
 *fill*         0x08008d4a        0x2 
 .text.xQueueGenericReset
                0x08008d4c       0xd4 ./Middlewares/Third_Party/FreeRTOS/Source/queue.o
                0x08008d4c                xQueueGenericReset
 .text.xQueueGenericCreateStatic
                0x08008e20       0xfa ./Middlewares/Third_Party/FreeRTOS/Source/queue.o
                0x08008e20                xQueueGenericCreateStatic
 .text.xQueueGenericCreate
                0x08008f1a       0x76 ./Middlewares/Third_Party/FreeRTOS/Source/queue.o
                0x08008f1a                xQueueGenericCreate
 .text.prvInitialiseNewQueue
                0x08008f90       0x3e ./Middlewares/Third_Party/FreeRTOS/Source/queue.o
 *fill*         0x08008fce        0x2 
 .text.xQueueGenericSend
                0x08008fd0      0x204 ./Middlewares/Third_Party/FreeRTOS/Source/queue.o
                0x08008fd0                xQueueGenericSend
 .text.xQueueGiveFromISR
                0x080091d4      0x120 ./Middlewares/Third_Party/FreeRTOS/Source/queue.o
                0x080091d4                xQueueGiveFromISR
 .text.xQueueReceive
                0x080092f4      0x1c4 ./Middlewares/Third_Party/FreeRTOS/Source/queue.o
                0x080092f4                xQueueReceive
 .text.xQueueSemaphoreTake
                0x080094b8      0x220 ./Middlewares/Third_Party/FreeRTOS/Source/queue.o
                0x080094b8                xQueueSemaphoreTake
 .text.prvGetDisinheritPriorityAfterTimeout
                0x080096d8       0x30 ./Middlewares/Third_Party/FreeRTOS/Source/queue.o
 .text.prvCopyDataToQueue
                0x08009708       0xd4 ./Middlewares/Third_Party/FreeRTOS/Source/queue.o
 .text.prvCopyDataFromQueue
                0x080097dc       0x4c ./Middlewares/Third_Party/FreeRTOS/Source/queue.o
 .text.prvUnlockQueue
                0x08009828       0xa4 ./Middlewares/Third_Party/FreeRTOS/Source/queue.o
 .text.prvIsQueueEmpty
                0x080098cc       0x2c ./Middlewares/Third_Party/FreeRTOS/Source/queue.o
 .text.prvIsQueueFull
                0x080098f8       0x30 ./Middlewares/Third_Party/FreeRTOS/Source/queue.o
 .text.xTaskCreateStatic
                0x08009928       0xc0 ./Middlewares/Third_Party/FreeRTOS/Source/tasks.o
                0x08009928                xTaskCreateStatic
 .text.xTaskCreate
                0x080099e8       0x8a ./Middlewares/Third_Party/FreeRTOS/Source/tasks.o
                0x080099e8                xTaskCreate
 .text.prvInitialiseNewTask
                0x08009a72      0x110 ./Middlewares/Third_Party/FreeRTOS/Source/tasks.o
 *fill*         0x08009b82        0x2 
 .text.prvAddNewTaskToReadyList
                0x08009b84       0xd4 ./Middlewares/Third_Party/FreeRTOS/Source/tasks.o
 .text.vTaskDelay
                0x08009c58       0x6c ./Middlewares/Third_Party/FreeRTOS/Source/tasks.o
                0x08009c58                vTaskDelay
 .text.vTaskStartScheduler
                0x08009cc4       0xc4 ./Middlewares/Third_Party/FreeRTOS/Source/tasks.o
                0x08009cc4                vTaskStartScheduler
 .text.vTaskSuspendAll
                0x08009d88       0x1c ./Middlewares/Third_Party/FreeRTOS/Source/tasks.o
                0x08009d88                vTaskSuspendAll
 .text.xTaskResumeAll
                0x08009da4      0x13c ./Middlewares/Third_Party/FreeRTOS/Source/tasks.o
                0x08009da4                xTaskResumeAll
 .text.xTaskIncrementTick
                0x08009ee0      0x174 ./Middlewares/Third_Party/FreeRTOS/Source/tasks.o
                0x08009ee0                xTaskIncrementTick
 .text.vTaskSwitchContext
                0x0800a054       0xb8 ./Middlewares/Third_Party/FreeRTOS/Source/tasks.o
                0x0800a054                vTaskSwitchContext
 .text.vTaskPlaceOnEventList
                0x0800a10c       0x4c ./Middlewares/Third_Party/FreeRTOS/Source/tasks.o
                0x0800a10c                vTaskPlaceOnEventList
 .text.xTaskRemoveFromEventList
                0x0800a158       0xc8 ./Middlewares/Third_Party/FreeRTOS/Source/tasks.o
                0x0800a158                xTaskRemoveFromEventList
 .text.vTaskInternalSetTimeOutState
                0x0800a220       0x2c ./Middlewares/Third_Party/FreeRTOS/Source/tasks.o
                0x0800a220                vTaskInternalSetTimeOutState
 .text.xTaskCheckForTimeOut
                0x0800a24c       0xc8 ./Middlewares/Third_Party/FreeRTOS/Source/tasks.o
                0x0800a24c                xTaskCheckForTimeOut
 .text.vTaskMissedYield
                0x0800a314       0x18 ./Middlewares/Third_Party/FreeRTOS/Source/tasks.o
                0x0800a314                vTaskMissedYield
 .text.prvIdleTask
                0x0800a32c       0x30 ./Middlewares/Third_Party/FreeRTOS/Source/tasks.o
 .text.prvInitialiseTaskLists
                0x0800a35c       0x80 ./Middlewares/Third_Party/FreeRTOS/Source/tasks.o
 .text.prvCheckTasksWaitingTermination
                0x0800a3dc       0x5c ./Middlewares/Third_Party/FreeRTOS/Source/tasks.o
 .text.prvDeleteTCB
                0x0800a438       0x60 ./Middlewares/Third_Party/FreeRTOS/Source/tasks.o
 .text.prvResetNextTaskUnblockTime
                0x0800a498       0x40 ./Middlewares/Third_Party/FreeRTOS/Source/tasks.o
 .text.xTaskGetSchedulerState
                0x0800a4d8       0x3c ./Middlewares/Third_Party/FreeRTOS/Source/tasks.o
                0x0800a4d8                xTaskGetSchedulerState
 .text.xTaskPriorityInherit
                0x0800a514       0xec ./Middlewares/Third_Party/FreeRTOS/Source/tasks.o
                0x0800a514                xTaskPriorityInherit
 .text.xTaskPriorityDisinherit
                0x0800a600      0x110 ./Middlewares/Third_Party/FreeRTOS/Source/tasks.o
                0x0800a600                xTaskPriorityDisinherit
 .text.vTaskPriorityDisinheritAfterTimeout
                0x0800a710      0x120 ./Middlewares/Third_Party/FreeRTOS/Source/tasks.o
                0x0800a710                vTaskPriorityDisinheritAfterTimeout
 .text.pvTaskIncrementMutexHeldCount
                0x0800a830       0x28 ./Middlewares/Third_Party/FreeRTOS/Source/tasks.o
                0x0800a830                pvTaskIncrementMutexHeldCount
 .text.prvAddCurrentTaskToDelayedList
                0x0800a858       0xcc ./Middlewares/Third_Party/FreeRTOS/Source/tasks.o
 .text.pxPortInitialiseStack
                0x0800a924       0x68 ./Middlewares/Third_Party/FreeRTOS/Source/portable/GCC/ARM_CM4F/port.o
                0x0800a924                pxPortInitialiseStack
 .text.prvTaskExitError
                0x0800a98c       0x5c ./Middlewares/Third_Party/FreeRTOS/Source/portable/GCC/ARM_CM4F/port.o
 *fill*         0x0800a9e8        0x8 
 .text.SVC_Handler
                0x0800a9f0       0x28 ./Middlewares/Third_Party/FreeRTOS/Source/portable/GCC/ARM_CM4F/port.o
                0x0800a9f0                SVC_Handler
 .text.prvPortStartFirstTask
                0x0800aa18       0x28 ./Middlewares/Third_Party/FreeRTOS/Source/portable/GCC/ARM_CM4F/port.o
 .text.xPortStartScheduler
                0x0800aa40      0x148 ./Middlewares/Third_Party/FreeRTOS/Source/portable/GCC/ARM_CM4F/port.o
                0x0800aa40                xPortStartScheduler
 .text.vPortEnterCritical
                0x0800ab88       0x64 ./Middlewares/Third_Party/FreeRTOS/Source/portable/GCC/ARM_CM4F/port.o
                0x0800ab88                vPortEnterCritical
 .text.vPortExitCritical
                0x0800abec       0x54 ./Middlewares/Third_Party/FreeRTOS/Source/portable/GCC/ARM_CM4F/port.o
                0x0800abec                vPortExitCritical
 .text.PendSV_Handler
                0x0800ac40       0x68 ./Middlewares/Third_Party/FreeRTOS/Source/portable/GCC/ARM_CM4F/port.o
                0x0800ac40                PendSV_Handler
 .text.SysTick_Handler
                0x0800aca8       0x44 ./Middlewares/Third_Party/FreeRTOS/Source/portable/GCC/ARM_CM4F/port.o
                0x0800aca8                SysTick_Handler
 .text.vPortSetupTimerInterrupt
                0x0800acec       0x48 ./Middlewares/Third_Party/FreeRTOS/Source/portable/GCC/ARM_CM4F/port.o
                0x0800acec                vPortSetupTimerInterrupt
 .text.vPortEnableVFP
                0x0800ad34       0x14 ./Middlewares/Third_Party/FreeRTOS/Source/portable/GCC/ARM_CM4F/port.o
 .text.vPortValidateInterruptPriority
                0x0800ad48       0x84 ./Middlewares/Third_Party/FreeRTOS/Source/portable/GCC/ARM_CM4F/port.o
                0x0800ad48                vPortValidateInterruptPriority
 .text.pvPortMalloc
                0x0800adcc      0x19c ./Middlewares/Third_Party/FreeRTOS/Source/portable/MemMang/heap_4.o
                0x0800adcc                pvPortMalloc
 .text.vPortFree
                0x0800af68       0xc8 ./Middlewares/Third_Party/FreeRTOS/Source/portable/MemMang/heap_4.o
                0x0800af68                vPortFree
 .text.prvHeapInit
                0x0800b030       0xc4 ./Middlewares/Third_Party/FreeRTOS/Source/portable/MemMang/heap_4.o
 .text.prvInsertBlockIntoFreeList
                0x0800b0f4       0xb4 ./Middlewares/Third_Party/FreeRTOS/Source/portable/MemMang/heap_4.o
 .text.arm_sin_f32
                0x0800b1a8       0x8c ../Core/Lib\libarm_cortexM4lf_math.a(arm_sin_f32.o)
                0x0800b1a8                arm_sin_f32
 .text.srand    0x0800b234       0x5c C:/ST/STM32CubeIDE_1.19.0/STM32CubeIDE/plugins/com.st.stm32cube.ide.mcu.externaltools.gnu-tools-for-stm32.13.3.rel1.win32_1.0.0.202411081344/tools/bin/../lib/gcc/arm-none-eabi/13.3.1/../../../../arm-none-eabi/lib/thumb/v7e-m+fp/hard\libc_nano.a(libc_a-rand.o)
                0x0800b234                srand
 .text.rand     0x0800b290       0x7c C:/ST/STM32CubeIDE_1.19.0/STM32CubeIDE/plugins/com.st.stm32cube.ide.mcu.externaltools.gnu-tools-for-stm32.13.3.rel1.win32_1.0.0.202411081344/tools/bin/../lib/gcc/arm-none-eabi/13.3.1/../../../../arm-none-eabi/lib/thumb/v7e-m+fp/hard\libc_nano.a(libc_a-rand.o)
                0x0800b290                rand
 .text.std      0x0800b30c       0x6c C:/ST/STM32CubeIDE_1.19.0/STM32CubeIDE/plugins/com.st.stm32cube.ide.mcu.externaltools.gnu-tools-for-stm32.13.3.rel1.win32_1.0.0.202411081344/tools/bin/../lib/gcc/arm-none-eabi/13.3.1/../../../../arm-none-eabi/lib/thumb/v7e-m+fp/hard\libc_nano.a(libc_a-findfp.o)
 .text.stdio_exit_handler
                0x0800b378       0x18 C:/ST/STM32CubeIDE_1.19.0/STM32CubeIDE/plugins/com.st.stm32cube.ide.mcu.externaltools.gnu-tools-for-stm32.13.3.rel1.win32_1.0.0.202411081344/tools/bin/../lib/gcc/arm-none-eabi/13.3.1/../../../../arm-none-eabi/lib/thumb/v7e-m+fp/hard\libc_nano.a(libc_a-findfp.o)
 .text.cleanup_stdio
                0x0800b390       0x40 C:/ST/STM32CubeIDE_1.19.0/STM32CubeIDE/plugins/com.st.stm32cube.ide.mcu.externaltools.gnu-tools-for-stm32.13.3.rel1.win32_1.0.0.202411081344/tools/bin/../lib/gcc/arm-none-eabi/13.3.1/../../../../arm-none-eabi/lib/thumb/v7e-m+fp/hard\libc_nano.a(libc_a-findfp.o)
 .text.global_stdio_init.part.0
                0x0800b3d0       0x3c C:/ST/STM32CubeIDE_1.19.0/STM32CubeIDE/plugins/com.st.stm32cube.ide.mcu.externaltools.gnu-tools-for-stm32.13.3.rel1.win32_1.0.0.202411081344/tools/bin/../lib/gcc/arm-none-eabi/13.3.1/../../../../arm-none-eabi/lib/thumb/v7e-m+fp/hard\libc_nano.a(libc_a-findfp.o)
 .text.__sfp_lock_acquire
                0x0800b40c        0xc C:/ST/STM32CubeIDE_1.19.0/STM32CubeIDE/plugins/com.st.stm32cube.ide.mcu.externaltools.gnu-tools-for-stm32.13.3.rel1.win32_1.0.0.202411081344/tools/bin/../lib/gcc/arm-none-eabi/13.3.1/../../../../arm-none-eabi/lib/thumb/v7e-m+fp/hard\libc_nano.a(libc_a-findfp.o)
                0x0800b40c                __sfp_lock_acquire
 .text.__sfp_lock_release
                0x0800b418        0xc C:/ST/STM32CubeIDE_1.19.0/STM32CubeIDE/plugins/com.st.stm32cube.ide.mcu.externaltools.gnu-tools-for-stm32.13.3.rel1.win32_1.0.0.202411081344/tools/bin/../lib/gcc/arm-none-eabi/13.3.1/../../../../arm-none-eabi/lib/thumb/v7e-m+fp/hard\libc_nano.a(libc_a-findfp.o)
                0x0800b418                __sfp_lock_release
 .text.__sinit  0x0800b424       0x30 C:/ST/STM32CubeIDE_1.19.0/STM32CubeIDE/plugins/com.st.stm32cube.ide.mcu.externaltools.gnu-tools-for-stm32.13.3.rel1.win32_1.0.0.202411081344/tools/bin/../lib/gcc/arm-none-eabi/13.3.1/../../../../arm-none-eabi/lib/thumb/v7e-m+fp/hard\libc_nano.a(libc_a-findfp.o)
                0x0800b424                __sinit
 .text._fwalk_sglue
                0x0800b454       0x3c C:/ST/STM32CubeIDE_1.19.0/STM32CubeIDE/plugins/com.st.stm32cube.ide.mcu.externaltools.gnu-tools-for-stm32.13.3.rel1.win32_1.0.0.202411081344/tools/bin/../lib/gcc/arm-none-eabi/13.3.1/../../../../arm-none-eabi/lib/thumb/v7e-m+fp/hard\libc_nano.a(libc_a-fwalk.o)
                0x0800b454                _fwalk_sglue
 .text.snprintf
                0x0800b490       0x6c C:/ST/STM32CubeIDE_1.19.0/STM32CubeIDE/plugins/com.st.stm32cube.ide.mcu.externaltools.gnu-tools-for-stm32.13.3.rel1.win32_1.0.0.202411081344/tools/bin/../lib/gcc/arm-none-eabi/13.3.1/../../../../arm-none-eabi/lib/thumb/v7e-m+fp/hard\libc_nano.a(libc_a-snprintf.o)
                0x0800b490                sniprintf
                0x0800b490                snprintf
 .text.sprintf  0x0800b4fc       0x44 C:/ST/STM32CubeIDE_1.19.0/STM32CubeIDE/plugins/com.st.stm32cube.ide.mcu.externaltools.gnu-tools-for-stm32.13.3.rel1.win32_1.0.0.202411081344/tools/bin/../lib/gcc/arm-none-eabi/13.3.1/../../../../arm-none-eabi/lib/thumb/v7e-m+fp/hard\libc_nano.a(libc_a-sprintf.o)
                0x0800b4fc                siprintf
                0x0800b4fc                sprintf
 .text.__sread  0x0800b540       0x22 C:/ST/STM32CubeIDE_1.19.0/STM32CubeIDE/plugins/com.st.stm32cube.ide.mcu.externaltools.gnu-tools-for-stm32.13.3.rel1.win32_1.0.0.202411081344/tools/bin/../lib/gcc/arm-none-eabi/13.3.1/../../../../arm-none-eabi/lib/thumb/v7e-m+fp/hard\libc_nano.a(libc_a-stdio.o)
                0x0800b540                __sread
 .text.__swrite
                0x0800b562       0x38 C:/ST/STM32CubeIDE_1.19.0/STM32CubeIDE/plugins/com.st.stm32cube.ide.mcu.externaltools.gnu-tools-for-stm32.13.3.rel1.win32_1.0.0.202411081344/tools/bin/../lib/gcc/arm-none-eabi/13.3.1/../../../../arm-none-eabi/lib/thumb/v7e-m+fp/hard\libc_nano.a(libc_a-stdio.o)
                0x0800b562                __swrite
 .text.__sseek  0x0800b59a       0x24 C:/ST/STM32CubeIDE_1.19.0/STM32CubeIDE/plugins/com.st.stm32cube.ide.mcu.externaltools.gnu-tools-for-stm32.13.3.rel1.win32_1.0.0.202411081344/tools/bin/../lib/gcc/arm-none-eabi/13.3.1/../../../../arm-none-eabi/lib/thumb/v7e-m+fp/hard\libc_nano.a(libc_a-stdio.o)
                0x0800b59a                __sseek
 .text.__sclose
                0x0800b5be        0x8 C:/ST/STM32CubeIDE_1.19.0/STM32CubeIDE/plugins/com.st.stm32cube.ide.mcu.externaltools.gnu-tools-for-stm32.13.3.rel1.win32_1.0.0.202411081344/tools/bin/../lib/gcc/arm-none-eabi/13.3.1/../../../../arm-none-eabi/lib/thumb/v7e-m+fp/hard\libc_nano.a(libc_a-stdio.o)
                0x0800b5be                __sclose
 .text.memset   0x0800b5c6       0x10 C:/ST/STM32CubeIDE_1.19.0/STM32CubeIDE/plugins/com.st.stm32cube.ide.mcu.externaltools.gnu-tools-for-stm32.13.3.rel1.win32_1.0.0.202411081344/tools/bin/../lib/gcc/arm-none-eabi/13.3.1/../../../../arm-none-eabi/lib/thumb/v7e-m+fp/hard\libc_nano.a(libc_a-memset.o)
                0x0800b5c6                memset
 *fill*         0x0800b5d6        0x2 
 .text._close_r
                0x0800b5d8       0x20 C:/ST/STM32CubeIDE_1.19.0/STM32CubeIDE/plugins/com.st.stm32cube.ide.mcu.externaltools.gnu-tools-for-stm32.13.3.rel1.win32_1.0.0.202411081344/tools/bin/../lib/gcc/arm-none-eabi/13.3.1/../../../../arm-none-eabi/lib/thumb/v7e-m+fp/hard\libc_nano.a(libc_a-closer.o)
                0x0800b5d8                _close_r
 .text._lseek_r
                0x0800b5f8       0x24 C:/ST/STM32CubeIDE_1.19.0/STM32CubeIDE/plugins/com.st.stm32cube.ide.mcu.externaltools.gnu-tools-for-stm32.13.3.rel1.win32_1.0.0.202411081344/tools/bin/../lib/gcc/arm-none-eabi/13.3.1/../../../../arm-none-eabi/lib/thumb/v7e-m+fp/hard\libc_nano.a(libc_a-lseekr.o)
                0x0800b5f8                _lseek_r
 .text._read_r  0x0800b61c       0x24 C:/ST/STM32CubeIDE_1.19.0/STM32CubeIDE/plugins/com.st.stm32cube.ide.mcu.externaltools.gnu-tools-for-stm32.13.3.rel1.win32_1.0.0.202411081344/tools/bin/../lib/gcc/arm-none-eabi/13.3.1/../../../../arm-none-eabi/lib/thumb/v7e-m+fp/hard\libc_nano.a(libc_a-readr.o)
                0x0800b61c                _read_r
 .text._write_r
                0x0800b640       0x24 C:/ST/STM32CubeIDE_1.19.0/STM32CubeIDE/plugins/com.st.stm32cube.ide.mcu.externaltools.gnu-tools-for-stm32.13.3.rel1.win32_1.0.0.202411081344/tools/bin/../lib/gcc/arm-none-eabi/13.3.1/../../../../arm-none-eabi/lib/thumb/v7e-m+fp/hard\libc_nano.a(libc_a-writer.o)
                0x0800b640                _write_r
 .text.__errno  0x0800b664        0xc C:/ST/STM32CubeIDE_1.19.0/STM32CubeIDE/plugins/com.st.stm32cube.ide.mcu.externaltools.gnu-tools-for-stm32.13.3.rel1.win32_1.0.0.202411081344/tools/bin/../lib/gcc/arm-none-eabi/13.3.1/../../../../arm-none-eabi/lib/thumb/v7e-m+fp/hard\libc_nano.a(libc_a-errno.o)
                0x0800b664                __errno
 .text.__libc_init_array
                0x0800b670       0x48 C:/ST/STM32CubeIDE_1.19.0/STM32CubeIDE/plugins/com.st.stm32cube.ide.mcu.externaltools.gnu-tools-for-stm32.13.3.rel1.win32_1.0.0.202411081344/tools/bin/../lib/gcc/arm-none-eabi/13.3.1/../../../../arm-none-eabi/lib/thumb/v7e-m+fp/hard\libc_nano.a(libc_a-init.o)
                0x0800b670                __libc_init_array
 .text.__retarget_lock_init_recursive
                0x0800b6b8        0x2 C:/ST/STM32CubeIDE_1.19.0/STM32CubeIDE/plugins/com.st.stm32cube.ide.mcu.externaltools.gnu-tools-for-stm32.13.3.rel1.win32_1.0.0.202411081344/tools/bin/../lib/gcc/arm-none-eabi/13.3.1/../../../../arm-none-eabi/lib/thumb/v7e-m+fp/hard\libc_nano.a(libc_a-lock.o)
                0x0800b6b8                __retarget_lock_init_recursive
 .text.__retarget_lock_acquire_recursive
                0x0800b6ba        0x2 C:/ST/STM32CubeIDE_1.19.0/STM32CubeIDE/plugins/com.st.stm32cube.ide.mcu.externaltools.gnu-tools-for-stm32.13.3.rel1.win32_1.0.0.202411081344/tools/bin/../lib/gcc/arm-none-eabi/13.3.1/../../../../arm-none-eabi/lib/thumb/v7e-m+fp/hard\libc_nano.a(libc_a-lock.o)
                0x0800b6ba                __retarget_lock_acquire_recursive
 .text.__retarget_lock_release_recursive
                0x0800b6bc        0x2 C:/ST/STM32CubeIDE_1.19.0/STM32CubeIDE/plugins/com.st.stm32cube.ide.mcu.externaltools.gnu-tools-for-stm32.13.3.rel1.win32_1.0.0.202411081344/tools/bin/../lib/gcc/arm-none-eabi/13.3.1/../../../../arm-none-eabi/lib/thumb/v7e-m+fp/hard\libc_nano.a(libc_a-lock.o)
                0x0800b6bc                __retarget_lock_release_recursive
 .text.memcpy   0x0800b6be       0x1c C:/ST/STM32CubeIDE_1.19.0/STM32CubeIDE/plugins/com.st.stm32cube.ide.mcu.externaltools.gnu-tools-for-stm32.13.3.rel1.win32_1.0.0.202411081344/tools/bin/../lib/gcc/arm-none-eabi/13.3.1/../../../../arm-none-eabi/lib/thumb/v7e-m+fp/hard\libc_nano.a(libc_a-memcpy-stub.o)
                0x0800b6be                memcpy
 *fill*         0x0800b6da        0x2 
 .text.__assert_func
                0x0800b6dc       0x3c C:/ST/STM32CubeIDE_1.19.0/STM32CubeIDE/plugins/com.st.stm32cube.ide.mcu.externaltools.gnu-tools-for-stm32.13.3.rel1.win32_1.0.0.202411081344/tools/bin/../lib/gcc/arm-none-eabi/13.3.1/../../../../arm-none-eabi/lib/thumb/v7e-m+fp/hard\libc_nano.a(libc_a-assert.o)
                0x0800b6dc                __assert_func
 .text._free_r  0x0800b718       0x94 C:/ST/STM32CubeIDE_1.19.0/STM32CubeIDE/plugins/com.st.stm32cube.ide.mcu.externaltools.gnu-tools-for-stm32.13.3.rel1.win32_1.0.0.202411081344/tools/bin/../lib/gcc/arm-none-eabi/13.3.1/../../../../arm-none-eabi/lib/thumb/v7e-m+fp/hard\libc_nano.a(libc_a-freer.o)
                0x0800b718                _free_r
 .text.malloc   0x0800b7ac       0x10 C:/ST/STM32CubeIDE_1.19.0/STM32CubeIDE/plugins/com.st.stm32cube.ide.mcu.externaltools.gnu-tools-for-stm32.13.3.rel1.win32_1.0.0.202411081344/tools/bin/../lib/gcc/arm-none-eabi/13.3.1/../../../../arm-none-eabi/lib/thumb/v7e-m+fp/hard\libc_nano.a(libc_a-malloc.o)
                0x0800b7ac                malloc
 .text.sbrk_aligned
                0x0800b7bc       0x44 C:/ST/STM32CubeIDE_1.19.0/STM32CubeIDE/plugins/com.st.stm32cube.ide.mcu.externaltools.gnu-tools-for-stm32.13.3.rel1.win32_1.0.0.202411081344/tools/bin/../lib/gcc/arm-none-eabi/13.3.1/../../../../arm-none-eabi/lib/thumb/v7e-m+fp/hard\libc_nano.a(libc_a-mallocr.o)
 .text._malloc_r
                0x0800b800      0x100 C:/ST/STM32CubeIDE_1.19.0/STM32CubeIDE/plugins/com.st.stm32cube.ide.mcu.externaltools.gnu-tools-for-stm32.13.3.rel1.win32_1.0.0.202411081344/tools/bin/../lib/gcc/arm-none-eabi/13.3.1/../../../../arm-none-eabi/lib/thumb/v7e-m+fp/hard\libc_nano.a(libc_a-mallocr.o)
                0x0800b800                _malloc_r
 .text.__malloc_lock
                0x0800b900        0xc C:/ST/STM32CubeIDE_1.19.0/STM32CubeIDE/plugins/com.st.stm32cube.ide.mcu.externaltools.gnu-tools-for-stm32.13.3.rel1.win32_1.0.0.202411081344/tools/bin/../lib/gcc/arm-none-eabi/13.3.1/../../../../arm-none-eabi/lib/thumb/v7e-m+fp/hard\libc_nano.a(libc_a-mlock.o)
                0x0800b900                __malloc_lock
 .text.__malloc_unlock
                0x0800b90c        0xc C:/ST/STM32CubeIDE_1.19.0/STM32CubeIDE/plugins/com.st.stm32cube.ide.mcu.externaltools.gnu-tools-for-stm32.13.3.rel1.win32_1.0.0.202411081344/tools/bin/../lib/gcc/arm-none-eabi/13.3.1/../../../../arm-none-eabi/lib/thumb/v7e-m+fp/hard\libc_nano.a(libc_a-mlock.o)
                0x0800b90c                __malloc_unlock
 .text.__ssputs_r
                0x0800b918       0xb6 C:/ST/STM32CubeIDE_1.19.0/STM32CubeIDE/plugins/com.st.stm32cube.ide.mcu.externaltools.gnu-tools-for-stm32.13.3.rel1.win32_1.0.0.202411081344/tools/bin/../lib/gcc/arm-none-eabi/13.3.1/../../../../arm-none-eabi/lib/thumb/v7e-m+fp/hard\libc_nano.a(libc_a-nano-svfprintf.o)
                0x0800b918                __ssputs_r
 *fill*         0x0800b9ce        0x2 
 .text._svfprintf_r
                0x0800b9d0      0x1f8 C:/ST/STM32CubeIDE_1.19.0/STM32CubeIDE/plugins/com.st.stm32cube.ide.mcu.externaltools.gnu-tools-for-stm32.13.3.rel1.win32_1.0.0.202411081344/tools/bin/../lib/gcc/arm-none-eabi/13.3.1/../../../../arm-none-eabi/lib/thumb/v7e-m+fp/hard\libc_nano.a(libc_a-nano-svfprintf.o)
                0x0800b9d0                _svfiprintf_r
                0x0800b9d0                _svfprintf_r
 .text._printf_common
                0x0800bbc8       0xda C:/ST/STM32CubeIDE_1.19.0/STM32CubeIDE/plugins/com.st.stm32cube.ide.mcu.externaltools.gnu-tools-for-stm32.13.3.rel1.win32_1.0.0.202411081344/tools/bin/../lib/gcc/arm-none-eabi/13.3.1/../../../../arm-none-eabi/lib/thumb/v7e-m+fp/hard\libc_nano.a(libc_a-nano-vfprintf_i.o)
                0x0800bbc8                _printf_common
 *fill*         0x0800bca2        0x2 
 .text._printf_i
                0x0800bca4      0x23c C:/ST/STM32CubeIDE_1.19.0/STM32CubeIDE/plugins/com.st.stm32cube.ide.mcu.externaltools.gnu-tools-for-stm32.13.3.rel1.win32_1.0.0.202411081344/tools/bin/../lib/gcc/arm-none-eabi/13.3.1/../../../../arm-none-eabi/lib/thumb/v7e-m+fp/hard\libc_nano.a(libc_a-nano-vfprintf_i.o)
                0x0800bca4                _printf_i
 .text.__sflush_r
                0x0800bee0      0x108 C:/ST/STM32CubeIDE_1.19.0/STM32CubeIDE/plugins/com.st.stm32cube.ide.mcu.externaltools.gnu-tools-for-stm32.13.3.rel1.win32_1.0.0.202411081344/tools/bin/../lib/gcc/arm-none-eabi/13.3.1/../../../../arm-none-eabi/lib/thumb/v7e-m+fp/hard\libc_nano.a(libc_a-fflush.o)
                0x0800bee0                __sflush_r
 .text._fflush_r
                0x0800bfe8       0x50 C:/ST/STM32CubeIDE_1.19.0/STM32CubeIDE/plugins/com.st.stm32cube.ide.mcu.externaltools.gnu-tools-for-stm32.13.3.rel1.win32_1.0.0.202411081344/tools/bin/../lib/gcc/arm-none-eabi/13.3.1/../../../../arm-none-eabi/lib/thumb/v7e-m+fp/hard\libc_nano.a(libc_a-fflush.o)
                0x0800bfe8                _fflush_r
 .text.fprintf  0x0800c038       0x24 C:/ST/STM32CubeIDE_1.19.0/STM32CubeIDE/plugins/com.st.stm32cube.ide.mcu.externaltools.gnu-tools-for-stm32.13.3.rel1.win32_1.0.0.202411081344/tools/bin/../lib/gcc/arm-none-eabi/13.3.1/../../../../arm-none-eabi/lib/thumb/v7e-m+fp/hard\libc_nano.a(libc_a-fprintf.o)
                0x0800c038                fiprintf
                0x0800c038                fprintf
 .text.memmove  0x0800c05c       0x34 C:/ST/STM32CubeIDE_1.19.0/STM32CubeIDE/plugins/com.st.stm32cube.ide.mcu.externaltools.gnu-tools-for-stm32.13.3.rel1.win32_1.0.0.202411081344/tools/bin/../lib/gcc/arm-none-eabi/13.3.1/../../../../arm-none-eabi/lib/thumb/v7e-m+fp/hard\libc_nano.a(libc_a-memmove.o)
                0x0800c05c                memmove
 .text._sbrk_r  0x0800c090       0x20 C:/ST/STM32CubeIDE_1.19.0/STM32CubeIDE/plugins/com.st.stm32cube.ide.mcu.externaltools.gnu-tools-for-stm32.13.3.rel1.win32_1.0.0.202411081344/tools/bin/../lib/gcc/arm-none-eabi/13.3.1/../../../../arm-none-eabi/lib/thumb/v7e-m+fp/hard\libc_nano.a(libc_a-sbrkr.o)
                0x0800c090                _sbrk_r
 .text.abort    0x0800c0b0        0xe C:/ST/STM32CubeIDE_1.19.0/STM32CubeIDE/plugins/com.st.stm32cube.ide.mcu.externaltools.gnu-tools-for-stm32.13.3.rel1.win32_1.0.0.202411081344/tools/bin/../lib/gcc/arm-none-eabi/13.3.1/../../../../arm-none-eabi/lib/thumb/v7e-m+fp/hard\libc_nano.a(libc_a-abort.o)
                0x0800c0b0                abort
 .text._realloc_r
                0x0800c0be       0x5c C:/ST/STM32CubeIDE_1.19.0/STM32CubeIDE/plugins/com.st.stm32cube.ide.mcu.externaltools.gnu-tools-for-stm32.13.3.rel1.win32_1.0.0.202411081344/tools/bin/../lib/gcc/arm-none-eabi/13.3.1/../../../../arm-none-eabi/lib/thumb/v7e-m+fp/hard\libc_nano.a(libc_a-reallocr.o)
                0x0800c0be                _realloc_r
 .text.__sfputc_r
                0x0800c11a       0x2e C:/ST/STM32CubeIDE_1.19.0/STM32CubeIDE/plugins/com.st.stm32cube.ide.mcu.externaltools.gnu-tools-for-stm32.13.3.rel1.win32_1.0.0.202411081344/tools/bin/../lib/gcc/arm-none-eabi/13.3.1/../../../../arm-none-eabi/lib/thumb/v7e-m+fp/hard\libc_nano.a(libc_a-nano-vfprintf.o)
 .text.__sfputs_r
                0x0800c148       0x24 C:/ST/STM32CubeIDE_1.19.0/STM32CubeIDE/plugins/com.st.stm32cube.ide.mcu.externaltools.gnu-tools-for-stm32.13.3.rel1.win32_1.0.0.202411081344/tools/bin/../lib/gcc/arm-none-eabi/13.3.1/../../../../arm-none-eabi/lib/thumb/v7e-m+fp/hard\libc_nano.a(libc_a-nano-vfprintf.o)
                0x0800c148                __sfputs_r
 .text._vfprintf_r
                0x0800c16c      0x230 C:/ST/STM32CubeIDE_1.19.0/STM32CubeIDE/plugins/com.st.stm32cube.ide.mcu.externaltools.gnu-tools-for-stm32.13.3.rel1.win32_1.0.0.202411081344/tools/bin/../lib/gcc/arm-none-eabi/13.3.1/../../../../arm-none-eabi/lib/thumb/v7e-m+fp/hard\libc_nano.a(libc_a-nano-vfprintf.o)
                0x0800c16c                _vfprintf_r
                0x0800c16c                _vfiprintf_r
 .text.__swbuf_r
                0x0800c39c       0x7c C:/ST/STM32CubeIDE_1.19.0/STM32CubeIDE/plugins/com.st.stm32cube.ide.mcu.externaltools.gnu-tools-for-stm32.13.3.rel1.win32_1.0.0.202411081344/tools/bin/../lib/gcc/arm-none-eabi/13.3.1/../../../../arm-none-eabi/lib/thumb/v7e-m+fp/hard\libc_nano.a(libc_a-wbuf.o)
                0x0800c39c                __swbuf_r
 .text.__swsetup_r
                0x0800c418       0xac C:/ST/STM32CubeIDE_1.19.0/STM32CubeIDE/plugins/com.st.stm32cube.ide.mcu.externaltools.gnu-tools-for-stm32.13.3.rel1.win32_1.0.0.202411081344/tools/bin/../lib/gcc/arm-none-eabi/13.3.1/../../../../arm-none-eabi/lib/thumb/v7e-m+fp/hard\libc_nano.a(libc_a-wsetup.o)
                0x0800c418                __swsetup_r
 .text._raise_r
                0x0800c4c4       0x50 C:/ST/STM32CubeIDE_1.19.0/STM32CubeIDE/plugins/com.st.stm32cube.ide.mcu.externaltools.gnu-tools-for-stm32.13.3.rel1.win32_1.0.0.202411081344/tools/bin/../lib/gcc/arm-none-eabi/13.3.1/../../../../arm-none-eabi/lib/thumb/v7e-m+fp/hard\libc_nano.a(libc_a-signal.o)
                0x0800c4c4                _raise_r
 .text.raise    0x0800c514       0x10 C:/ST/STM32CubeIDE_1.19.0/STM32CubeIDE/plugins/com.st.stm32cube.ide.mcu.externaltools.gnu-tools-for-stm32.13.3.rel1.win32_1.0.0.202411081344/tools/bin/../lib/gcc/arm-none-eabi/13.3.1/../../../../arm-none-eabi/lib/thumb/v7e-m+fp/hard\libc_nano.a(libc_a-signal.o)
                0x0800c514                raise
 .text._kill_r  0x0800c524       0x24 C:/ST/STM32CubeIDE_1.19.0/STM32CubeIDE/plugins/com.st.stm32cube.ide.mcu.externaltools.gnu-tools-for-stm32.13.3.rel1.win32_1.0.0.202411081344/tools/bin/../lib/gcc/arm-none-eabi/13.3.1/../../../../arm-none-eabi/lib/thumb/v7e-m+fp/hard\libc_nano.a(libc_a-signalr.o)
                0x0800c524                _kill_r
 .text._getpid_r
                0x0800c548        0x4 C:/ST/STM32CubeIDE_1.19.0/STM32CubeIDE/plugins/com.st.stm32cube.ide.mcu.externaltools.gnu-tools-for-stm32.13.3.rel1.win32_1.0.0.202411081344/tools/bin/../lib/gcc/arm-none-eabi/13.3.1/../../../../arm-none-eabi/lib/thumb/v7e-m+fp/hard\libc_nano.a(libc_a-signalr.o)
                0x0800c548                _getpid_r
 .text._malloc_usable_size_r
                0x0800c54c       0x10 C:/ST/STM32CubeIDE_1.19.0/STM32CubeIDE/plugins/com.st.stm32cube.ide.mcu.externaltools.gnu-tools-for-stm32.13.3.rel1.win32_1.0.0.202411081344/tools/bin/../lib/gcc/arm-none-eabi/13.3.1/../../../../arm-none-eabi/lib/thumb/v7e-m+fp/hard\libc_nano.a(libc_a-msizer.o)
                0x0800c54c                _malloc_usable_size_r
 .text.__swhatbuf_r
                0x0800c55c       0x4c C:/ST/STM32CubeIDE_1.19.0/STM32CubeIDE/plugins/com.st.stm32cube.ide.mcu.externaltools.gnu-tools-for-stm32.13.3.rel1.win32_1.0.0.202411081344/tools/bin/../lib/gcc/arm-none-eabi/13.3.1/../../../../arm-none-eabi/lib/thumb/v7e-m+fp/hard\libc_nano.a(libc_a-makebuf.o)
                0x0800c55c                __swhatbuf_r
 .text.__smakebuf_r
                0x0800c5a8       0x78 C:/ST/STM32CubeIDE_1.19.0/STM32CubeIDE/plugins/com.st.stm32cube.ide.mcu.externaltools.gnu-tools-for-stm32.13.3.rel1.win32_1.0.0.202411081344/tools/bin/../lib/gcc/arm-none-eabi/13.3.1/../../../../arm-none-eabi/lib/thumb/v7e-m+fp/hard\libc_nano.a(libc_a-makebuf.o)
                0x0800c5a8                __smakebuf_r
 .text._fstat_r
                0x0800c620       0x24 C:/ST/STM32CubeIDE_1.19.0/STM32CubeIDE/plugins/com.st.stm32cube.ide.mcu.externaltools.gnu-tools-for-stm32.13.3.rel1.win32_1.0.0.202411081344/tools/bin/../lib/gcc/arm-none-eabi/13.3.1/../../../../arm-none-eabi/lib/thumb/v7e-m+fp/hard\libc_nano.a(libc_a-fstatr.o)
                0x0800c620                _fstat_r
 .text._isatty_r
                0x0800c644       0x20 C:/ST/STM32CubeIDE_1.19.0/STM32CubeIDE/plugins/com.st.stm32cube.ide.mcu.externaltools.gnu-tools-for-stm32.13.3.rel1.win32_1.0.0.202411081344/tools/bin/../lib/gcc/arm-none-eabi/13.3.1/../../../../arm-none-eabi/lib/thumb/v7e-m+fp/hard\libc_nano.a(libc_a-isattyr.o)
                0x0800c644                _isatty_r
 *(.glue_7)
 .glue_7        0x0800c664        0x0 linker stubs
 *(.glue_7t)
 .glue_7t       0x0800c664        0x0 linker stubs
 *(.eh_frame)
 .eh_frame      0x0800c664        0x0 C:/ST/STM32CubeIDE_1.19.0/STM32CubeIDE/plugins/com.st.stm32cube.ide.mcu.externaltools.gnu-tools-for-stm32.13.3.rel1.win32_1.0.0.202411081344/tools/bin/../lib/gcc/arm-none-eabi/13.3.1/thumb/v7e-m+fp/hard/crtbegin.o
 *(.init)
 .init          0x0800c664        0x4 C:/ST/STM32CubeIDE_1.19.0/STM32CubeIDE/plugins/com.st.stm32cube.ide.mcu.externaltools.gnu-tools-for-stm32.13.3.rel1.win32_1.0.0.202411081344/tools/bin/../lib/gcc/arm-none-eabi/13.3.1/thumb/v7e-m+fp/hard/crti.o
                0x0800c664                _init
 .init          0x0800c668        0x8 C:/ST/STM32CubeIDE_1.19.0/STM32CubeIDE/plugins/com.st.stm32cube.ide.mcu.externaltools.gnu-tools-for-stm32.13.3.rel1.win32_1.0.0.202411081344/tools/bin/../lib/gcc/arm-none-eabi/13.3.1/thumb/v7e-m+fp/hard/crtn.o
 *(.fini)
 .fini          0x0800c670        0x4 C:/ST/STM32CubeIDE_1.19.0/STM32CubeIDE/plugins/com.st.stm32cube.ide.mcu.externaltools.gnu-tools-for-stm32.13.3.rel1.win32_1.0.0.202411081344/tools/bin/../lib/gcc/arm-none-eabi/13.3.1/thumb/v7e-m+fp/hard/crti.o
                0x0800c670                _fini
 .fini          0x0800c674        0x8 C:/ST/STM32CubeIDE_1.19.0/STM32CubeIDE/plugins/com.st.stm32cube.ide.mcu.externaltools.gnu-tools-for-stm32.13.3.rel1.win32_1.0.0.202411081344/tools/bin/../lib/gcc/arm-none-eabi/13.3.1/thumb/v7e-m+fp/hard/crtn.o
                0x0800c67c                        . = ALIGN (0x4)
                0x0800c67c                        _etext = .

.vfp11_veneer   0x0800c67c        0x0
 .vfp11_veneer  0x0800c67c        0x0 linker stubs

.v4_bx          0x0800c67c        0x0
 .v4_bx         0x0800c67c        0x0 linker stubs

.iplt           0x0800c67c        0x0
 .iplt          0x0800c67c        0x0 C:/ST/STM32CubeIDE_1.19.0/STM32CubeIDE/plugins/com.st.stm32cube.ide.mcu.externaltools.gnu-tools-for-stm32.13.3.rel1.win32_1.0.0.202411081344/tools/bin/../lib/gcc/arm-none-eabi/13.3.1/thumb/v7e-m+fp/hard/crtbegin.o

.rodata         0x0800c67c      0xc40
                0x0800c67c                        . = ALIGN (0x4)
 *(.rodata)
 .rodata        0x0800c67c      0x2ca ./Core/Src/freertos.o
 *fill*         0x0800c946        0x2 
 .rodata        0x0800c948       0x18 ./Core/Src/main.o
 .rodata        0x0800c960        0x5 ./Middlewares/Third_Party/FreeRTOS/Source/tasks.o
 *(.rodata*)
 *fill*         0x0800c965        0x3 
 .rodata.AHBPrescTable
                0x0800c968       0x10 ./Core/Src/system_stm32l4xx.o
                0x0800c968                AHBPrescTable
 .rodata.APBPrescTable
                0x0800c978        0x8 ./Core/Src/system_stm32l4xx.o
                0x0800c978                APBPrescTable
 .rodata.MSIRangeTable
                0x0800c980       0x30 ./Core/Src/system_stm32l4xx.o
                0x0800c980                MSIRangeTable
 .rodata.UARTPrescTable
                0x0800c9b0       0x18 ./Drivers/STM32L4xx_HAL_Driver/Src/stm32l4xx_hal_uart.o
                0x0800c9b0                UARTPrescTable
 .rodata.numerator.1
                0x0800c9c8        0x8 ./Drivers/STM32L4xx_HAL_Driver/Src/stm32l4xx_hal_uart_ex.o
 .rodata.denominator.0
                0x0800c9d0        0x8 ./Drivers/STM32L4xx_HAL_Driver/Src/stm32l4xx_hal_uart_ex.o
 .rodata.sinTable_f32
                0x0800c9d8      0x804 ../Core/Lib\libarm_cortexM4lf_math.a(arm_common_tables.o)
                0x0800c9d8                sinTable_f32
 .rodata.srand.str1.1
                0x0800d1dc       0xde C:/ST/STM32CubeIDE_1.19.0/STM32CubeIDE/plugins/com.st.stm32cube.ide.mcu.externaltools.gnu-tools-for-stm32.13.3.rel1.win32_1.0.0.202411081344/tools/bin/../lib/gcc/arm-none-eabi/13.3.1/../../../../arm-none-eabi/lib/thumb/v7e-m+fp/hard\libc_nano.a(libc_a-rand.o)
                                 0x6f (size before relaxing)
 .rodata.__assert_func.str1.1
                0x0800d2ba       0x3d C:/ST/STM32CubeIDE_1.19.0/STM32CubeIDE/plugins/com.st.stm32cube.ide.mcu.externaltools.gnu-tools-for-stm32.13.3.rel1.win32_1.0.0.202411081344/tools/bin/../lib/gcc/arm-none-eabi/13.3.1/../../../../arm-none-eabi/lib/thumb/v7e-m+fp/hard\libc_nano.a(libc_a-assert.o)
 .rodata._svfprintf_r.str1.1
                0x0800d2ba       0x11 C:/ST/STM32CubeIDE_1.19.0/STM32CubeIDE/plugins/com.st.stm32cube.ide.mcu.externaltools.gnu-tools-for-stm32.13.3.rel1.win32_1.0.0.202411081344/tools/bin/../lib/gcc/arm-none-eabi/13.3.1/../../../../arm-none-eabi/lib/thumb/v7e-m+fp/hard\libc_nano.a(libc_a-nano-svfprintf.o)
 .rodata._printf_i.str1.1
                0x0800d2ba       0x22 C:/ST/STM32CubeIDE_1.19.0/STM32CubeIDE/plugins/com.st.stm32cube.ide.mcu.externaltools.gnu-tools-for-stm32.13.3.rel1.win32_1.0.0.202411081344/tools/bin/../lib/gcc/arm-none-eabi/13.3.1/../../../../arm-none-eabi/lib/thumb/v7e-m+fp/hard\libc_nano.a(libc_a-nano-vfprintf_i.o)
 .rodata._vfprintf_r.str1.1
                0x0800d2ba       0x11 C:/ST/STM32CubeIDE_1.19.0/STM32CubeIDE/plugins/com.st.stm32cube.ide.mcu.externaltools.gnu-tools-for-stm32.13.3.rel1.win32_1.0.0.202411081344/tools/bin/../lib/gcc/arm-none-eabi/13.3.1/../../../../arm-none-eabi/lib/thumb/v7e-m+fp/hard\libc_nano.a(libc_a-nano-vfprintf.o)
                0x0800d2f8                        . = ALIGN (0x4)
 *fill*         0x0800d2ba        0x2 

.ARM.extab      0x0800d2bc        0x0
                0x0800d2bc                        . = ALIGN (0x4)
 *(.ARM.extab* .gnu.linkonce.armextab.*)
                0x0800d2bc                        . = ALIGN (0x4)

.ARM            0x0800d2bc        0x8
                0x0800d2bc                        . = ALIGN (0x4)
                0x0800d2bc                        __exidx_start = .
 *(.ARM.exidx*)
 .ARM.exidx     0x0800d2bc        0x8 C:/ST/STM32CubeIDE_1.19.0/STM32CubeIDE/plugins/com.st.stm32cube.ide.mcu.externaltools.gnu-tools-for-stm32.13.3.rel1.win32_1.0.0.202411081344/tools/bin/../lib/gcc/arm-none-eabi/13.3.1/../../../../arm-none-eabi/lib/thumb/v7e-m+fp/hard\libc_nano.a(libc_a-strlen.o)
 .ARM.exidx     0x0800d2c4        0x0 C:/ST/STM32CubeIDE_1.19.0/STM32CubeIDE/plugins/com.st.stm32cube.ide.mcu.externaltools.gnu-tools-for-stm32.13.3.rel1.win32_1.0.0.202411081344/tools/bin/../lib/gcc/arm-none-eabi/13.3.1/../../../../arm-none-eabi/lib/thumb/v7e-m+fp/hard\libc_nano.a(libc_a-memchr.o)
                                  0x8 (size before relaxing)
 .ARM.exidx     0x0800d2c4        0x0 C:/ST/STM32CubeIDE_1.19.0/STM32CubeIDE/plugins/com.st.stm32cube.ide.mcu.externaltools.gnu-tools-for-stm32.13.3.rel1.win32_1.0.0.202411081344/tools/bin/../lib/gcc/arm-none-eabi/13.3.1/thumb/v7e-m+fp/hard\libgcc.a(_udivmoddi4.o)
                                  0x8 (size before relaxing)
                0x0800d2c4                        __exidx_end = .
                0x0800d2c4                        . = ALIGN (0x4)

.preinit_array  0x0800d2c4        0x0
                0x0800d2c4                        . = ALIGN (0x4)
                0x0800d2c4                        PROVIDE (__preinit_array_start = .)
 *(.preinit_array*)
                0x0800d2c4                        PROVIDE (__preinit_array_end = .)
                0x0800d2c4                        . = ALIGN (0x4)

.init_array     0x0800d2c4        0x4
                0x0800d2c4                        . = ALIGN (0x4)
                0x0800d2c4                        PROVIDE (__init_array_start = .)
 *(SORT_BY_NAME(.init_array.*))
 *(.init_array*)
 .init_array    0x0800d2c4        0x4 C:/ST/STM32CubeIDE_1.19.0/STM32CubeIDE/plugins/com.st.stm32cube.ide.mcu.externaltools.gnu-tools-for-stm32.13.3.rel1.win32_1.0.0.202411081344/tools/bin/../lib/gcc/arm-none-eabi/13.3.1/thumb/v7e-m+fp/hard/crtbegin.o
                0x0800d2c8                        PROVIDE (__init_array_end = .)
                0x0800d2c8                        . = ALIGN (0x4)

.fini_array     0x0800d2c8        0x4
                0x0800d2c8                        . = ALIGN (0x4)
                [!provide]                        PROVIDE (__fini_array_start = .)
 *(SORT_BY_NAME(.fini_array.*))
 *(.fini_array*)
 .fini_array    0x0800d2c8        0x4 C:/ST/STM32CubeIDE_1.19.0/STM32CubeIDE/plugins/com.st.stm32cube.ide.mcu.externaltools.gnu-tools-for-stm32.13.3.rel1.win32_1.0.0.202411081344/tools/bin/../lib/gcc/arm-none-eabi/13.3.1/thumb/v7e-m+fp/hard/crtbegin.o
                [!provide]                        PROVIDE (__fini_array_end = .)
                0x0800d2cc                        . = ALIGN (0x4)
                0x0800d2cc                        _sidata = LOADADDR (.data)

.rel.dyn        0x0800d2cc        0x0
 .rel.iplt      0x0800d2cc        0x0 C:/ST/STM32CubeIDE_1.19.0/STM32CubeIDE/plugins/com.st.stm32cube.ide.mcu.externaltools.gnu-tools-for-stm32.13.3.rel1.win32_1.0.0.202411081344/tools/bin/../lib/gcc/arm-none-eabi/13.3.1/thumb/v7e-m+fp/hard/crtbegin.o

.data           0x20000000       0x70 load address 0x0800d2cc
                0x20000000                        . = ALIGN (0x4)
                0x20000000                        _sdata = .
 *(.data)
 *(.data*)
 .data.currentCue
                0x20000000        0x1 ./Core/Src/main.o
                0x20000000                currentCue
 *fill*         0x20000001        0x3 
 .data.SystemCoreClock
                0x20000004        0x4 ./Core/Src/system_stm32l4xx.o
                0x20000004                SystemCoreClock
 .data.uwTickPrio
                0x20000008        0x4 ./Drivers/STM32L4xx_HAL_Driver/Src/stm32l4xx_hal.o
                0x20000008                uwTickPrio
 .data.uwTickFreq
                0x2000000c        0x1 ./Drivers/STM32L4xx_HAL_Driver/Src/stm32l4xx_hal.o
                0x2000000c                uwTickFreq
 *fill*         0x2000000d        0x3 
 .data.uxCriticalNesting
                0x20000010        0x4 ./Middlewares/Third_Party/FreeRTOS/Source/portable/GCC/ARM_CM4F/port.o
 .data.__sglue  0x20000014        0xc C:/ST/STM32CubeIDE_1.19.0/STM32CubeIDE/plugins/com.st.stm32cube.ide.mcu.externaltools.gnu-tools-for-stm32.13.3.rel1.win32_1.0.0.202411081344/tools/bin/../lib/gcc/arm-none-eabi/13.3.1/../../../../arm-none-eabi/lib/thumb/v7e-m+fp/hard\libc_nano.a(libc_a-findfp.o)
                0x20000014                __sglue
 .data._impure_ptr
                0x20000020        0x4 C:/ST/STM32CubeIDE_1.19.0/STM32CubeIDE/plugins/com.st.stm32cube.ide.mcu.externaltools.gnu-tools-for-stm32.13.3.rel1.win32_1.0.0.202411081344/tools/bin/../lib/gcc/arm-none-eabi/13.3.1/../../../../arm-none-eabi/lib/thumb/v7e-m+fp/hard\libc_nano.a(libc_a-impure.o)
                0x20000020                _impure_ptr
 .data._impure_data
                0x20000024       0x4c C:/ST/STM32CubeIDE_1.19.0/STM32CubeIDE/plugins/com.st.stm32cube.ide.mcu.externaltools.gnu-tools-for-stm32.13.3.rel1.win32_1.0.0.202411081344/tools/bin/../lib/gcc/arm-none-eabi/13.3.1/../../../../arm-none-eabi/lib/thumb/v7e-m+fp/hard\libc_nano.a(libc_a-impure.o)
                0x20000024                _impure_data
 *(.RamFunc)
 *(.RamFunc*)
                0x20000070                        . = ALIGN (0x4)
                0x20000070                        _edata = .

.igot.plt       0x20000070        0x0 load address 0x0800d33c
 .igot.plt      0x20000070        0x0 C:/ST/STM32CubeIDE_1.19.0/STM32CubeIDE/plugins/com.st.stm32cube.ide.mcu.externaltools.gnu-tools-for-stm32.13.3.rel1.win32_1.0.0.202411081344/tools/bin/../lib/gcc/arm-none-eabi/13.3.1/thumb/v7e-m+fp/hard/crtbegin.o
                0x20000070                        . = ALIGN (0x4)

.bss            0x20000070     0x30dc load address 0x0800d33c
                0x20000070                        _sbss = .
                0x20000070                        __bss_start__ = _sbss
 *(.bss)
 .bss           0x20000070       0x1c C:/ST/STM32CubeIDE_1.19.0/STM32CubeIDE/plugins/com.st.stm32cube.ide.mcu.externaltools.gnu-tools-for-stm32.13.3.rel1.win32_1.0.0.202411081344/tools/bin/../lib/gcc/arm-none-eabi/13.3.1/thumb/v7e-m+fp/hard/crtbegin.o
 *(.bss*)
 .bss.hdac1     0x2000008c       0x14 ./Core/Src/dac.o
                0x2000008c                hdac1
 .bss.hdma_dac1_ch1
                0x200000a0       0x60 ./Core/Src/dac.o
                0x200000a0                hdma_dac1_ch1
 .bss.hdfsdm1_filter0
                0x20000100       0x54 ./Core/Src/dfsdm.o
                0x20000100                hdfsdm1_filter0
 .bss.hdfsdm1_channel2
                0x20000154       0x38 ./Core/Src/dfsdm.o
                0x20000154                hdfsdm1_channel2
 .bss.hdma_dfsdm1_flt0
                0x2000018c       0x60 ./Core/Src/dfsdm.o
                0x2000018c                hdma_dfsdm1_flt0
 .bss.HAL_RCC_DFSDM1_CLK_ENABLED
                0x200001ec        0x4 ./Core/Src/dfsdm.o
 .bss.DFSDM1_Init
                0x200001f0        0x4 ./Core/Src/dfsdm.o
 .bss.defaultTaskHandle
                0x200001f4        0x4 ./Core/Src/freertos.o
                0x200001f4                defaultTaskHandle
 .bss.GameTaskHandle
                0x200001f8        0x4 ./Core/Src/freertos.o
                0x200001f8                GameTaskHandle
 .bss.MicTaskHandle
                0x200001fc        0x4 ./Core/Src/freertos.o
                0x200001fc                MicTaskHandle
 .bss.FlashTaskHandle
                0x20000200        0x4 ./Core/Src/freertos.o
                0x20000200                FlashTaskHandle
 .bss.AudioTaskHandle
                0x20000204        0x4 ./Core/Src/freertos.o
                0x20000204                AudioTaskHandle
 .bss.AudioQueueHandle
                0x20000208        0x4 ./Core/Src/freertos.o
                0x20000208                AudioQueueHandle
 .bss.MicSemHandle
                0x2000020c        0x4 ./Core/Src/freertos.o
                0x2000020c                MicSemHandle
 .bss.xIdleTaskTCBBuffer
                0x20000210       0x54 ./Core/Src/freertos.o
 .bss.xIdleStack
                0x20000264      0x200 ./Core/Src/freertos.o
 .bss.initialized.3
                0x20000464        0x1 ./Core/Src/freertos.o
 *fill*         0x20000465        0x3 
 .bss.cmd1.2    0x20000468        0x8 ./Core/Src/freertos.o
 .bss.cmd2.1    0x20000470        0x8 ./Core/Src/freertos.o
 .bss.cmd3.0    0x20000478        0x8 ./Core/Src/freertos.o
 .bss.hi2c2     0x20000480       0x54 ./Core/Src/i2c.o
                0x20000480                hi2c2
 .bss.g_state   0x200004d4        0x1 ./Core/Src/main.o
                0x200004d4                g_state
 *fill*         0x200004d5        0x3 
 .bss.noteBuf   0x200004d8      0x800 ./Core/Src/main.o
                0x200004d8                noteBuf
 .bss.noteLen   0x20000cd8        0x4 ./Core/Src/main.o
                0x20000cd8                noteLen
 .bss.cueList   0x20000cdc       0x1e ./Core/Src/main.o
                0x20000cdc                cueList
 *fill*         0x20000cfa        0x2 
 .bss.cueResults
                0x20000cfc       0x1e ./Core/Src/main.o
                0x20000cfc                cueResults
 .bss.playerResponded
                0x20000d1a        0x1 ./Core/Src/main.o
                0x20000d1a                playerResponded
 .bss.playerFail
                0x20000d1b        0x1 ./Core/Src/main.o
                0x20000d1b                playerFail
 .bss.accel_data
                0x20000d1c        0x6 ./Core/Src/main.o
                0x20000d1c                accel_data
 *fill*         0x20000d22        0x2 
 .bss.stats     0x20000d24       0x10 ./Core/Src/main.o
                0x20000d24                stats
 .bss.lastScore
                0x20000d34        0x4 ./Core/Src/main.o
                0x20000d34                lastScore
 .bss.micLoud   0x20000d38        0x1 ./Core/Src/main.o