../Core/Src/main.c:102:13:stop_playback_if_running	8	static
../Core/Src/main.c:108:13:start_note_circular	56	static
../Core/Src/main.c:129:13:play_start_sequence	24	static
../Core/Src/main.c:139:13:play_end_sequence	24	static
../Core/Src/main.c:156:5:main	288	static
../Core/Src/main.c:300:6:SystemClock_Config	96	static
../Core/Src/main.c:345:13:MX_DAC1_Init	48	static
../Core/Src/main.c:389:13:MX_I2C2_Init	8	static
../Core/Src/main.c:437:13:MX_TIM2_Init	40	static
../Core/Src/main.c:482:13:MX_USART1_UART_Init	8	static
../Core/Src/main.c:528:13:MX_DMA_Init	16	static
../Core/Src/main.c:547:13:MX_GPIO_Init	48	static
../Core/Src/main.c:595:6:HAL_GPIO_EXTI_Callback	32	static
../Core/Src/main.c:626:6:Error_Handler	4	static,ignoring_inline_asm
