../Core/Src/stm32l4xx_hal_msp.c:66:6:HAL_MspInit	16	static
../Core/Src/stm32l4xx_hal_msp.c:89:6:HAL_DAC_MspInit	48	static
../Core/Src/stm32l4xx_hal_msp.c:141:6:HAL_DAC_MspDeInit	16	static
../Core/Src/stm32l4xx_hal_msp.c:174:6:HAL_DFSDM_FilterMspInit	192	static
../Core/Src/stm32l4xx_hal_msp.c:249:6:HAL_DFSDM_ChannelMspInit	192	static
../Core/Src/stm32l4xx_hal_msp.c:301:6:HAL_DFSDM_FilterMspDeInit	16	static
../Core/Src/stm32l4xx_hal_msp.c:334:6:HAL_DFSDM_ChannelMspDeInit	16	static
../Core/Src/stm32l4xx_hal_msp.c:364:6:HAL_I2C_MspInit	192	static
../Core/Src/stm32l4xx_hal_msp.c:411:6:HAL_I2C_MspDeInit	16	static
../Core/Src/stm32l4xx_hal_msp.c:442:6:HAL_OSPI_MspInit	200	static
../Core/Src/stm32l4xx_hal_msp.c:503:6:HAL_OSPI_MspDeInit	16	static
../Core/Src/stm32l4xx_hal_msp.c:539:6:HAL_TIM_Base_MspInit	24	static
../Core/Src/stm32l4xx_hal_msp.c:565:6:HAL_TIM_Base_MspDeInit	16	static
../Core/Src/stm32l4xx_hal_msp.c:590:6:HAL_UART_MspInit	192	static
../Core/Src/stm32l4xx_hal_msp.c:638:6:HAL_UART_MspDeInit	16	static
