Archive member included to satisfy reference by file (symbol)

../Core/Lib\libarm_cortexM4lf_math.a(arm_max_f32.o)
                              ./Core/Src/main.o (arm_max_f32)
../Core/Lib\libarm_cortexM4lf_math.a(arm_sin_f32.o)
                              ./Core/Src/main.o (arm_sin_f32)
../Core/Lib\libarm_cortexM4lf_math.a(arm_cos_f32.o)
                              ./Core/Src/main.o (arm_cos_f32)
../Core/Lib\libarm_cortexM4lf_math.a(arm_common_tables.o)
                              ../Core/Lib\libarm_cortexM4lf_math.a(arm_sin_f32.o) (sinTable_f32)
C:/ST/STM32CubeIDE_1.19.0/STM32CubeIDE/plugins/com.st.stm32cube.ide.mcu.externaltools.gnu-tools-for-stm32.13.3.rel1.win32_1.0.0.202411081344/tools/bin/../lib/gcc/arm-none-eabi/13.3.1/../../../../arm-none-eabi/lib/thumb/v7e-m+fp/hard\libc_nano.a(libc_a-exit.o)
                              C:/ST/STM32CubeIDE_1.19.0/STM32CubeIDE/plugins/com.st.stm32cube.ide.mcu.externaltools.gnu-tools-for-stm32.13.3.rel1.win32_1.0.0.202411081344/tools/bin/../lib/gcc/arm-none-eabi/13.3.1/../../../../arm-none-eabi/lib/thumb/v7e-m+fp/hard/crt0.o (exit)
C:/ST/STM32CubeIDE_1.19.0/STM32CubeIDE/plugins/com.st.stm32cube.ide.mcu.externaltools.gnu-tools-for-stm32.13.3.rel1.win32_1.0.0.202411081344/tools/bin/../lib/gcc/arm-none-eabi/13.3.1/../../../../arm-none-eabi/lib/thumb/v7e-m+fp/hard\libc_nano.a(libc_a-findfp.o)
                              C:/ST/STM32CubeIDE_1.19.0/STM32CubeIDE/plugins/com.st.stm32cube.ide.mcu.externaltools.gnu-tools-for-stm32.13.3.rel1.win32_1.0.0.202411081344/tools/bin/../lib/gcc/arm-none-eabi/13.3.1/../../../../arm-none-eabi/lib/thumb/v7e-m+fp/hard\libc_nano.a(libc_a-exit.o) (__stdio_exit_handler)
C:/ST/STM32CubeIDE_1.19.0/STM32CubeIDE/plugins/com.st.stm32cube.ide.mcu.externaltools.gnu-tools-for-stm32.13.3.rel1.win32_1.0.0.202411081344/tools/bin/../lib/gcc/arm-none-eabi/13.3.1/../../../../arm-none-eabi/lib/thumb/v7e-m+fp/hard\libc_nano.a(libc_a-fwalk.o)
                              C:/ST/STM32CubeIDE_1.19.0/STM32CubeIDE/plugins/com.st.stm32cube.ide.mcu.externaltools.gnu-tools-for-stm32.13.3.rel1.win32_1.0.0.202411081344/tools/bin/../lib/gcc/arm-none-eabi/13.3.1/../../../../arm-none-eabi/lib/thumb/v7e-m+fp/hard\libc_nano.a(libc_a-findfp.o) (_fwalk_sglue)
C:/ST/STM32CubeIDE_1.19.0/STM32CubeIDE/plugins/com.st.stm32cube.ide.mcu.externaltools.gnu-tools-for-stm32.13.3.rel1.win32_1.0.0.202411081344/tools/bin/../lib/gcc/arm-none-eabi/13.3.1/../../../../arm-none-eabi/lib/thumb/v7e-m+fp/hard\libc_nano.a(libc_a-stdio.o)
                              C:/ST/STM32CubeIDE_1.19.0/STM32CubeIDE/plugins/com.st.stm32cube.ide.mcu.externaltools.gnu-tools-for-stm32.13.3.rel1.win32_1.0.0.202411081344/tools/bin/../lib/gcc/arm-none-eabi/13.3.1/../../../../arm-none-eabi/lib/thumb/v7e-m+fp/hard\libc_nano.a(libc_a-findfp.o) (__sread)
C:/ST/STM32CubeIDE_1.19.0/STM32CubeIDE/plugins/com.st.stm32cube.ide.mcu.externaltools.gnu-tools-for-stm32.13.3.rel1.win32_1.0.0.202411081344/tools/bin/../lib/gcc/arm-none-eabi/13.3.1/../../../../arm-none-eabi/lib/thumb/v7e-m+fp/hard\libc_nano.a(libc_a-memset.o)
                              C:/ST/STM32CubeIDE_1.19.0/STM32CubeIDE/plugins/com.st.stm32cube.ide.mcu.externaltools.gnu-tools-for-stm32.13.3.rel1.win32_1.0.0.202411081344/tools/bin/../lib/gcc/arm-none-eabi/13.3.1/../../../../arm-none-eabi/lib/thumb/v7e-m+fp/hard/crt0.o (memset)
C:/ST/STM32CubeIDE_1.19.0/STM32CubeIDE/plugins/com.st.stm32cube.ide.mcu.externaltools.gnu-tools-for-stm32.13.3.rel1.win32_1.0.0.202411081344/tools/bin/../lib/gcc/arm-none-eabi/13.3.1/../../../../arm-none-eabi/lib/thumb/v7e-m+fp/hard\libc_nano.a(libc_a-closer.o)
                              C:/ST/STM32CubeIDE_1.19.0/STM32CubeIDE/plugins/com.st.stm32cube.ide.mcu.externaltools.gnu-tools-for-stm32.13.3.rel1.win32_1.0.0.202411081344/tools/bin/../lib/gcc/arm-none-eabi/13.3.1/../../../../arm-none-eabi/lib/thumb/v7e-m+fp/hard\libc_nano.a(libc_a-stdio.o) (_close_r)
C:/ST/STM32CubeIDE_1.19.0/STM32CubeIDE/plugins/com.st.stm32cube.ide.mcu.externaltools.gnu-tools-for-stm32.13.3.rel1.win32_1.0.0.202411081344/tools/bin/../lib/gcc/arm-none-eabi/13.3.1/../../../../arm-none-eabi/lib/thumb/v7e-m+fp/hard\libc_nano.a(libc_a-reent.o)
                              C:/ST/STM32CubeIDE_1.19.0/STM32CubeIDE/plugins/com.st.stm32cube.ide.mcu.externaltools.gnu-tools-for-stm32.13.3.rel1.win32_1.0.0.202411081344/tools/bin/../lib/gcc/arm-none-eabi/13.3.1/../../../../arm-none-eabi/lib/thumb/v7e-m+fp/hard\libc_nano.a(libc_a-closer.o) (errno)
C:/ST/STM32CubeIDE_1.19.0/STM32CubeIDE/plugins/com.st.stm32cube.ide.mcu.externaltools.gnu-tools-for-stm32.13.3.rel1.win32_1.0.0.202411081344/tools/bin/../lib/gcc/arm-none-eabi/13.3.1/../../../../arm-none-eabi/lib/thumb/v7e-m+fp/hard\libc_nano.a(libc_a-impure.o)
[...]
Memory Configuration

Name             Origin             Length             Attributes
RAM              0x20000000         0x000a0000         xrw
RAM2             0x10000000         0x00010000         xrw
RAM3             0x20040000         0x00060000         xrw
FLASH            0x08000000         0x00200000         xr
*default*        0x00000000         0xffffffff

Linker script and memory map

LOAD C:/ST/STM32CubeIDE_1.19.0/STM32CubeIDE/plugins/com.st.stm32cube.ide.mcu.externaltools.gnu-tools-for-stm32.13.3.rel1.win32_1.0.0.202411081344/tools/bin/../lib/gcc/arm-none-eabi/13.3.1/thumb/v7e-m+fp/hard/crti.o
LOAD C:/ST/STM32CubeIDE_1.19.0/STM32CubeIDE/plugins/com.st.stm32cube.ide.mcu.externaltools.gnu-tools-for-stm32.13.3.rel1.win32_1.0.0.202411081344/tools/bin/../lib/gcc/arm-none-eabi/13.3.1/thumb/v7e-m+fp/hard/crtbegin.o
LOAD C:/ST/STM32CubeIDE_1.19.0/STM32CubeIDE/plugins/com.st.stm32cube.ide.mcu.externaltools.gnu-tools-for-stm32.13.3.rel1.win32_1.0.0.202411081344/tools/bin/../lib/gcc/arm-none-eabi/13.3.1/../../../../arm-none-eabi/lib/thumb/v7e-m+fp/hard/crt0.o
LOAD ./Core/Src/asmmax.o
LOAD ./Core/Src/cmax.o
LOAD ./Core/Src/main.o
LOAD ./Core/Src/nrcosasm.o
LOAD ./Core/Src/stm32l4xx_hal_msp.o
LOAD ./Core/Src/stm32l4xx_it.o
LOAD ./Core/Src/syscalls.o
LOAD ./Core/Src/sysmem.o
LOAD ./Core/Src/system_stm32l4xx.o
LOAD ./Core/Startup/startup_stm32l4s5vitx.o
LOAD ./Drivers/STM32L4xx_HAL_Driver/Src/stm32l4xx_hal.o
LOAD ./Drivers/STM32L4xx_HAL_Driver/Src/stm32l4xx_hal_cortex.o
LOAD ./Drivers/STM32L4xx_HAL_Driver/Src/stm32l4xx_hal_dma.o
LOAD ./Drivers/STM32L4xx_HAL_Driver/Src/stm32l4xx_hal_dma_ex.o
LOAD ./Drivers/STM32L4xx_HAL_Driver/Src/stm32l4xx_hal_exti.o
LOAD ./Drivers/STM32L4xx_HAL_Driver/Src/stm32l4xx_hal_flash.o
LOAD ./Drivers/STM32L4xx_HAL_Driver/Src/stm32l4xx_hal_flash_ex.o
LOAD ./Drivers/STM32L4xx_HAL_Driver/Src/stm32l4xx_hal_flash_ramfunc.o
LOAD ./Drivers/STM32L4xx_HAL_Driver/Src/stm32l4xx_hal_gpio.o
LOAD ./Drivers/STM32L4xx_HAL_Driver/Src/stm32l4xx_hal_i2c.o
LOAD ./Drivers/STM32L4xx_HAL_Driver/Src/stm32l4xx_hal_i2c_ex.o
LOAD ./Drivers/STM32L4xx_HAL_Driver/Src/stm32l4xx_hal_pwr.o
LOAD ./Drivers/STM32L4xx_HAL_Driver/Src/stm32l4xx_hal_pwr_ex.o
LOAD ./Drivers/STM32L4xx_HAL_Driver/Src/stm32l4xx_hal_rcc.o
LOAD ./Drivers/STM32L4xx_HAL_Driver/Src/stm32l4xx_hal_rcc_ex.o
LOAD ../Core/Lib\libarm_cortexM4lf_math.a
START GROUP
LOAD C:/ST/STM32CubeIDE_1.19.0/STM32CubeIDE/plugins/com.st.stm32cube.ide.mcu.externaltools.gnu-tools-for-stm32.13.3.rel1.win32_1.0.0.202411081344/tools/bin/../lib/gcc/arm-none-eabi/13.3.1/../../../../arm-none-eabi/lib/thumb/v7e-m+fp/hard\libc_nano.a
LOAD C:/ST/STM32CubeIDE_1.19.0/STM32CubeIDE/plugins/com.st.stm32cube.ide.mcu.externaltools.gnu-tools-for-stm32.13.3.rel1.win32_1.0.0.202411081344/tools/bin/../lib/gcc/arm-none-eabi/13.3.1/../../../../arm-none-eabi/lib/thumb/v7e-m+fp/hard\libm.a
END GROUP
START GROUP
LOAD C:/ST/STM32CubeIDE_1.19.0/STM32CubeIDE/plugins/com.st.stm32cube.ide.mcu.externaltools.gnu-tools-for-stm32.13.3.rel1.win32_1.0.0.202411081344/tools/bin/../lib/gcc/arm-none-eabi/13.3.1/thumb/v7e-m+fp/hard\libgcc.a
LOAD C:/ST/STM32CubeIDE_1.19.0/STM32CubeIDE/plugins/com.st.stm32cube.ide.mcu.externaltools.gnu-tools-for-stm32.13.3.rel1.win32_1.0.0.202411081344/tools/bin/../lib/gcc/arm-none-eabi/13.3.1/../../../../arm-none-eabi/lib/thumb/v7e-m+fp/hard\libc_nano.a
END GROUP
START GROUP
LOAD C:/ST/STM32CubeIDE_1.19.0/STM32CubeIDE/plugins/com.st.stm32cube.ide.mcu.externaltools.gnu-tools-for-stm32.13.3.rel1.win32_1.0.0.202411081344/tools/bin/../lib/gcc/arm-none-eabi/13.3.1/thumb/v7e-m+fp/hard\libgcc.a
LOAD C:/ST/STM32CubeIDE_1.19.0/STM32CubeIDE/plugins/com.st.stm32cube.ide.mcu.externaltools.gnu-tools-for-stm32.13.3.rel1.win32_1.0.0.202411081344/tools/bin/../lib/gcc/arm-none-eabi/13.3.1/../../../../arm-none-eabi/lib/thumb/v7e-m+fp/hard\libc_nano.a
LOAD C:/ST/STM32CubeIDE_1.19.0/STM32CubeIDE/plugins/com.st.stm32cube.ide.mcu.externaltools.gnu-tools-for-stm32.13.3.rel1.win32_1.0.0.202411081344/tools/bin/../lib/gcc/arm-none-eabi/13.3.1/../../../../arm-none-eabi/lib/thumb/v7e-m+fp/hard\libnosys.a
END GROUP
START GROUP
LOAD C:/ST/STM32CubeIDE_1.19.0/STM32CubeIDE/plugins/com.st.stm32cube.ide.mcu.externaltools.gnu-tools-for-stm32.13.3.rel1.win32_1.0.0.202411081344/tools/bin/../lib/gcc/arm-none-eabi/13.3.1/thumb/v7e-m+fp/hard\libgcc.a
LOAD C:/ST/STM32CubeIDE_1.19.0/STM32CubeIDE/plugins/com.st.stm32cube.ide.mcu.externaltools.gnu-tools-for-stm32.13.3.rel1.win32_1.0.0.202411081344/tools/bin/../lib/gcc/arm-none-eabi/13.3.1/../../../../arm-none-eabi/lib/thumb/v7e-m+fp/hard\libc_nano.a
LOAD C:/ST/STM32CubeIDE_1.19.0/STM32CubeIDE/plugins/com.st.stm32cube.ide.mcu.externaltools.gnu-tools-for-stm32.13.3.rel1.win32_1.0.0.202411081344/tools/bin/../lib/gcc/arm-none-eabi/13.3.1/../../../../arm-none-eabi/lib/thumb/v7e-m+fp/hard\libnosys.a
END GROUP
LOAD C:/ST/STM32CubeIDE_1.19.0/STM32CubeIDE/plugins/com.st.stm32cube.ide.mcu.externaltools.gnu-tools-for-stm32.13.3.rel1.win32_1.0.0.202411081344/tools/bin/../lib/gcc/arm-none-eabi/13.3.1/thumb/v7e-m+fp/hard/crtend.o
LOAD C:/ST/STM32CubeIDE_1.19.0/STM32CubeIDE/plugins/com.st.stm32cube.ide.mcu.externaltools.gnu-tools-for-stm32.13.3.rel1.win32_1.0.0.202411081344/tools/bin/../lib/gcc/arm-none-eabi/13.3.1/thumb/v7e-m+fp/hard/crtn.o
                0x200a0000                        _estack = (ORIGIN (RAM) + LENGTH (RAM))
                0x00000200                        _Min_Heap_Size = 0x200
                0x00000400                        _Min_Stack_Size = 0x400

.isr_vector     0x08000000      0x1bc
                0x08000000                        . = ALIGN (0x4)
 *(.isr_vector)
 .isr_vector    0x08000000      0x1bc ./Core/Startup/startup_stm32l4s5vitx.o
                0x08000000                g_pfnVectors
                0x080001bc                        . = ALIGN (0x4)

.text           0x080001bc     0x1af8
                0x080001bc                        . = ALIGN (0x4)
 *(.text)
 .text          0x080001bc       0x40 C:/ST/STM32CubeIDE_1.19.0/STM32CubeIDE/plugins/com.st.stm32cube.ide.mcu.externaltools.gnu-tools-for-stm32.13.3.rel1.win32_1.0.0.202411081344/tools/bin/../lib/gcc/arm-none-eabi/13.3.1/thumb/v7e-m+fp/hard/crtbegin.o
 .text          0x080001fc       0x52 ./Core/Src/nrcosasm.o
                0x080001fc                newton_cos_asm
 *(.text*)
 .text.rodata   0x0800024e       0x32 ./Core/Src/asmmax.o
                0x0800024e                asmMax
 .text.cMax     0x08000280       0x6e ./Core/Src/cmax.o
                0x08000280                cMax
 .text.sqrt_fpu
                0x080002ee       0x20 ./Core/Src/main.o
                0x080002ee                sqrt_fpu
 .text.sqrt_cmsis
                0x0800030e       0x50 ./Core/Src/main.o
                0x0800030e                sqrt_cmsis
 .text.sqrt_newton
                0x0800035e       0x74 ./Core/Src/main.o
                0x0800035e                sqrt_newton
 .text.newton_cos_c
                0x080003d2       0xc4 ./Core/Src/main.o
                0x080003d2                newton_cos_c
 *fill*         0x08000496        0x2 
 .text.benchmark
                0x08000498      0x11c ./Core/Src/main.o
                0x08000498                benchmark
 .text.main     0x080005b4       0xcc ./Core/Src/main.o
                0x080005b4                main
 .text.SystemClock_Config
                0x08000680       0xa2 ./Core/Src/main.o
                0x08000680                SystemClock_Config
 *fill*         0x08000722        0x2 
 .text.MX_GPIO_Init
                0x08000724       0x30 ./Core/Src/main.o
 .text.Error_Handler
                0x08000754        0xc ./Core/Src/main.o
                0x08000754                Error_Handler
 .text.HAL_MspInit
                0x08000760       0x48 ./Core/Src/stm32l4xx_hal_msp.o
                0x08000760                HAL_MspInit
 .text.NMI_Handler
                0x080007a8        0x8 ./Core/Src/stm32l4xx_it.o
                0x080007a8                NMI_Handler
 .text.HardFault_Handler
                0x080007b0        0x8 ./Core/Src/stm32l4xx_it.o
                0x080007b0                HardFault_Handler
 .text.MemManage_Handler
                0x080007b8        0x8 ./Core/Src/stm32l4xx_it.o
                0x080007b8                MemManage_Handler
 .text.BusFault_Handler
                0x080007c0        0x8 ./Core/Src/stm32l4xx_it.o
                0x080007c0                BusFault_Handler
 .text.UsageFault_Handler
                0x080007c8        0x8 ./Core/Src/stm32l4xx_it.o
                0x080007c8                UsageFault_Handler
 .text.SVC_Handler
                0x080007d0        0xe ./Core/Src/stm32l4xx_it.o
                0x080007d0                SVC_Handler
 .text.DebugMon_Handler
                0x080007de        0xe ./Core/Src/stm32l4xx_it.o
                0x080007de                DebugMon_Handler
 .text.PendSV_Handler
                0x080007ec        0xe ./Core/Src/stm32l4xx_it.o
                0x080007ec                PendSV_Handler
 .text.SysTick_Handler
                0x080007fa        0xc ./Core/Src/stm32l4xx_it.o
                0x080007fa                SysTick_Handler
 *fill*         0x08000806        0x2 
 .text.SystemInit
                0x08000808       0x24 ./Core/Src/system_stm32l4xx.o
                0x08000808                SystemInit
 .text.Reset_Handler
                0x0800082c       0x50 ./Core/Startup/startup_stm32l4s5vitx.o
                0x0800082c                Reset_Handler
 .text.Default_Handler
                0x0800087c        0x2 ./Core/Startup/startup_stm32l4s5vitx.o
                0x0800087c                RTC_Alarm_IRQHandler
                0x0800087c                EXTI2_IRQHandler
                0x0800087c                TIM8_TRG_COM_IRQHandler
                0x0800087c                TIM8_CC_IRQHandler
                0x0800087c                TIM1_CC_IRQHandler
                0x0800087c                TSC_IRQHandler
                0x0800087c                TAMP_STAMP_IRQHandler
                0x0800087c                EXTI3_IRQHandler
                0x0800087c                LPTIM2_IRQHandler
                0x0800087c                DFSDM1_FLT1_IRQHandler
                0x0800087c                GFXMMU_IRQHandler
                0x0800087c                I2C3_ER_IRQHandler
                0x0800087c                DFSDM1_FLT2_IRQHandler
                0x0800087c                EXTI0_IRQHandler
                0x0800087c                I2C2_EV_IRQHandler
                0x0800087c                CAN1_RX0_IRQHandler
                0x0800087c                FPU_IRQHandler
                0x0800087c                TIM1_UP_TIM16_IRQHandler
                0x0800087c                LTDC_ER_IRQHandler
                0x0800087c                SPI1_IRQHandler
                0x0800087c                OCTOSPI1_IRQHandler
                0x0800087c                TIM6_DAC_IRQHandler
                0x0800087c                DCMI_IRQHandler
                0x0800087c                TIM8_UP_IRQHandler
                0x0800087c                OCTOSPI2_IRQHandler
                0x0800087c                DMA2_Channel2_IRQHandler
                0x0800087c                DMA1_Channel4_IRQHandler
                0x0800087c                SAI2_IRQHandler
                0x0800087c                ADC1_IRQHandler
                0x0800087c                DFSDM1_FLT3_IRQHandler
                0x0800087c                USART3_IRQHandler
                0x0800087c                DMA1_Channel7_IRQHandler
                0x0800087c                CAN1_RX1_IRQHandler
                0x0800087c                UART5_IRQHandler
                0x0800087c                TIM4_IRQHandler
                0x0800087c                DMA2_Channel1_IRQHandler
                0x0800087c                I2C1_EV_IRQHandler
                0x0800087c                DMAMUX1_OVR_IRQHandler
                0x0800087c                DMA1_Channel6_IRQHandler
                0x0800087c                UART4_IRQHandler
                0x0800087c                DMA2_Channel4_IRQHandler
                0x0800087c                TIM3_IRQHandler
                0x0800087c                RCC_IRQHandler
                0x0800087c                DMA1_Channel1_IRQHandler
                0x0800087c                Default_Handler
                0x0800087c                DMA2_Channel7_IRQHandler
                0x0800087c                EXTI15_10_IRQHandler
                0x0800087c                TIM7_IRQHandler
                0x0800087c                SDMMC1_IRQHandler
                0x0800087c                TIM5_IRQHandler
                0x0800087c                I2C3_EV_IRQHandler
                0x0800087c                EXTI9_5_IRQHandler
                0x0800087c                RTC_WKUP_IRQHandler
                0x0800087c                LTDC_IRQHandler
                0x0800087c                PVD_PVM_IRQHandler
                0x0800087c                SPI2_IRQHandler
                0x0800087c                CAN1_TX_IRQHandler
                0x0800087c                DMA2_Channel5_IRQHandler
                0x0800087c                DMA1_Channel5_IRQHandler
                0x0800087c                EXTI4_IRQHandler
                0x0800087c                RNG_IRQHandler
                0x0800087c                TIM1_TRG_COM_TIM17_IRQHandler
                0x0800087c                DMA1_Channel3_IRQHandler
                0x0800087c                COMP_IRQHandler
                0x0800087c                HASH_CRS_IRQHandler
                0x0800087c                WWDG_IRQHandler
                0x0800087c                I2C4_EV_IRQHandler
                0x0800087c                LPUART1_IRQHandler
                0x0800087c                DMA2_Channel6_IRQHandler
                0x0800087c                TIM2_IRQHandler
                0x0800087c                DMA2D_IRQHandler
                0x0800087c                EXTI1_IRQHandler
                0x0800087c                AES_IRQHandler
                0x0800087c                USART2_IRQHandler
                0x0800087c                DFSDM1_FLT0_IRQHandler
                0x0800087c                I2C2_ER_IRQHandler
                0x0800087c                DMA1_Channel2_IRQHandler
                0x0800087c                TIM8_BRK_IRQHandler
                0x0800087c                CAN1_SCE_IRQHandler
                0x0800087c                FLASH_IRQHandler
                0x0800087c                USART1_IRQHandler
                0x0800087c                OTG_FS_IRQHandler
                0x0800087c                SPI3_IRQHandler
                0x0800087c                I2C1_ER_IRQHandler
                0x0800087c                FMC_IRQHandler
                0x0800087c                LPTIM1_IRQHandler
                0x0800087c                I2C4_ER_IRQHandler
                0x0800087c                SAI1_IRQHandler
                0x0800087c                DMA2_Channel3_IRQHandler
                0x0800087c                TIM1_BRK_TIM15_IRQHandler
 .text.HAL_Init
                0x0800087e       0x30 ./Drivers/STM32L4xx_HAL_Driver/Src/stm32l4xx_hal.o
                0x0800087e                HAL_Init
 *fill*         0x080008ae        0x2 
 .text.HAL_InitTick
                0x080008b0       0x78 ./Drivers/STM32L4xx_HAL_Driver/Src/stm32l4xx_hal.o
                0x080008b0                HAL_InitTick
 .text.HAL_IncTick
                0x08000928       0x28 ./Drivers/STM32L4xx_HAL_Driver/Src/stm32l4xx_hal.o
                0x08000928                HAL_IncTick
 .text.HAL_GetTick
                0x08000950       0x18 ./Drivers/STM32L4xx_HAL_Driver/Src/stm32l4xx_hal.o
                0x08000950                HAL_GetTick
 .text.__NVIC_SetPriorityGrouping
                0x08000968       0x48 ./Drivers/STM32L4xx_HAL_Driver/Src/stm32l4xx_hal_cortex.o
 .text.__NVIC_GetPriorityGrouping
                0x080009b0       0x1c ./Drivers/STM32L4xx_HAL_Driver/Src/stm32l4xx_hal_cortex.o
 .text.__NVIC_SetPriority
                0x080009cc       0x54 ./Drivers/STM32L4xx_HAL_Driver/Src/stm32l4xx_hal_cortex.o
 .text.NVIC_EncodePriority
                0x08000a20       0x66 ./Drivers/STM32L4xx_HAL_Driver/Src/stm32l4xx_hal_cortex.o
 *fill*         0x08000a86        0x2 
 .text.SysTick_Config
                0x08000a88       0x44 ./Drivers/STM32L4xx_HAL_Driver/Src/stm32l4xx_hal_cortex.o
 .text.HAL_NVIC_SetPriorityGrouping
                0x08000acc       0x16 ./Drivers/STM32L4xx_HAL_Driver/Src/stm32l4xx_hal_cortex.o
                0x08000acc                HAL_NVIC_SetPriorityGrouping
 .text.HAL_NVIC_SetPriority
                0x08000ae2       0x38 ./Drivers/STM32L4xx_HAL_Driver/Src/stm32l4xx_hal_cortex.o
                0x08000ae2                HAL_NVIC_SetPriority
 .text.HAL_SYSTICK_Config
                0x08000b1a       0x18 ./Drivers/STM32L4xx_HAL_Driver/Src/stm32l4xx_hal_cortex.o
                0x08000b1a                HAL_SYSTICK_Config
 *fill*         0x08000b32        0x2 
 .text.HAL_PWREx_GetVoltageRange
                0x08000b34       0x40 ./Drivers/STM32L4xx_HAL_Driver/Src/stm32l4xx_hal_pwr_ex.o
                0x08000b34                HAL_PWREx_GetVoltageRange
 .text.HAL_PWREx_ControlVoltageScaling
                0x08000b74      0x148 ./Drivers/STM32L4xx_HAL_Driver/Src/stm32l4xx_hal_pwr_ex.o
                0x08000b74                HAL_PWREx_ControlVoltageScaling
 .text.HAL_RCC_OscConfig
                0x08000cbc      0x834 ./Drivers/STM32L4xx_HAL_Driver/Src/stm32l4xx_hal_rcc.o
                0x08000cbc                HAL_RCC_OscConfig
 .text.HAL_RCC_ClockConfig
                0x080014f0      0x274 ./Drivers/STM32L4xx_HAL_Driver/Src/stm32l4xx_hal_rcc.o
                0x080014f0                HAL_RCC_ClockConfig
 .text.HAL_RCC_GetSysClockFreq
                0x08001764      0x118 ./Drivers/STM32L4xx_HAL_Driver/Src/stm32l4xx_hal_rcc.o
                0x08001764                HAL_RCC_GetSysClockFreq
 .text.RCC_SetFlashLatencyFromMSIRange
                0x0800187c       0xb4 ./Drivers/STM32L4xx_HAL_Driver/Src/stm32l4xx_hal_rcc.o
 .text.RCC_GetSysClockFreqFromPLLSource
                0x08001930       0xcc ./Drivers/STM32L4xx_HAL_Driver/Src/stm32l4xx_hal_rcc.o
 .text.arm_max_f32
                0x080019fc       0xd8 ../Core/Lib\libarm_cortexM4lf_math.a(arm_max_f32.o)
                0x080019fc                arm_max_f32
 .text.arm_sin_f32
                0x08001ad4       0x8c ../Core/Lib\libarm_cortexM4lf_math.a(arm_sin_f32.o)
                0x08001ad4                arm_sin_f32
 .text.arm_cos_f32
                0x08001b60       0x94 ../Core/Lib\libarm_cortexM4lf_math.a(arm_cos_f32.o)
                0x08001b60                arm_cos_f32
 .text.memset   0x08001bf4       0x10 C:/ST/STM32CubeIDE_1.19.0/STM32CubeIDE/plugins/com.st.stm32cube.ide.mcu.externaltools.gnu-tools-for-stm32.13.3.rel1.win32_1.0.0.202411081344/tools/bin/../lib/gcc/arm-none-eabi/13.3.1/../../../../arm-none-eabi/lib/thumb/v7e-m+fp/hard\libc_nano.a(libc_a-memset.o)
                0x08001bf4                memset
 .text.__errno  0x08001c04        0xc C:/ST/STM32CubeIDE_1.19.0/STM32CubeIDE/plugins/com.st.stm32cube.ide.mcu.externaltools.gnu-tools-for-stm32.13.3.rel1.win32_1.0.0.202411081344/tools/bin/../lib/gcc/arm-none-eabi/13.3.1/../../../../arm-none-eabi/lib/thumb/v7e-m+fp/hard\libc_nano.a(libc_a-errno.o)
                0x08001c04                __errno
 .text.__libc_init_array
                0x08001c10       0x48 C:/ST/STM32CubeIDE_1.19.0/STM32CubeIDE/plugins/com.st.stm32cube.ide.mcu.externaltools.gnu-tools-for-stm32.13.3.rel1.win32_1.0.0.202411081344/tools/bin/../lib/gcc/arm-none-eabi/13.3.1/../../../../arm-none-eabi/lib/thumb/v7e-m+fp/hard\libc_nano.a(libc_a-init.o)
                0x08001c10                __libc_init_array
 .text.sqrtf    0x08001c58       0x3c C:/ST/STM32CubeIDE_1.19.0/STM32CubeIDE/plugins/com.st.stm32cube.ide.mcu.externaltools.gnu-tools-for-stm32.13.3.rel1.win32_1.0.0.202411081344/tools/bin/../lib/gcc/arm-none-eabi/13.3.1/../../../../arm-none-eabi/lib/thumb/v7e-m+fp/hard\libm.a(libm_a-wf_sqrt.o)
                0x08001c58                sqrtf
 .text.__ieee754_sqrtf
                0x08001c94        0x6 C:/ST/STM32CubeIDE_1.19.0/STM32CubeIDE/plugins/com.st.stm32cube.ide.mcu.externaltools.gnu-tools-for-stm32.13.3.rel1.win32_1.0.0.202411081344/tools/bin/../lib/gcc/arm-none-eabi/13.3.1/../../../../arm-none-eabi/lib/thumb/v7e-m+fp/hard\libm.a(libm_a-ef_sqrt.o)
                0x08001c94                __ieee754_sqrtf
 *(.glue_7)
 .glue_7        0x08001c9a        0x0 linker stubs
 *(.glue_7t)
 .glue_7t       0x08001c9a        0x0 linker stubs
 *(.eh_frame)
 *fill*         0x08001c9a        0x2 
 .eh_frame      0x08001c9c        0x0 C:/ST/STM32CubeIDE_1.19.0/STM32CubeIDE/plugins/com.st.stm32cube.ide.mcu.externaltools.gnu-tools-for-stm32.13.3.rel1.win32_1.0.0.202411081344/tools/bin/../lib/gcc/arm-none-eabi/13.3.1/thumb/v7e-m+fp/hard/crtbegin.o
 *(.init)
 .init          0x08001c9c        0x4 C:/ST/STM32CubeIDE_1.19.0/STM32CubeIDE/plugins/com.st.stm32cube.ide.mcu.externaltools.gnu-tools-for-stm32.13.3.rel1.win32_1.0.0.202411081344/tools/bin/../lib/gcc/arm-none-eabi/13.3.1/thumb/v7e-m+fp/hard/crti.o
                0x08001c9c                _init
 .init          0x08001ca0        0x8 C:/ST/STM32CubeIDE_1.19.0/STM32CubeIDE/plugins/com.st.stm32cube.ide.mcu.externaltools.gnu-tools-for-stm32.13.3.rel1.win32_1.0.0.202411081344/tools/bin/../lib/gcc/arm-none-eabi/13.3.1/thumb/v7e-m+fp/hard/crtn.o
 *(.fini)
 .fini          0x08001ca8        0x4 C:/ST/STM32CubeIDE_1.19.0/STM32CubeIDE/plugins/com.st.stm32cube.ide.mcu.externaltools.gnu-tools-for-stm32.13.3.rel1.win32_1.0.0.202411081344/tools/bin/../lib/gcc/arm-none-eabi/13.3.1/thumb/v7e-m+fp/hard/crti.o
                0x08001ca8                _fini
 .fini          0x08001cac        0x8 C:/ST/STM32CubeIDE_1.19.0/STM32CubeIDE/plugins/com.st.stm32cube.ide.mcu.externaltools.gnu-tools-for-stm32.13.3.rel1.win32_1.0.0.202411081344/tools/bin/../lib/gcc/arm-none-eabi/13.3.1/thumb/v7e-m+fp/hard/crtn.o
                0x08001cb4                        . = ALIGN (0x4)
                0x08001cb4                        _etext = .

.vfp11_veneer   0x08001cb4        0x0
 .vfp11_veneer  0x08001cb4        0x0 linker stubs

.v4_bx          0x08001cb4        0x0
 .v4_bx         0x08001cb4        0x0 linker stubs

.iplt           0x08001cb4        0x0
 .iplt          0x08001cb4        0x0 C:/ST/STM32CubeIDE_1.19.0/STM32CubeIDE/plugins/com.st.stm32cube.ide.mcu.externaltools.gnu-tools-for-stm32.13.3.rel1.win32_1.0.0.202411081344/tools/bin/../lib/gcc/arm-none-eabi/13.3.1/thumb/v7e-m+fp/hard/crtbegin.o

.rodata         0x08001cb4      0x86c
                0x08001cb4                        . = ALIGN (0x4)
 *(.rodata)
 .rodata        0x08001cb4       0x28 ./Core/Src/main.o
 *(.rodata*)
 .rodata.AHBPrescTable
                0x08001cdc       0x10 ./Core/Src/system_stm32l4xx.o
                0x08001cdc                AHBPrescTable
 .rodata.MSIRangeTable
                0x08001cec       0x30 ./Core/Src/system_stm32l4xx.o
                0x08001cec                MSIRangeTable
 .rodata.sinTable_f32
                0x08001d1c      0x804 ../Core/Lib\libarm_cortexM4lf_math.a(arm_common_tables.o)
                0x08001d1c                sinTable_f32
                0x08002520                        . = ALIGN (0x4)

.ARM.extab      0x08002520        0x0
                0x08002520                        . = ALIGN (0x4)
 *(.ARM.extab* .gnu.linkonce.armextab.*)
                0x08002520                        . = ALIGN (0x4)

.ARM            0x08002520        0x0
                0x08002520                        . = ALIGN (0x4)
                0x08002520                        __exidx_start = .
 *(.ARM.exidx*)
                0x08002520                        __exidx_end = .
                0x08002520                        . = ALIGN (0x4)

.preinit_array  0x08002520        0x0
                0x08002520                        . = ALIGN (0x4)
                0x08002520                        PROVIDE (__preinit_array_start = .)
 *(.preinit_array*)
                0x08002520                        PROVIDE (__preinit_array_end = .)
                0x08002520                        . = ALIGN (0x4)

.init_array     0x08002520        0x4
                0x08002520                        . = ALIGN (0x4)
                0x08002520                        PROVIDE (__init_array_start = .)
 *(SORT_BY_NAME(.init_array.*))
 *(.init_array*)
 .init_array    0x08002520        0x4 C:/ST/STM32CubeIDE_1.19.0/STM32CubeIDE/plugins/com.st.stm32cube.ide.mcu.externaltools.gnu-tools-for-stm32.13.3.rel1.win32_1.0.0.202411081344/tools/bin/../lib/gcc/arm-none-eabi/13.3.1/thumb/v7e-m+fp/hard/crtbegin.o
                0x08002524                        PROVIDE (__init_array_end = .)
                0x08002524                        . = ALIGN (0x4)

.fini_array     0x08002524        0x4
                0x08002524                        . = ALIGN (0x4)
                [!provide]                        PROVIDE (__fini_array_start = .)
 *(SORT_BY_NAME(.fini_array.*))
 *(.fini_array*)
 .fini_array    0x08002524        0x4 C:/ST/STM32CubeIDE_1.19.0/STM32CubeIDE/plugins/com.st.stm32cube.ide.mcu.externaltools.gnu-tools-for-stm32.13.3.rel1.win32_1.0.0.202411081344/tools/bin/../lib/gcc/arm-none-eabi/13.3.1/thumb/v7e-m+fp/hard/crtbegin.o
                [!provide]                        PROVIDE (__fini_array_end = .)
                0x08002528                        . = ALIGN (0x4)
                0x08002528                        _sidata = LOADADDR (.data)

.rel.dyn        0x08002528        0x0
 .rel.iplt      0x08002528        0x0 C:/ST/STM32CubeIDE_1.19.0/STM32CubeIDE/plugins/com.st.stm32cube.ide.mcu.externaltools.gnu-tools-for-stm32.13.3.rel1.win32_1.0.0.202411081344/tools/bin/../lib/gcc/arm-none-eabi/13.3.1/thumb/v7e-m+fp/hard/crtbegin.o

.data           0x20000000       0x5c load address 0x08002528
                0x20000000                        . = ALIGN (0x4)
                0x20000000                        _sdata = .
 *(.data)
 *(.data*)
 .data.SystemCoreClock
                0x20000000        0x4 ./Core/Src/system_stm32l4xx.o
                0x20000000                SystemCoreClock
 .data.uwTickPrio
                0x20000004        0x4 ./Drivers/STM32L4xx_HAL_Driver/Src/stm32l4xx_hal.o
                0x20000004                uwTickPrio
 .data.uwTickFreq
                0x20000008        0x1 ./Drivers/STM32L4xx_HAL_Driver/Src/stm32l4xx_hal.o
                0x20000008                uwTickFreq
 *fill*         0x20000009        0x3 
 .data._impure_ptr
                0x2000000c        0x4 C:/ST/STM32CubeIDE_1.19.0/STM32CubeIDE/plugins/com.st.stm32cube.ide.mcu.externaltools.gnu-tools-for-stm32.13.3.rel1.win32_1.0.0.202411081344/tools/bin/../lib/gcc/arm-none-eabi/13.3.1/../../../../arm-none-eabi/lib/thumb/v7e-m+fp/hard\libc_nano.a(libc_a-impure.o)
                0x2000000c                _impure_ptr
 .data._impure_data
                0x20000010       0x4c C:/ST/STM32CubeIDE_1.19.0/STM32CubeIDE/plugins/com.st.stm32cube.ide.mcu.externaltools.gnu-tools-for-stm32.13.3.rel1.win32_1.0.0.202411081344/tools/bin/../lib/gcc/arm-none-eabi/13.3.1/../../../../arm-none-eabi/lib/thumb/v7e-m+fp/hard\libc_nano.a(libc_a-impure.o)
                0x20000010                _impure_data
 *(.RamFunc)
 *(.RamFunc*)
                0x2000005c                        . = ALIGN (0x4)
                0x2000005c                        _edata = .

.igot.plt       0x2000005c        0x0 load address 0x08002584
 .igot.plt      0x2000005c        0x0 C:/ST/STM32CubeIDE_1.19.0/STM32CubeIDE/plugins/com.st.stm32cube.ide.mcu.externaltools.gnu-tools-for-stm32.13.3.rel1.win32_1.0.0.202411081344/tools/bin/../lib/gcc/arm-none-eabi/13.3.1/thumb/v7e-m+fp/hard/crtbegin.o
                0x2000005c                        . = ALIGN (0x4)

.bss            0x2000005c      0x158 load address 0x08002584
                0x2000005c                        _sbss = .
                0x2000005c                        __bss_start__ = _sbss
 *(.bss)
 .bss           0x2000005c       0x1c C:/ST/STM32CubeIDE_1.19.0/STM32CubeIDE/plugins/com.st.stm32cube.ide.mcu.externaltools.gnu-tools-for-stm32.13.3.rel1.win32_1.0.0.202411081344/tools/bin/../lib/gcc/arm-none-eabi/13.3.1/thumb/v7e-m+fp/hard/crtbegin.o
 *(.bss*)
 .bss.uwTick    0x20000078        0x4 ./Drivers/STM32L4xx_HAL_Driver/Src/stm32l4xx_hal.o
                0x20000078                uwTick
 .bss.__sf      0x2000007c      0x138 C:/ST/STM32CubeIDE_1.19.0/STM32CubeIDE/plugins/com.st.stm32cube.ide.mcu.externaltools.gnu-tools-for-stm32.13.3.rel1.win32_1.0.0.202411081344/tools/bin/../lib/gcc/arm-none-eabi/13.3.1/../../../../arm-none-eabi/lib/thumb/v7e-m+fp/hard\libc_nano.a(libc_a-findfp.o)
                0x2000007c                __sf
 *(COMMON)
                0x200001b4                        . = ALIGN (0x4)
                0x200001b4                        _ebss = .
                0x200001b4                        __bss_end__ = _ebss

._user_heap_stack
                0x200001b4      0x604 load address 0x08002584
                0x200001b8                        . = ALIGN (0x8)
 *fill*         0x200001b4        0x4 
                [!provide]                        PROVIDE (end = .)
                0x200001b8                        PROVIDE (_end = .)
                0x200003b8                        . = (. + _Min_Heap_Size)
 *fill*         0x200001b8      0x200 
                0x200007b8                        . = (. + _Min_Stack_Size)
 *fill*         0x200003b8      0x400 
                0x200007b8                        . = ALIGN (0x8)

/DISCARD/
 libc.a(*)
 libm.a(*)
 libgcc.a(*)

.ARM.attributes
                0x00000000       0x30
 *(.ARM.attributes)
 .ARM.attributes
                0x00000000       0x22 C:/ST/STM32CubeIDE_1.19.0/STM32CubeIDE/plugins/com.st.stm32cube.ide.mcu.externaltools.gnu-tools-for-stm32.13.3.rel1.win32_1.0.0.202411081344/tools/bin/../lib/gcc/arm-none-eabi/13.3.1/thumb/v7e-m+fp/hard/crti.o
 .ARM.attributes
                0x00000022       0x34 C:/ST/STM32CubeIDE_1.19.0/STM32CubeIDE/plugins/com.st.stm32cube.ide.mcu.externaltools.gnu-tools-for-stm32.13.3.rel1.win32_1.0.0.202411081344/tools/bin/../lib/gcc/arm-none-eabi/13.3.1/thumb/v7e-m+fp/hard/crtbegin.o
 .ARM.attributes
                0x00000056       0x20 ./Core/Src/asmmax.o
 .ARM.attributes
                0x00000076       0x34 ./Core/Src/cmax.o
 .ARM.attributes
                0x000000aa       0x34 ./Core/Src/main.o
 .ARM.attributes
                0x000000de       0x25 ./Core/Src/nrcosasm.o
 .ARM.attributes
                0x00000103       0x34 ./Core/Src/stm32l4xx_hal_msp.o
 .ARM.attributes
                0x00000137       0x34 ./Core/Src/stm32l4xx_it.o
 .ARM.attributes
                0x0000016b       0x34 ./Core/Src/system_stm32l4xx.o
 .ARM.attributes
                0x0000019f       0x21 ./Core/Startup/startup_stm32l4s5vitx.o
 .ARM.attributes
                0x000001c0       0x34 ./Drivers/STM32L4xx_HAL_Driver/Src/stm32l4xx_hal.o
 .ARM.attributes
                0x000001f4       0x34 ./Drivers/STM32L4xx_HAL_Driver/Src/stm32l4xx_hal_cortex.o
 .ARM.attributes
                0x00000228       0x34 ./Drivers/STM32L4xx_HAL_Driver/Src/stm32l4xx_hal_pwr_ex.o
 .ARM.attributes
                0x0000025c       0x34 ./Drivers/STM32L4xx_HAL_Driver/Src/stm32l4xx_hal_rcc.o
 .ARM.attributes
                0x00000290       0x34 ../Core/Lib\libarm_cortexM4lf_math.a(arm_max_f32.o)
 .ARM.attributes
                0x000002c4       0x34 ../Core/Lib\libarm_cortexM4lf_math.a(arm_sin_f32.o)
 .ARM.attributes
                0x000002f8       0x34 ../Core/Lib\libarm_cortexM4lf_math.a(arm_cos_f32.o)
 .ARM.attributes
                0x0000032c       0x39 ../Core/Lib\libarm_cortexM4lf_math.a(arm_common_tables.o)
 .ARM.attributes
                0x00000365       0x34 C:/ST/STM32CubeIDE_1.19.0/STM32CubeIDE/plugins/com.st.stm32cube.ide.mcu.externaltools.gnu-tools-for-stm32.13.3.rel1.win32_1.0.0.202411081344/tools/bin/../lib/gcc/arm-none-eabi/13.3.1/../../../../arm-none-eabi/lib/thumb/v7e-m+fp/hard\libc_nano.a(libc_a-findfp.o)
 .ARM.attributes
                0x00000399       0x34 C:/ST/STM32CubeIDE_1.19.0/STM32CubeIDE/plugins/com.st.stm32cube.ide.mcu.externaltools.gnu-tools-for-stm32.13.3.rel1.win32_1.0.0.202411081344/tools/bin/../lib/gcc/arm-none-eabi/13.3.1/../../../../arm-none-eabi/lib/thumb/v7e-m+fp/hard\libc_nano.a(libc_a-memset.o)
 .ARM.attributes
                0x000003cd       0x34 C:/ST/STM32CubeIDE_1.19.0/STM32CubeIDE/plugins/com.st.stm32cube.ide.mcu.externaltools.gnu-tools-for-stm32.13.3.rel1.win32_1.0.0.202411081344/tools/bin/../lib/gcc/arm-none-eabi/13.3.1/../../../../arm-none-eabi/lib/thumb/v7e-m+fp/hard\libc_nano.a(libc_a-impure.o)
 .ARM.attributes
                0x00000401       0x34 C:/ST/STM32CubeIDE_1.19.0/STM32CubeIDE/plugins/com.st.stm32cube.ide.mcu.externaltools.gnu-tools-for-stm32.13.3.rel1.win32_1.0.0.202411081344/tools/bin/../lib/gcc/arm-none-eabi/13.3.1/../../../../arm-none-eabi/lib/thumb/v7e-m+fp/hard\libc_nano.a(libc_a-errno.o)
 .ARM.attributes
                0x00000435       0x34 C:/ST/STM32CubeIDE_1.19.0/STM32CubeIDE/plugins/com.st.stm32cube.ide.mcu.externaltools.gnu-tools-for-stm32.13.3.rel1.win32_1.0.0.202411081344/tools/bin/../lib/gcc/arm-none-eabi/13.3.1/../../../../arm-none-eabi/lib/thumb/v7e-m+fp/hard\libc_nano.a(libc_a-init.o)
 .ARM.attributes
                0x00000469       0x34 C:/ST/STM32CubeIDE_1.19.0/STM32CubeIDE/plugins/com.st.stm32cube.ide.mcu.externaltools.gnu-tools-for-stm32.13.3.rel1.win32_1.0.0.202411081344/tools/bin/../lib/gcc/arm-none-eabi/13.3.1/../../../../arm-none-eabi/lib/thumb/v7e-m+fp/hard\libm.a(libm_a-wf_sqrt.o)
 .ARM.attributes
                0x0000049d       0x34 C:/ST/STM32CubeIDE_1.19.0/STM32CubeIDE/plugins/com.st.stm32cube.ide.mcu.externaltools.gnu-tools-for-stm32.13.3.rel1.win32_1.0.0.202411081344/tools/bin/../lib/gcc/arm-none-eabi/13.3.1/../../../../arm-none-eabi/lib/thumb/v7e-m+fp/hard\libm.a(libm_a-ef_sqrt.o)
 .ARM.attributes
                0x000004d1       0x22 C:/ST/STM32CubeIDE_1.19.0/STM32CubeIDE/plugins/com.st.stm32cube.ide.mcu.externaltools.gnu-tools-for-stm32.13.3.rel1.win32_1.0.0.202411081344/tools/bin/../lib/gcc/arm-none-eabi/13.3.1/thumb/v7e-m+fp/hard/crtn.o
OUTPUT(lab1.elf elf32-littlearm)
LOAD linker stubs
LOAD C:/ST/STM32CubeIDE_1.19.0/STM32CubeIDE/plugins/com.st.stm32cube.ide.mcu.externaltools.gnu-tools-for-stm32.13.3.rel1.win32_1.0.0.202411081344/tools/bin/../lib/gcc/arm-none-eabi/13.3.1/../../../../arm-none-eabi/lib/thumb/v7e-m+fp/hard\libc.a
LOAD C:/ST/STM32CubeIDE_1.19.0/STM32CubeIDE/plugins/com.st.stm32cube.ide.mcu.externaltools.gnu-tools-for-stm32.13.3.rel1.win32_1.0.0.202411081344/tools/bin/../lib/gcc/arm-none-eabi/13.3.1/../../../../arm-none-eabi/lib/thumb/v7e-m+fp/hard\libm.a
LOAD C:/ST/STM32CubeIDE_1.19.0/STM32CubeIDE/plugins/com.st.stm32cube.ide.mcu.externaltools.gnu-tools-for-stm32.13.3.rel1.win32_1.0.0.202411081344/tools/bin/../lib/gcc/arm-none-eabi/13.3.1/thumb/v7e-m+fp/hard\libgcc.a

.debug_line     0x00000000     0x6b7f
 .debug_line    0x00000000       0x59 ./Core/Src/asmmax.o
 .debug_line    0x00000059      0x719 ./Core/Src/cmax.o
 .debug_line    0x00000772      0xb57 ./Core/Src/main.o
 .debug_line    0x000012c9       0x60 ./Core/Src/nrcosasm.o
 .debug_line    0x00001329      0x6fd ./Core/Src/stm32l4xx_hal_msp.o
 .debug_line    0x00001a26      0x7ac ./Core/Src/stm32l4xx_it.o
 .debug_line    0x000021d2      0x79b ./Core/Src/system_stm32l4xx.o
 .debug_line    0x0000296d       0x7a ./Core/Startup/startup_stm32l4s5vitx.o
 .debug_line    0x000029e7      0xb03 ./Drivers/STM32L4xx_HAL_Driver/Src/stm32l4xx_hal.o
 .debug_line    0x000034ea      0xc9e ./Drivers/STM32L4xx_HAL_Driver/Src/stm32l4xx_hal_cortex.o
 .debug_line    0x00004188      0xd5a ./Drivers/STM32L4xx_HAL_Driver/Src/stm32l4xx_hal_pwr_ex.o
 .debug_line    0x00004ee2     0x1148 ./Drivers/STM32L4xx_HAL_Driver/Src/stm32l4xx_hal_rcc.o
 .debug_line    0x0000602a      0x36f ../Core/Lib\libarm_cortexM4lf_math.a(arm_max_f32.o)
 .debug_line    0x00006399      0x2d0 ../Core/Lib\libarm_cortexM4lf_math.a(arm_sin_f32.o)
 .debug_line    0x00006669      0x2d3 ../Core/Lib\libarm_cortexM4lf_math.a(arm_cos_f32.o)
 .debug_line    0x0000693c      0x243 ../Core/Lib\libarm_cortexM4lf_math.a(arm_common_tables.o)

.debug_line_str
                0x00000000       0x80
 .debug_line_str
                0x00000000       0x80 ./Core/Src/asmmax.o
                                 0x4d (size before relaxing)
 .debug_line_str
                0x00000080       0x4f ./Core/Src/nrcosasm.o
 .debug_line_str
                0x00000080       0x60 ./Core/Startup/startup_stm32l4s5vitx.o

.debug_info     0x00000000     0x9724
 .debug_info    0x00000000       0x24 ./Core/Src/asmmax.o
 .debug_info    0x00000024      0x105 ./Core/Src/cmax.o
 .debug_info    0x00000129      0x9b4 ./Core/Src/main.o
 .debug_info    0x00000add       0x24 ./Core/Src/nrcosasm.o
 .debug_info    0x00000b01      0x2e9 ./Core/Src/stm32l4xx_hal_msp.o
 .debug_info    0x00000dea      0x113 ./Core/Src/stm32l4xx_it.o
 .debug_info    0x00000efd      0x5e9 ./Core/Src/system_stm32l4xx.o
 .debug_info    0x000014e6       0x30 ./Core/Startup/startup_stm32l4s5vitx.o
 .debug_info    0x00001516      0xb4f ./Drivers/STM32L4xx_HAL_Driver/Src/stm32l4xx_hal.o
 .debug_info    0x00002065      0xd9f ./Drivers/STM32L4xx_HAL_Driver/Src/stm32l4xx_hal_cortex.o
 .debug_info    0x00002e04      0xa0a ./Drivers/STM32L4xx_HAL_Driver/Src/stm32l4xx_hal_pwr_ex.o
 .debug_info    0x0000380e      0xd32 ./Drivers/STM32L4xx_HAL_Driver/Src/stm32l4xx_hal_rcc.o
 .debug_info    0x00004540      0xb3c ../Core/Lib\libarm_cortexM4lf_math.a(arm_max_f32.o)
 .debug_info    0x0000507c     0x1612 ../Core/Lib\libarm_cortexM4lf_math.a(arm_sin_f32.o)
 .debug_info    0x0000668e     0x1612 ../Core/Lib\libarm_cortexM4lf_math.a(arm_cos_f32.o)
 .debug_info    0x00007ca0     0x1a84 ../Core/Lib\libarm_cortexM4lf_math.a(arm_common_tables.o)

.debug_abbrev   0x00000000     0x1900
 .debug_abbrev  0x00000000       0x14 ./Core/Src/asmmax.o
 .debug_abbrev  0x00000014       0x9e ./Core/Src/cmax.o
 .debug_abbrev  0x000000b2      0x31f ./Core/Src/main.o
 .debug_abbrev  0x000003d1       0x14 ./Core/Src/nrcosasm.o
 .debug_abbrev  0x000003e5       0xc6 ./Core/Src/stm32l4xx_hal_msp.o
 .debug_abbrev  0x000004ab       0x73 ./Core/Src/stm32l4xx_it.o
 .debug_abbrev  0x0000051e      0x11a ./Core/Src/system_stm32l4xx.o
 .debug_abbrev  0x00000638       0x24 ./Core/Startup/startup_stm32l4s5vitx.o
 .debug_abbrev  0x0000065c      0x242 ./Drivers/STM32L4xx_HAL_Driver/Src/stm32l4xx_hal.o
 .debug_abbrev  0x0000089e      0x31c ./Drivers/STM32L4xx_HAL_Driver/Src/stm32l4xx_hal_cortex.o
 .debug_abbrev  0x00000bba      0x1f9 ./Drivers/STM32L4xx_HAL_Driver/Src/stm32l4xx_hal_pwr_ex.o
 .debug_abbrev  0x00000db3      0x306 ./Drivers/STM32L4xx_HAL_Driver/Src/stm32l4xx_hal_rcc.o
 .debug_abbrev  0x000010b9      0x212 ../Core/Lib\libarm_cortexM4lf_math.a(arm_max_f32.o)
 .debug_abbrev  0x000012cb      0x22c ../Core/Lib\libarm_cortexM4lf_math.a(arm_sin_f32.o)
 .debug_abbrev  0x000014f7      0x22c ../Core/Lib\libarm_cortexM4lf_math.a(arm_cos_f32.o)
 .debug_abbrev  0x00001723      0x1dd ../Core/Lib\libarm_cortexM4lf_math.a(arm_common_tables.o)

.debug_aranges  0x00000000      0x668
 .debug_aranges
                0x00000000       0x20 ./Core/Src/asmmax.o
 .debug_aranges
                0x00000020       0x20 ./Core/Src/cmax.o
 .debug_aranges
                0x00000040       0x60 ./Core/Src/main.o
 .debug_aranges
                0x000000a0       0x20 ./Core/Src/nrcosasm.o
 .debug_aranges
                0x000000c0       0x20 ./Core/Src/stm32l4xx_hal_msp.o
 .debug_aranges
                0x000000e0       0x60 ./Core/Src/stm32l4xx_it.o
 .debug_aranges
                0x00000140       0x28 ./Core/Src/system_stm32l4xx.o
 .debug_aranges
                0x00000168       0x28 ./Core/Startup/startup_stm32l4s5vitx.o
 .debug_aranges
                0x00000190      0x130 ./Drivers/STM32L4xx_HAL_Driver/Src/stm32l4xx_hal.o
 .debug_aranges
                0x000002c0      0x128 ./Drivers/STM32L4xx_HAL_Driver/Src/stm32l4xx_hal_cortex.o
 .debug_aranges
                0x000003e8      0x170 ./Drivers/STM32L4xx_HAL_Driver/Src/stm32l4xx_hal_pwr_ex.o
 .debug_aranges
                0x00000558       0x98 ./Drivers/STM32L4xx_HAL_Driver/Src/stm32l4xx_hal_rcc.o
 .debug_aranges
                0x000005f0       0x20 ../Core/Lib\libarm_cortexM4lf_math.a(arm_max_f32.o)
 .debug_aranges
                0x00000610       0x20 ../Core/Lib\libarm_cortexM4lf_math.a(arm_sin_f32.o)
 .debug_aranges
                0x00000630       0x20 ../Core/Lib\libarm_cortexM4lf_math.a(arm_cos_f32.o)
 .debug_aranges
                0x00000650       0x18 ../Core/Lib\libarm_cortexM4lf_math.a(arm_common_tables.o)

.debug_str      0x00000000    0xf9d5b
 .debug_str     0x00000000    0xf9d5b ./Core/Src/asmmax.o
                                 0x5b (size before relaxing)
 .debug_str     0x000f9d5b    0xf2e01 ./Core/Src/cmax.o
 .debug_str     0x000f9d5b    0xf7917 ./Core/Src/main.o
 .debug_str     0x000f9d5b       0x5d ./Core/Src/nrcosasm.o
 .debug_str     0x000f9d5b    0xf2f6a ./Core/Src/stm32l4xx_hal_msp.o
 .debug_str     0x000f9d5b    0xf2e84 ./Core/Src/stm32l4xx_it.o
 .debug_str     0x000f9d5b    0xf3031 ./Core/Src/system_stm32l4xx.o
 .debug_str     0x000f9d5b       0x7c ./Core/Startup/startup_stm32l4s5vitx.o
 .debug_str     0x000f9d5b    0xf3c0f ./Drivers/STM32L4xx_HAL_Driver/Src/stm32l4xx_hal.o
 .debug_str     0x000f9d5b    0xf38d0 ./Drivers/STM32L4xx_HAL_Driver/Src/stm32l4xx_hal_cortex.o
 .debug_str     0x000f9d5b    0xf3604 ./Drivers/STM32L4xx_HAL_Driver/Src/stm32l4xx_hal_pwr_ex.o
 .debug_str     0x000f9d5b    0xf36a4 ./Drivers/STM32L4xx_HAL_Driver/Src/stm32l4xx_hal_rcc.o
 .debug_str     0x000f9d5b      0x68b ../Core/Lib\libarm_cortexM4lf_math.a(arm_max_f32.o)
 .debug_str     0x000f9d5b      0xd42 ../Core/Lib\libarm_cortexM4lf_math.a(arm_sin_f32.o)
 .debug_str     0x000f9d5b      0xd42 ../Core/Lib\libarm_cortexM4lf_math.a(arm_cos_f32.o)
 .debug_str     0x000f9d5b      0xd1d ../Core/Lib\libarm_cortexM4lf_math.a(arm_common_tables.o)

.debug_rnglists
                0x00000000      0x425
 .debug_rnglists
                0x00000000       0x13 ./Core/Src/cmax.o
 .debug_rnglists
                0x00000013       0x47 ./Core/Src/main.o
 .debug_rnglists
                0x0000005a       0x13 ./Core/Src/stm32l4xx_hal_msp.o
 .debug_rnglists
                0x0000006d       0x43 ./Core/Src/stm32l4xx_it.o
 .debug_rnglists
                0x000000b0       0x1a ./Core/Src/system_stm32l4xx.o
 .debug_rnglists
                0x000000ca       0x19 ./Core/Startup/startup_stm32l4s5vitx.o
 .debug_rnglists
                0x000000e3       0xdf ./Drivers/STM32L4xx_HAL_Driver/Src/stm32l4xx_hal.o
 .debug_rnglists
                0x000001c2       0xda ./Drivers/STM32L4xx_HAL_Driver/Src/stm32l4xx_hal_cortex.o
 .debug_rnglists
                0x0000029c      0x115 ./Drivers/STM32L4xx_HAL_Driver/Src/stm32l4xx_hal_pwr_ex.o
 .debug_rnglists
                0x000003b1       0x74 ./Drivers/STM32L4xx_HAL_Driver/Src/stm32l4xx_hal_rcc.o

.debug_macro    0x00000000    0x28d00
 .debug_macro   0x00000000      0x1b0 ./Core/Src/cmax.o
 .debug_macro   0x000001b0      0xad8 ./Core/Src/cmax.o
 .debug_macro   0x00000c88      0x19b ./Core/Src/cmax.o
 .debug_macro   0x00000e23       0x2e ./Core/Src/cmax.o
 .debug_macro   0x00000e51       0x28 ./Core/Src/cmax.o
 .debug_macro   0x00000e79       0x22 ./Core/Src/cmax.o
 .debug_macro   0x00000e9b       0x8e ./Core/Src/cmax.o
 .debug_macro   0x00000f29       0x51 ./Core/Src/cmax.o
 .debug_macro   0x00000f7a      0x103 ./Core/Src/cmax.o
 .debug_macro   0x0000107d       0x6a ./Core/Src/cmax.o
 .debug_macro   0x000010e7      0x1df ./Core/Src/cmax.o
 .debug_macro   0x000012c6       0x1c ./Core/Src/cmax.o
 .debug_macro   0x000012e2       0x22 ./Core/Src/cmax.o
 .debug_macro   0x00001304       0xfb ./Core/Src/cmax.o
 .debug_macro   0x000013ff     0x1011 ./Core/Src/cmax.o
 .debug_macro   0x00002410      0x11f ./Core/Src/cmax.o
 .debug_macro   0x0000252f    0x1d292 ./Core/Src/cmax.o
 .debug_macro   0x0001f7c1       0x6d ./Core/Src/cmax.o
 .debug_macro   0x0001f82e     0x3902 ./Core/Src/cmax.o
 .debug_macro   0x00023130      0x190 ./Core/Src/cmax.o
 .debug_macro   0x000232c0       0x5c ./Core/Src/cmax.o
 .debug_macro   0x0002331c     0x1910 ./Core/Src/cmax.o
 .debug_macro   0x00024c2c      0x7dc ./Core/Src/cmax.o
 .debug_macro   0x00025408      0x1b9 ./Core/Src/cmax.o
 .debug_macro   0x000255c1      0x225 ./Core/Src/cmax.o
 .debug_macro   0x000257e6      0x486 ./Core/Src/cmax.o
 .debug_macro   0x00025c6c      0x1ce ./Core/Src/cmax.o
 .debug_macro   0x00025e3a       0x43 ./Core/Src/cmax.o
 .debug_macro   0x00025e7d      0x23d ./Core/Src/cmax.o
 .debug_macro   0x000260ba      0x241 ./Core/Src/cmax.o
 .debug_macro   0x000262fb      0x416 ./Core/Src/cmax.o
 .debug_macro   0x00026711       0x1c ./Core/Src/cmax.o
 .debug_macro   0x0002672d       0xf2 ./Core/Src/cmax.o
 .debug_macro   0x0002681f      0x122 ./Core/Src/cmax.o
 .debug_macro   0x00026941      0x3f6 ./Core/Src/cmax.o
 .debug_macro   0x00026d37      0x432 ./Core/Src/cmax.o
 .debug_macro   0x00027169      0x2c8 ./Core/Src/main.o
 .debug_macro   0x00027431       0x61 ./Core/Src/main.o
 .debug_macro   0x00027492       0x2a ./Core/Src/main.o
 .debug_macro   0x000274bc       0x43 ./Core/Src/main.o
 .debug_macro   0x000274ff       0x34 ./Core/Src/main.o
 .debug_macro   0x00027533      0x370 ./Core/Src/main.o
 .debug_macro   0x000278a3       0x16 ./Core/Src/main.o
 .debug_macro   0x000278b9       0x4a ./Core/Src/main.o
 .debug_macro   0x00027903       0x34 ./Core/Src/main.o
 .debug_macro   0x00027937       0x10 ./Core/Src/main.o
 .debug_macro   0x00027947       0x58 ./Core/Src/main.o
 .debug_macro   0x0002799f       0x8e ./Core/Src/main.o
 .debug_macro   0x00027a2d       0x1c ./Core/Src/main.o
 .debug_macro   0x00027a49      0x185 ./Core/Src/main.o
 .debug_macro   0x00027bce       0x10 ./Core/Src/main.o
 .debug_macro   0x00027bde       0x3c ./Core/Src/main.o
 .debug_macro   0x00027c1a       0x20 ./Core/Src/main.o
 .debug_macro   0x00027c3a      0x19b ./Core/Src/main.o
 .debug_macro   0x00027dd5      0x201 ./Core/Src/main.o
 .debug_macro   0x00027fd6       0xc8 ./Core/Src/main.o
 .debug_macro   0x0002809e      0x1b0 ./Core/Src/stm32l4xx_hal_msp.o
 .debug_macro   0x0002824e      0x1ba ./Core/Src/stm32l4xx_it.o
 .debug_macro   0x00028408      0x1a6 ./Core/Src/system_stm32l4xx.o
 .debug_macro   0x000285ae      0x1f4 ./Drivers/STM32L4xx_HAL_Driver/Src/stm32l4xx_hal.o
 .debug_macro   0x000287a2      0x1a6 ./Drivers/STM32L4xx_HAL_Driver/Src/stm32l4xx_hal_cortex.o
 .debug_macro   0x00028948      0x1d0 ./Drivers/STM32L4xx_HAL_Driver/Src/stm32l4xx_hal_pwr_ex.o
 .debug_macro   0x00028b18      0x1e8 ./Drivers/STM32L4xx_HAL_Driver/Src/stm32l4xx_hal_rcc.o

.comment        0x00000000       0xb8
 .comment       0x00000000       0xb8 ./Core/Src/cmax.o
                                 0x44 (size before relaxing)
 .comment       0x000000b8       0x44 ./Core/Src/main.o
 .comment       0x000000b8       0x44 ./Core/Src/stm32l4xx_hal_msp.o
 .comment       0x000000b8       0x44 ./Core/Src/stm32l4xx_it.o
 .comment       0x000000b8       0x44 ./Core/Src/system_stm32l4xx.o
 .comment       0x000000b8       0x44 ./Drivers/STM32L4xx_HAL_Driver/Src/stm32l4xx_hal.o
 .comment       0x000000b8       0x44 ./Drivers/STM32L4xx_HAL_Driver/Src/stm32l4xx_hal_cortex.o
 .comment       0x000000b8       0x44 ./Drivers/STM32L4xx_HAL_Driver/Src/stm32l4xx_hal_pwr_ex.o
 .comment       0x000000b8       0x44 ./Drivers/STM32L4xx_HAL_Driver/Src/stm32l4xx_hal_rcc.o
 .comment       0x000000b8       0x76 ../Core/Lib\libarm_cortexM4lf_math.a(arm_max_f32.o)
 .comment       0x000000b8       0x76 ../Core/Lib\libarm_cortexM4lf_math.a(arm_sin_f32.o)
 .comment       0x000000b8       0x76 ../Core/Lib\libarm_cortexM4lf_math.a(arm_cos_f32.o)
 .comment       0x000000b8       0x76 ../Core/Lib\libarm_cortexM4lf_math.a(arm_common_tables.o)

.debug_frame    0x00000000     0x1720
 .debug_frame   0x00000000       0x38 ./Core/Src/cmax.o
 .debug_frame   0x00000038      0x150 ./Core/Src/main.o
 .debug_frame   0x00000188       0x38 ./Core/Src/stm32l4xx_hal_msp.o
 .debug_frame   0x000001c0      0x104 ./Core/Src/stm32l4xx_it.o
 .debug_frame   0x000002c4       0x58 ./Core/Src/system_stm32l4xx.o
 .debug_frame   0x0000031c      0x498 ./Drivers/STM32L4xx_HAL_Driver/Src/stm32l4xx_hal.o
 .debug_frame   0x000007b4      0x4e8 ./Drivers/STM32L4xx_HAL_Driver/Src/stm32l4xx_hal_cortex.o
 .debug_frame   0x00000c9c      0x5c4 ./Drivers/STM32L4xx_HAL_Driver/Src/stm32l4xx_hal_pwr_ex.o
 .debug_frame   0x00001260      0x248 ./Drivers/STM32L4xx_HAL_Driver/Src/stm32l4xx_hal_rcc.o
 .debug_frame   0x000014a8       0x30 ../Core/Lib\libarm_cortexM4lf_math.a(arm_max_f32.o)
 .debug_frame   0x000014d8       0x20 ../Core/Lib\libarm_cortexM4lf_math.a(arm_sin_f32.o)
 .debug_frame   0x000014f8       0x20 ../Core/Lib\libarm_cortexM4lf_math.a(arm_cos_f32.o)
 .debug_frame   0x00001518      0x144 C:/ST/STM32CubeIDE_1.19.0/STM32CubeIDE/plugins/com.st.stm32cube.ide.mcu.externaltools.gnu-tools-for-stm32.13.3.rel1.win32_1.0.0.202411081344/tools/bin/../lib/gcc/arm-none-eabi/13.3.1/../../../../arm-none-eabi/lib/thumb/v7e-m+fp/hard\libc_nano.a(libc_a-findfp.o)
 .debug_frame   0x0000165c       0x20 C:/ST/STM32CubeIDE_1.19.0/STM32CubeIDE/plugins/com.st.stm32cube.ide.mcu.externaltools.gnu-tools-for-stm32.13.3.rel1.win32_1.0.0.202411081344/tools/bin/../lib/gcc/arm-none-eabi/13.3.1/../../../../arm-none-eabi/lib/thumb/v7e-m+fp/hard\libc_nano.a(libc_a-memset.o)
 .debug_frame   0x0000167c       0x20 C:/ST/STM32CubeIDE_1.19.0/STM32CubeIDE/plugins/com.st.stm32cube.ide.mcu.externaltools.gnu-tools-for-stm32.13.3.rel1.win32_1.0.0.202411081344/tools/bin/../lib/gcc/arm-none-eabi/13.3.1/../../../../arm-none-eabi/lib/thumb/v7e-m+fp/hard\libc_nano.a(libc_a-errno.o)
 .debug_frame   0x0000169c       0x2c C:/ST/STM32CubeIDE_1.19.0/STM32CubeIDE/plugins/com.st.stm32cube.ide.mcu.externaltools.gnu-tools-for-stm32.13.3.rel1.win32_1.0.0.202411081344/tools/bin/../lib/gcc/arm-none-eabi/13.3.1/../../../../arm-none-eabi/lib/thumb/v7e-m+fp/hard\libc_nano.a(libc_a-init.o)
 .debug_frame   0x000016c8       0x38 C:/ST/STM32CubeIDE_1.19.0/STM32CubeIDE/plugins/com.st.stm32cube.ide.mcu.externaltools.gnu-tools-for-stm32.13.3.rel1.win32_1.0.0.202411081344/tools/bin/../lib/gcc/arm-none-eabi/13.3.1/../../../../arm-none-eabi/lib/thumb/v7e-m+fp/hard\libm.a(libm_a-wf_sqrt.o)
 .debug_frame   0x00001700       0x20 C:/ST/STM32CubeIDE_1.19.0/STM32CubeIDE/plugins/com.st.stm32cube.ide.mcu.externaltools.gnu-tools-for-stm32.13.3.rel1.win32_1.0.0.202411081344/tools/bin/../lib/gcc/arm-none-eabi/13.3.1/../../../../arm-none-eabi/lib/thumb/v7e-m+fp/hard\libm.a(libm_a-ef_sqrt.o)

.debug_loc      0x00000000      0x557
 .debug_loc     0x00000000      0x363 ../Core/Lib\libarm_cortexM4lf_math.a(arm_max_f32.o)
 .debug_loc     0x00000363       0xfa ../Core/Lib\libarm_cortexM4lf_math.a(arm_sin_f32.o)
 .debug_loc     0x0000045d       0xfa ../Core/Lib\libarm_cortexM4lf_math.a(arm_cos_f32.o)

.debug_ranges   0x00000000       0x30
 .debug_ranges  0x00000000       0x10 ../Core/Lib\libarm_cortexM4lf_math.a(arm_max_f32.o)
 .debug_ranges  0x00000010       0x10 ../Core/Lib\libarm_cortexM4lf_math.a(arm_sin_f32.o)
 .debug_ranges  0x00000020       0x10 ../Core/Lib\libarm_cortexM4lf_math.a(arm_cos_f32.o)
