15:54:02 **** Incremental Build of configuration Debug for project fproject ****
make -j20 all 
arm-none-eabi-gcc "../Core/Src/main.c" -mcpu=cortex-m4 -std=gnu11 -g3 -DDEBUG -DUSE_HAL_DRIVER -DSTM32L4S5xx -c -I../Drivers/Components -I../Drivers/Components/lsm6dsl -I../Drivers/Components/Common -I../Core/Inc -I../Drivers/STM32L4xx_HAL_Driver/Inc -I../Drivers/STM32L4xx_HAL_Driver/Inc/Legacy -I../Drivers/CMSIS/Device/ST/STM32L4xx/Include -I../Drivers/CMSIS/Include -O0 -ffunction-sections -fdata-sections -Wall -fstack-usage -fcyclomatic-complexity -MMD -MP -MF"Core/Src/main.d" -MT"Core/Src/main.o" --specs=nano.specs -mfpu=fpv4-sp-d16 -mfloat-abi=hard -mthumb -o "Core/Src/main.o"
../Core/Src/main.c:103:17: warning: 'dacSampleBuffer' defined but not used [-Wunused-variable]
  103 | static uint16_t dacSampleBuffer[NSAMPLES];
      |                 ^~~~~~~~~~~~~~~
../Core/Src/main.c:98:17: warning: 'flash_addr' defined but not used [-Wunused-variable]
   98 | static uint32_t flash_addr = FLASH_ADDR_BASE;
      |                 ^~~~~~~~~~
arm-none-eabi-gcc -o "fproject.elf" @"objects.list"  -larm_cortexM4lf_math -mcpu=cortex-m4 -T"C:\Users\rafae\STM32CubeIDE\workspace_1.19.0\fproject\STM32L4S5VITX_FLASH.ld" --specs=nosys.specs -Wl,-Map="fproject.map" -Wl,--gc-sections -static -L../Core/Lib --specs=nano.specs -mfpu=fpv4-sp-d16 -mfloat-abi=hard -mthumb -Wl,--start-group -lc -lm -Wl,--end-group
Finished building target: fproject.elf
 
arm-none-eabi-size  fproject.elf 
arm-none-eabi-objdump -h -S fproject.elf  > "fproject.list"
   text	   data	    bss	    dec	    hex	filename
  47272	    160	   7040	  54472	   d4c8	fproject.elf
Finished building: default.size.stdout
 
Finished building: fproject.list
 

15:54:04 Build Finished. 0 errors, 2 warnings. (took 1s.416ms)

