18:03:52 **** Incremental Build of configuration Debug for project fproject ****
make -j20 all 
arm-none-eabi-gcc "../Core/Src/main.c" -mcpu=cortex-m4 -std=gnu11 -g3 -DDEBUG -DUSE_HAL_DRIVER -DSTM32L4S5xx -c -I../Drivers/Components -I../Drivers/Components/lsm6dsl -I../Drivers/Components/Common -I../Core/Inc -I../Drivers/STM32L4xx_HAL_Driver/Inc -I../Drivers/STM32L4xx_HAL_Driver/Inc/Legacy -I../Drivers/CMSIS/Device/ST/STM32L4xx/Include -I../Drivers/CMSIS/Include -I../Middlewares/Third_Party/FreeRTOS/Source/include -I../Middlewares/Third_Party/FreeRTOS/Source/CMSIS_RTOS -I../Middlewares/Third_Party/FreeRTOS/Source/portable/GCC/ARM_CM4F -O0 -ffunction-sections -fdata-sections -Wall -fstack-usage -fcyclomatic-complexity -MMD -MP -MF"Core/Src/main.d" -MT"Core/Src/main.o" --specs=nano.specs -mfpu=fpv4-sp-d16 -mfloat-abi=hard -mthumb -o "Core/Src/main.o"
arm-none-eabi-gcc -o "fproject.elf" @"objects.list"  -larm_cortexM4lf_math -mcpu=cortex-m4 -T"C:\Users\rafae\STM32CubeIDE\workspace_1.19.0\fproject\STM32L4S5VITX_FLASH.ld" --specs=nosys.specs -Wl,-Map="fproject.map" -Wl,--gc-sections -static -L../Core/Lib --specs=nano.specs -mfpu=fpv4-sp-d16 -mfloat-abi=hard -mthumb -Wl,--start-group -lc -lm -Wl,--end-group
Finished building target: fproject.elf
 
arm-none-eabi-size  fproject.elf 
arm-none-eabi-objdump -h -S fproject.elf  > "fproject.list"
   text	   data	    bss	    dec	    hex	filename
  55472	    164	  11100	  66736	  104b0	fproject.elf
Finished building: default.size.stdout
 
Finished building: fproject.list
 

18:03:53 Build Finished. 0 errors, 0 warnings. (took 1s.66ms)

