15:19:35 **** Incremental Build of configuration Debug for project fproject ****
make -j20 all 
arm-none-eabi-gcc "../Core/Src/main.c" -mcpu=cortex-m4 -std=gnu11 -g3 -DDEBUG -DUSE_HAL_DRIVER -DSTM32L4S5xx -c -I../Drivers/Components -I../Drivers/Components/lsm6dsl -I../Drivers/Components/Common -I../Core/Inc -I../Drivers/STM32L4xx_HAL_Driver/Inc -I../Drivers/STM32L4xx_HAL_Driver/Inc/Legacy -I../Drivers/CMSIS/Device/ST/STM32L4xx/Include -I../Drivers/CMSIS/Include -O0 -ffunction-sections -fdata-sections -Wall -fstack-usage -fcyclomatic-complexity -MMD -MP -MF"Core/Src/main.d" -MT"Core/Src/main.o" --specs=nano.specs -mfpu=fpv4-sp-d16 -mfloat-abi=hard -mthumb -o "Core/Src/main.o"
../Core/Src/main.c: In function 'main':
../Core/Src/main.c:389:13: error: invalid storage class for function 'MX_DAC1_Init'
  389 | static void MX_DAC1_Init(void)
      |             ^~~~~~~~~~~~
../Core/Src/main.c:433:13: error: invalid storage class for function 'MX_DFSDM1_Init'
  433 | static void MX_DFSDM1_Init(void)
      |             ^~~~~~~~~~~~~~
../Core/Src/main.c:486:13: error: invalid storage class for function 'MX_I2C2_Init'
  486 | static void MX_I2C2_Init(void)
      |             ^~~~~~~~~~~~
../Core/Src/main.c:534:13: error: invalid storage class for function 'MX_OCTOSPI1_Init'
  534 | static void MX_OCTOSPI1_Init(void)
      |             ^~~~~~~~~~~~~~~~
../Core/Src/main.c:582:13: error: invalid storage class for function 'MX_TIM2_Init'
  582 | static void MX_TIM2_Init(void)
      |             ^~~~~~~~~~~~
../Core/Src/main.c:627:13: error: invalid storage class for function 'MX_USART1_UART_Init'
  627 | static void MX_USART1_UART_Init(void)
      |             ^~~~~~~~~~~~~~~~~~~
../Core/Src/main.c:673:13: error: invalid storage class for function 'MX_DMA_Init'
  673 | static void MX_DMA_Init(void)
      |             ^~~~~~~~~~~
../Core/Src/main.c:695:13: error: invalid storage class for function 'MX_GPIO_Init'
  695 | static void MX_GPIO_Init(void)
      |             ^~~~~~~~~~~~
../Core/Src/main.c:779:1: error: expected declaration or statement at end of input
  779 | }
      | ^
../Core/Src/main.c: At top level:
../Core/Src/main.c:102:13: warning: 'MX_GPIO_Init' used but never defined
  102 | static void MX_GPIO_Init(void);
      |             ^~~~~~~~~~~~
../Core/Src/main.c:103:13: warning: 'MX_DMA_Init' used but never defined
  103 | static void MX_DMA_Init(void);
      |             ^~~~~~~~~~~
../Core/Src/main.c:104:13: warning: 'MX_DAC1_Init' used but never defined
  104 | static void MX_DAC1_Init(void);
      |             ^~~~~~~~~~~~
../Core/Src/main.c:105:13: warning: 'MX_TIM2_Init' used but never defined
  105 | static void MX_TIM2_Init(void);
      |             ^~~~~~~~~~~~
../Core/Src/main.c:106:13: warning: 'MX_I2C2_Init' used but never defined
  106 | static void MX_I2C2_Init(void);
      |             ^~~~~~~~~~~~
../Core/Src/main.c:107:13: warning: 'MX_USART1_UART_Init' used but never defined
  107 | static void MX_USART1_UART_Init(void);
      |             ^~~~~~~~~~~~~~~~~~~
../Core/Src/main.c:108:13: warning: 'MX_DFSDM1_Init' used but never defined
  108 | static void MX_DFSDM1_Init(void);
      |             ^~~~~~~~~~~~~~
../Core/Src/main.c:109:13: warning: 'MX_OCTOSPI1_Init' used but never defined
  109 | static void MX_OCTOSPI1_Init(void);
      |             ^~~~~~~~~~~~~~~~
../Core/Src/main.c:770:6: warning: 'Error_Handler' defined but not used [-Wunused-function]
  770 | void Error_Handler(void)
      |      ^~~~~~~~~~~~~
../Core/Src/main.c:735:6: warning: 'HAL_GPIO_EXTI_Callback' defined but not used [-Wunused-function]
  735 | void HAL_GPIO_EXTI_Callback(uint16_t GPIO_Pin)
      |      ^~~~~~~~~~~~~~~~~~~~~~
../Core/Src/main.c:695:13: warning: 'MX_GPIO_Init' defined but not used [-Wunused-function]
  695 | static void MX_GPIO_Init(void)
      |             ^~~~~~~~~~~~
../Core/Src/main.c:673:13: warning: 'MX_DMA_Init' defined but not used [-Wunused-function]
  673 | static void MX_DMA_Init(void)
      |             ^~~~~~~~~~~
../Core/Src/main.c:627:13: warning: 'MX_USART1_UART_Init' defined but not used [-Wunused-function]
  627 | static void MX_USART1_UART_Init(void)
      |             ^~~~~~~~~~~~~~~~~~~
../Core/Src/main.c:582:13: warning: 'MX_TIM2_Init' defined but not used [-Wunused-function]
  582 | static void MX_TIM2_Init(void)
      |             ^~~~~~~~~~~~
../Core/Src/main.c:534:13: warning: 'MX_OCTOSPI1_Init' defined but not used [-Wunused-function]
  534 | static void MX_OCTOSPI1_Init(void)
      |             ^~~~~~~~~~~~~~~~
../Core/Src/main.c:486:13: warning: 'MX_I2C2_Init' defined but not used [-Wunused-function]
  486 | static void MX_I2C2_Init(void)
      |             ^~~~~~~~~~~~
../Core/Src/main.c:433:13: warning: 'MX_DFSDM1_Init' defined but not used [-Wunused-function]
  433 | static void MX_DFSDM1_Init(void)
      |             ^~~~~~~~~~~~~~
../Core/Src/main.c:389:13: warning: 'MX_DAC1_Init' defined but not used [-Wunused-function]
  389 | static void MX_DAC1_Init(void)
      |             ^~~~~~~~~~~~
../Core/Src/main.c:338:6: warning: 'SystemClock_Config' defined but not used [-Wunused-function]
  338 | void SystemClock_Config(void)
      |      ^~~~~~~~~~~~~~~~~~
../Core/Src/main.c:97:17: warning: 'flash_addr' defined but not used [-Wunused-variable]
   97 | static uint32_t flash_addr = FLASH_ADDR_BASE;
      |                 ^~~~~~~~~~
make: *** [Core/Src/subdir.mk:43: Core/Src/main.o] Error 1
"make -j20 all" terminated with exit code 2. Build might be incomplete.
15:19:43 **** Incremental Build of configuration Debug for project fproject ****
make -j20 all 
arm-none-eabi-gcc "../Core/Src/main.c" -mcpu=cortex-m4 -std=gnu11 -g3 -DDEBUG -DUSE_HAL_DRIVER -DSTM32L4S5xx -c -I../Drivers/Components -I../Drivers/Components/lsm6dsl -I../Drivers/Components/Common -I../Core/Inc -I../Drivers/STM32L4xx_HAL_Driver/Inc -I../Drivers/STM32L4xx_HAL_Driver/Inc/Legacy -I../Drivers/CMSIS/Device/ST/STM32L4xx/Include -I../Drivers/CMSIS/Include -O0 -ffunction-sections -fdata-sections -Wall -fstack-usage -fcyclomatic-complexity -MMD -MP -MF"Core/Src/main.d" -MT"Core/Src/main.o" --specs=nano.specs -mfpu=fpv4-sp-d16 -mfloat-abi=hard -mthumb -o "Core/Src/main.o"
../Core/Src/main.c: In function 'main':
../Core/Src/main.c:389:13: error: invalid storage class for function 'MX_DAC1_Init'
  389 | static void MX_DAC1_Init(void)
      |             ^~~~~~~~~~~~
../Core/Src/main.c:433:13: error: invalid storage class for function 'MX_DFSDM1_Init'
  433 | static void MX_DFSDM1_Init(void)
      |             ^~~~~~~~~~~~~~
../Core/Src/main.c:486:13: error: invalid storage class for function 'MX_I2C2_Init'
  486 | static void MX_I2C2_Init(void)
      |             ^~~~~~~~~~~~
../Core/Src/main.c:534:13: error: invalid storage class for function 'MX_OCTOSPI1_Init'
  534 | static void MX_OCTOSPI1_Init(void)
      |             ^~~~~~~~~~~~~~~~
../Core/Src/main.c:582:13: error: invalid storage class for function 'MX_TIM2_Init'
  582 | static void MX_TIM2_Init(void)
      |             ^~~~~~~~~~~~
../Core/Src/main.c:627:13: error: invalid storage class for function 'MX_USART1_UART_Init'
  627 | static void MX_USART1_UART_Init(void)
      |             ^~~~~~~~~~~~~~~~~~~
../Core/Src/main.c:673:13: error: invalid storage class for function 'MX_DMA_Init'
  673 | static void MX_DMA_Init(void)
      |             ^~~~~~~~~~~
../Core/Src/main.c:695:13: error: invalid storage class for function 'MX_GPIO_Init'
  695 | static void MX_GPIO_Init(void)
      |             ^~~~~~~~~~~~
../Core/Src/main.c:779:1: error: expected declaration or statement at end of input
  779 | }
      | ^
../Core/Src/main.c: At top level:
../Core/Src/main.c:102:13: warning: 'MX_GPIO_Init' used but never defined
  102 | static void MX_GPIO_Init(void);
      |             ^~~~~~~~~~~~
../Core/Src/main.c:103:13: warning: 'MX_DMA_Init' used but never defined
  103 | static void MX_DMA_Init(void);
      |             ^~~~~~~~~~~
../Core/Src/main.c:104:13: warning: 'MX_DAC1_Init' used but never defined
  104 | static void MX_DAC1_Init(void);
      |             ^~~~~~~~~~~~
../Core/Src/main.c:105:13: warning: 'MX_TIM2_Init' used but never defined
  105 | static void MX_TIM2_Init(void);
      |             ^~~~~~~~~~~~
../Core/Src/main.c:106:13: warning: 'MX_I2C2_Init' used but never defined
  106 | static void MX_I2C2_Init(void);
      |             ^~~~~~~~~~~~
../Core/Src/main.c:107:13: warning: 'MX_USART1_UART_Init' used but never defined
  107 | static void MX_USART1_UART_Init(void);
      |             ^~~~~~~~~~~~~~~~~~~
../Core/Src/main.c:108:13: warning: 'MX_DFSDM1_Init' used but never defined
  108 | static void MX_DFSDM1_Init(void);
      |             ^~~~~~~~~~~~~~
../Core/Src/main.c:109:13: warning: 'MX_OCTOSPI1_Init' used but never defined
  109 | static void MX_OCTOSPI1_Init(void);
      |             ^~~~~~~~~~~~~~~~
../Core/Src/main.c:770:6: warning: 'Error_Handler' defined but not used [-Wunused-function]
  770 | void Error_Handler(void)
      |      ^~~~~~~~~~~~~
../Core/Src/main.c:735:6: warning: 'HAL_GPIO_EXTI_Callback' defined but not used [-Wunused-function]
  735 | void HAL_GPIO_EXTI_Callback(uint16_t GPIO_Pin)
      |      ^~~~~~~~~~~~~~~~~~~~~~
../Core/Src/main.c:695:13: warning: 'MX_GPIO_Init' defined but not used [-Wunused-function]
  695 | static void MX_GPIO_Init(void)
      |             ^~~~~~~~~~~~
../Core/Src/main.c:673:13: warning: 'MX_DMA_Init' defined but not used [-Wunused-function]
  673 | static void MX_DMA_Init(void)
      |             ^~~~~~~~~~~
../Core/Src/main.c:627:13: warning: 'MX_USART1_UART_Init' defined but not used [-Wunused-function]
  627 | static void MX_USART1_UART_Init(void)
      |             ^~~~~~~~~~~~~~~~~~~
../Core/Src/main.c:582:13: warning: 'MX_TIM2_Init' defined but not used [-Wunused-function]
  582 | static void MX_TIM2_Init(void)
      |             ^~~~~~~~~~~~
../Core/Src/main.c:534:13: warning: 'MX_OCTOSPI1_Init' defined but not used [-Wunused-function]
  534 | static void MX_OCTOSPI1_Init(void)
      |             ^~~~~~~~~~~~~~~~
../Core/Src/main.c:486:13: warning: 'MX_I2C2_Init' defined but not used [-Wunused-function]
  486 | static void MX_I2C2_Init(void)
      |             ^~~~~~~~~~~~
../Core/Src/main.c:433:13: warning: 'MX_DFSDM1_Init' defined but not used [-Wunused-function]
  433 | static void MX_DFSDM1_Init(void)
      |             ^~~~~~~~~~~~~~
../Core/Src/main.c:389:13: warning: 'MX_DAC1_Init' defined but not used [-Wunused-function]
  389 | static void MX_DAC1_Init(void)
      |             ^~~~~~~~~~~~
../Core/Src/main.c:338:6: warning: 'SystemClock_Config' defined but not used [-Wunused-function]
  338 | void SystemClock_Config(void)
      |      ^~~~~~~~~~~~~~~~~~
../Core/Src/main.c:97:17: warning: 'flash_addr' defined but not used [-Wunused-variable]
   97 | static uint32_t flash_addr = FLASH_ADDR_BASE;
      |                 ^~~~~~~~~~
make: *** [Core/Src/subdir.mk:43: Core/Src/main.o] Error 1
"make -j20 all" terminated with exit code 2. Build might be incomplete.
15:20:44 **** Incremental Build of configuration Debug for project fproject ****
make -j20 all 
arm-none-eabi-gcc "../Core/Src/main.c" -mcpu=cortex-m4 -std=gnu11 -g3 -DDEBUG -DUSE_HAL_DRIVER -DSTM32L4S5xx -c -I../Drivers/Components -I../Drivers/Components/lsm6dsl -I../Drivers/Components/Common -I../Core/Inc -I../Drivers/STM32L4xx_HAL_Driver/Inc -I../Drivers/STM32L4xx_HAL_Driver/Inc/Legacy -I../Drivers/CMSIS/Device/ST/STM32L4xx/Include -I../Drivers/CMSIS/Include -O0 -ffunction-sections -fdata-sections -Wall -fstack-usage -fcyclomatic-complexity -MMD -MP -MF"Core/Src/main.d" -MT"Core/Src/main.o" --specs=nano.specs -mfpu=fpv4-sp-d16 -mfloat-abi=hard -mthumb -o "Core/Src/main.o"
../Core/Src/main.c:97:17: warning: 'flash_addr' defined but not used [-Wunused-variable]
   97 | static uint32_t flash_addr = FLASH_ADDR_BASE;
      |                 ^~~~~~~~~~
arm-none-eabi-gcc -o "fproject.elf" @"objects.list"  -larm_cortexM4lf_math -mcpu=cortex-m4 -T"C:\Users\rafae\STM32CubeIDE\workspace_1.19.0\fproject\STM32L4S5VITX_FLASH.ld" --specs=nosys.specs -Wl,-Map="fproject.map" -Wl,--gc-sections -static -L../Core/Lib --specs=nano.specs -mfpu=fpv4-sp-d16 -mfloat-abi=hard -mthumb -Wl,--start-group -lc -lm -Wl,--end-group
Finished building target: fproject.elf
 
arm-none-eabi-size  fproject.elf 
arm-none-eabi-objdump -h -S fproject.elf  > "fproject.list"
   text	   data	    bss	    dec	    hex	filename
  46316	    160	   4992	  51468	   c90c	fproject.elf
Finished building: default.size.stdout
 
Finished building: fproject.list
 
15:22:42 **** Incremental Build of configuration Debug for project fproject ****
make -j20 all 
arm-none-eabi-size  fproject.elf 
   text	   data	    bss	    dec	    hex	filename
  46316	    160	   4992	  51468	   c90c	fproject.elf
Finished building: default.size.stdout
 
15:22:57 **** Incremental Build of configuration Debug for project fproject ****
make -j20 all 
arm-none-eabi-size  fproject.elf 
   text	   data	    bss	    dec	    hex	filename
  46316	    160	   4992	  51468	   c90c	fproject.elf
Finished building: default.size.stdout
 
15:31:37 **** Incremental Build of configuration Debug for project fproject ****
make -j20 all 
arm-none-eabi-gcc "../Core/Src/main.c" -mcpu=cortex-m4 -std=gnu11 -g3 -DDEBUG -DUSE_HAL_DRIVER -DSTM32L4S5xx -c -I../Drivers/Components -I../Drivers/Components/lsm6dsl -I../Drivers/Components/Common -I../Core/Inc -I../Drivers/STM32L4xx_HAL_Driver/Inc -I../Drivers/STM32L4xx_HAL_Driver/Inc/Legacy -I../Drivers/CMSIS/Device/ST/STM32L4xx/Include -I../Drivers/CMSIS/Include -O0 -ffunction-sections -fdata-sections -Wall -fstack-usage -fcyclomatic-complexity -MMD -MP -MF"Core/Src/main.d" -MT"Core/Src/main.o" --specs=nano.specs -mfpu=fpv4-sp-d16 -mfloat-abi=hard -mthumb -o "Core/Src/main.o"
../Core/Src/main.c:97:17: warning: 'flash_addr' defined but not used [-Wunused-variable]
   97 | static uint32_t flash_addr = FLASH_ADDR_BASE;
      |                 ^~~~~~~~~~
arm-none-eabi-gcc -o "fproject.elf" @"objects.list"  -larm_cortexM4lf_math -mcpu=cortex-m4 -T"C:\Users\rafae\STM32CubeIDE\workspace_1.19.0\fproject\STM32L4S5VITX_FLASH.ld" --specs=nosys.specs -Wl,-Map="fproject.map" -Wl,--gc-sections -static -L../Core/Lib --specs=nano.specs -mfpu=fpv4-sp-d16 -mfloat-abi=hard -mthumb -Wl,--start-group -lc -lm -Wl,--end-group
Finished building target: fproject.elf
 
arm-none-eabi-size  fproject.elf 
arm-none-eabi-objdump -h -S fproject.elf  > "fproject.list"
   text	   data	    bss	    dec	    hex	filename
  46312	    160	   4992	  51464	   c908	fproject.elf
Finished building: default.size.stdout
 
Finished building: fproject.list
 
15:46:45 **** Incremental Build of configuration Debug for project fproject ****
make -j20 all 
arm-none-eabi-gcc "../Core/Src/main.c" -mcpu=cortex-m4 -std=gnu11 -g3 -DDEBUG -DUSE_HAL_DRIVER -DSTM32L4S5xx -c -I../Drivers/Components -I../Drivers/Components/lsm6dsl -I../Drivers/Components/Common -I../Core/Inc -I../Drivers/STM32L4xx_HAL_Driver/Inc -I../Drivers/STM32L4xx_HAL_Driver/Inc/Legacy -I../Drivers/CMSIS/Device/ST/STM32L4xx/Include -I../Drivers/CMSIS/Include -O0 -ffunction-sections -fdata-sections -Wall -fstack-usage -fcyclomatic-complexity -MMD -MP -MF"Core/Src/main.d" -MT"Core/Src/main.o" --specs=nano.specs -mfpu=fpv4-sp-d16 -mfloat-abi=hard -mthumb -o "Core/Src/main.o"
../Core/Src/main.c:102:27: error: 'NSAMPLES' undeclared here (not in a function)
  102 | static int32_t  micBuffer[NSAMPLES];
      |                           ^~~~~~~~
../Core/Src/main.c: In function 'start_recording':
../Core/Src/main.c:188:3: error: 'g_record_done' undeclared (first use in this function)
  188 |   g_record_done = 0;
      |   ^~~~~~~~~~~~~
../Core/Src/main.c:188:3: note: each undeclared identifier is reported only once for each function it appears in
../Core/Src/main.c:189:3: error: 'g_request_playback' undeclared (first use in this function)
  189 |   g_request_playback = 0;        // cancel any pending playback request
      |   ^~~~~~~~~~~~~~~~~~
../Core/Src/main.c:190:13: error: 'APP_RECORDING' undeclared (first use in this function)
  190 |   g_state = APP_RECORDING;
      |             ^~~~~~~~~~~~~
../Core/Src/main.c: At top level:
../Core/Src/main.c:185:13: warning: 'start_recording' defined but not used [-Wunused-function]
  185 | static void start_recording(void)
      |             ^~~~~~~~~~~~~~~
../Core/Src/main.c:179:13: warning: 'convert_recording_to_dac' defined but not used [-Wunused-function]
  179 | static void convert_recording_to_dac(void)
      |             ^~~~~~~~~~~~~~~~~~~~~~~~
../Core/Src/main.c:104:17: warning: 'dacSampleBuffer' defined but not used [-Wunused-variable]
  104 | static uint16_t dacSampleBuffer[NSAMPLES];
      |                 ^~~~~~~~~~~~~~~
../Core/Src/main.c:102:17: warning: 'micBuffer' defined but not used [-Wunused-variable]
  102 | static int32_t  micBuffer[NSAMPLES];
      |                 ^~~~~~~~~
../Core/Src/main.c:98:17: warning: 'flash_addr' defined but not used [-Wunused-variable]
   98 | static uint32_t flash_addr = FLASH_ADDR_BASE;
      |                 ^~~~~~~~~~
make: *** [Core/Src/subdir.mk:43: Core/Src/main.o] Error 1
"make -j20 all" terminated with exit code 2. Build might be incomplete.
15:49:08 **** Incremental Build of configuration Debug for project fproject ****
make -j20 all 
arm-none-eabi-gcc "../Core/Src/main.c" -mcpu=cortex-m4 -std=gnu11 -g3 -DDEBUG -DUSE_HAL_DRIVER -DSTM32L4S5xx -c -I../Drivers/Components -I../Drivers/Components/lsm6dsl -I../Drivers/Components/Common -I../Core/Inc -I../Drivers/STM32L4xx_HAL_Driver/Inc -I../Drivers/STM32L4xx_HAL_Driver/Inc/Legacy -I../Drivers/CMSIS/Device/ST/STM32L4xx/Include -I../Drivers/CMSIS/Include -O0 -ffunction-sections -fdata-sections -Wall -fstack-usage -fcyclomatic-complexity -MMD -MP -MF"Core/Src/main.d" -MT"Core/Src/main.o" --specs=nano.specs -mfpu=fpv4-sp-d16 -mfloat-abi=hard -mthumb -o "Core/Src/main.o"
../Core/Src/main.c:103:17: warning: 'dacSampleBuffer' defined but not used [-Wunused-variable]
  103 | static uint16_t dacSampleBuffer[NSAMPLES];
      |                 ^~~~~~~~~~~~~~~
../Core/Src/main.c:98:17: warning: 'flash_addr' defined but not used [-Wunused-variable]
   98 | static uint32_t flash_addr = FLASH_ADDR_BASE;
      |                 ^~~~~~~~~~
arm-none-eabi-gcc -o "fproject.elf" @"objects.list"  -larm_cortexM4lf_math -mcpu=cortex-m4 -T"C:\Users\rafae\STM32CubeIDE\workspace_1.19.0\fproject\STM32L4S5VITX_FLASH.ld" --specs=nosys.specs -Wl,-Map="fproject.map" -Wl,--gc-sections -static -L../Core/Lib --specs=nano.specs -mfpu=fpv4-sp-d16 -mfloat-abi=hard -mthumb -Wl,--start-group -lc -lm -Wl,--end-group
Finished building target: fproject.elf
 
arm-none-eabi-size  fproject.elf 
arm-none-eabi-objdump -h -S fproject.elf  > "fproject.list"
   text	   data	    bss	    dec	    hex	filename
  47272	    160	   7040	  54472	   d4c8	fproject.elf
Finished building: default.size.stdout
 
Finished building: fproject.list
 
15:50:34 **** Incremental Build of configuration Debug for project fproject ****
make -j20 all 
arm-none-eabi-size  fproject.elf 
   text	   data	    bss	    dec	    hex	filename
  47272	    160	   7040	  54472	   d4c8	fproject.elf
Finished building: default.size.stdout
 
15:54:02 **** Incremental Build of configuration Debug for project fproject ****
make -j20 all 
arm-none-eabi-gcc "../Core/Src/main.c" -mcpu=cortex-m4 -std=gnu11 -g3 -DDEBUG -DUSE_HAL_DRIVER -DSTM32L4S5xx -c -I../Drivers/Components -I../Drivers/Components/lsm6dsl -I../Drivers/Components/Common -I../Core/Inc -I../Drivers/STM32L4xx_HAL_Driver/Inc -I../Drivers/STM32L4xx_HAL_Driver/Inc/Legacy -I../Drivers/CMSIS/Device/ST/STM32L4xx/Include -I../Drivers/CMSIS/Include -O0 -ffunction-sections -fdata-sections -Wall -fstack-usage -fcyclomatic-complexity -MMD -MP -MF"Core/Src/main.d" -MT"Core/Src/main.o" --specs=nano.specs -mfpu=fpv4-sp-d16 -mfloat-abi=hard -mthumb -o "Core/Src/main.o"
../Core/Src/main.c:103:17: warning: 'dacSampleBuffer' defined but not used [-Wunused-variable]
  103 | static uint16_t dacSampleBuffer[NSAMPLES];
      |                 ^~~~~~~~~~~~~~~
../Core/Src/main.c:98:17: warning: 'flash_addr' defined but not used [-Wunused-variable]
   98 | static uint32_t flash_addr = FLASH_ADDR_BASE;
      |                 ^~~~~~~~~~
arm-none-eabi-gcc -o "fproject.elf" @"objects.list"  -larm_cortexM4lf_math -mcpu=cortex-m4 -T"C:\Users\rafae\STM32CubeIDE\workspace_1.19.0\fproject\STM32L4S5VITX_FLASH.ld" --specs=nosys.specs -Wl,-Map="fproject.map" -Wl,--gc-sections -static -L../Core/Lib --specs=nano.specs -mfpu=fpv4-sp-d16 -mfloat-abi=hard -mthumb -Wl,--start-group -lc -lm -Wl,--end-group
Finished building target: fproject.elf
 
arm-none-eabi-size  fproject.elf 
arm-none-eabi-objdump -h -S fproject.elf  > "fproject.list"
   text	   data	    bss	    dec	    hex	filename
  47272	    160	   7040	  54472	   d4c8	fproject.elf
Finished building: default.size.stdout
 
Finished building: fproject.list
 
15:25:26 **** Incremental Build of configuration Debug for project fproject ****
make -j20 all 
arm-none-eabi-size  fproject.elf 
   text	   data	    bss	    dec	    hex	filename
  47272	    160	   7040	  54472	   d4c8	fproject.elf
Finished building: default.size.stdout
 
15:27:54 **** Incremental Build of configuration Debug for project fproject ****
make -j20 all 
arm-none-eabi-gcc "../Core/Src/main.c" -mcpu=cortex-m4 -std=gnu11 -g3 -DDEBUG -DUSE_HAL_DRIVER -DSTM32L4S5xx -c -I../Drivers/Components -I../Drivers/Components/lsm6dsl -I../Drivers/Components/Common -I../Core/Inc -I../Drivers/STM32L4xx_HAL_Driver/Inc -I../Drivers/STM32L4xx_HAL_Driver/Inc/Legacy -I../Drivers/CMSIS/Device/ST/STM32L4xx/Include -I../Drivers/CMSIS/Include -O0 -ffunction-sections -fdata-sections -Wall -fstack-usage -fcyclomatic-complexity -MMD -MP -MF"Core/Src/main.d" -MT"Core/Src/main.o" --specs=nano.specs -mfpu=fpv4-sp-d16 -mfloat-abi=hard -mthumb -o "Core/Src/main.o"
../Core/Src/main.c:104:17: warning: 'dacSampleBuffer' defined but not used [-Wunused-variable]
  104 | static uint16_t dacSampleBuffer[NSAMPLES];
      |                 ^~~~~~~~~~~~~~~
../Core/Src/main.c:99:17: warning: 'flash_addr' defined but not used [-Wunused-variable]
   99 | static uint32_t flash_addr = FLASH_ADDR_BASE;
      |                 ^~~~~~~~~~
arm-none-eabi-gcc -o "fproject.elf" @"objects.list"  -larm_cortexM4lf_math -mcpu=cortex-m4 -T"C:\Users\rafae\STM32CubeIDE\workspace_1.19.0\fproject\STM32L4S5VITX_FLASH.ld" --specs=nosys.specs -Wl,-Map="fproject.map" -Wl,--gc-sections -static -L../Core/Lib --specs=nano.specs -mfpu=fpv4-sp-d16 -mfloat-abi=hard -mthumb -Wl,--start-group -lc -lm -Wl,--end-group
Finished building target: fproject.elf
 
arm-none-eabi-size  fproject.elf 
arm-none-eabi-objdump -h -S fproject.elf  > "fproject.list"
   text	   data	    bss	    dec	    hex	filename
  47288	    160	   7048	  54496	   d4e0	fproject.elf
Finished building: default.size.stdout
 
Finished building: fproject.list
 
15:31:17 **** Incremental Build of configuration Debug for project fproject ****
make -j20 all 
arm-none-eabi-gcc "../Core/Src/main.c" -mcpu=cortex-m4 -std=gnu11 -g3 -DDEBUG -DUSE_HAL_DRIVER -DSTM32L4S5xx -c -I../Drivers/Components -I../Drivers/Components/lsm6dsl -I../Drivers/Components/Common -I../Core/Inc -I../Drivers/STM32L4xx_HAL_Driver/Inc -I../Drivers/STM32L4xx_HAL_Driver/Inc/Legacy -I../Drivers/CMSIS/Device/ST/STM32L4xx/Include -I../Drivers/CMSIS/Include -O0 -ffunction-sections -fdata-sections -Wall -fstack-usage -fcyclomatic-complexity -MMD -MP -MF"Core/Src/main.d" -MT"Core/Src/main.o" --specs=nano.specs -mfpu=fpv4-sp-d16 -mfloat-abi=hard -mthumb -o "Core/Src/main.o"
../Core/Src/main.c:104:17: warning: 'dacSampleBuffer' defined but not used [-Wunused-variable]
  104 | static uint16_t dacSampleBuffer[NSAMPLES];
      |                 ^~~~~~~~~~~~~~~
../Core/Src/main.c:99:17: warning: 'flash_addr' defined but not used [-Wunused-variable]
   99 | static uint32_t flash_addr = FLASH_ADDR_BASE;
      |                 ^~~~~~~~~~
arm-none-eabi-gcc -o "fproject.elf" @"objects.list"  -larm_cortexM4lf_math -mcpu=cortex-m4 -T"C:\Users\rafae\STM32CubeIDE\workspace_1.19.0\fproject\STM32L4S5VITX_FLASH.ld" --specs=nosys.specs -Wl,-Map="fproject.map" -Wl,--gc-sections -static -L../Core/Lib --specs=nano.specs -mfpu=fpv4-sp-d16 -mfloat-abi=hard -mthumb -Wl,--start-group -lc -lm -Wl,--end-group
Finished building target: fproject.elf
 
arm-none-eabi-size  fproject.elf 
arm-none-eabi-objdump -h -S fproject.elf  > "fproject.list"
   text	   data	    bss	    dec	    hex	filename
  47284	    160	   7048	  54492	   d4dc	fproject.elf
Finished building: default.size.stdout
 
Finished building: fproject.list
 
15:53:48 **** Incremental Build of configuration Debug for project fproject ****
make -j20 all 
arm-none-eabi-gcc "../Core/Src/main.c" -mcpu=cortex-m4 -std=gnu11 -g3 -DDEBUG -DUSE_HAL_DRIVER -DSTM32L4S5xx -c -I../Drivers/Components -I../Drivers/Components/lsm6dsl -I../Drivers/Components/Common -I../Core/Inc -I../Drivers/STM32L4xx_HAL_Driver/Inc -I../Drivers/STM32L4xx_HAL_Driver/Inc/Legacy -I../Drivers/CMSIS/Device/ST/STM32L4xx/Include -I../Drivers/CMSIS/Include -O0 -ffunction-sections -fdata-sections -Wall -fstack-usage -fcyclomatic-complexity -MMD -MP -MF"Core/Src/main.d" -MT"Core/Src/main.o" --specs=nano.specs -mfpu=fpv4-sp-d16 -mfloat-abi=hard -mthumb -o "Core/Src/main.o"
../Core/Src/main.c: In function 'main':
../Core/Src/main.c:268:43: warning: '
--- Reflex Game ---
Rules...' directive output truncated writing 310 bytes into a region of size 256 [-Wformat-truncation=]
  268 |                                           "\r\n--- Reflex Game ---\r\n"
      |                                           ^~~~~~~~~~~~~~~~~~~~~~~~~~~~~
../Core/Src/main.c:275:46: note: format string is defined here
  268 |                                           "\r\n--- Reflex Game ---\r\n"
      |                                            ~~~~~~~~~~~~~~~~~~~~~~~~~~~~
  269 |                                           "Rules:\r\n" "- 30 cues (3 sounds + 1 LED)\r\n"
      |                                           ~~~~~~~~~~~~~~~~~~~~~~~~~~~~~~~~~~~~~~~~~~~~~~~
  270 |                                           "- When LED lights -> press button\r\n"
      |                                           ~~~~~~~~~~~~~~~~~~~~~~~~~~~~~~~~~~~~~~~
  271 |                                           "- High note: tilt right. Low note: tilt left\r\n"
      |                                           ~~~~~~~~~~~~~~~~~~~~~~~~~~~~~~~~~~~~~~~~~~~~~~~~~~
  272 |                                           "- Middle note: make a sound!\r\n"
      |                                           ~~~~~~~~~~~~~~~~~~~~~~~~~~~~~~~~~~
  273 |                                           "- Start game with button press\r\n"
      |                                           ~~~~~~~~~~~~~~~~~~~~~~~~~~~~~~~~~~~~
  274 |                                           "- When game starts, listen for 3 countdown tones\r\n"
      |                                           ~~~~~~~~~~~~~~~~~~~~~~~~~~~~~~~~~~~~~~~~~~~~~~~~~~~~~~
  275 |                                           "- Score printed at end. Play again with button press\r\n\r\n" );
      |                                           ~~~^~~~~~~~~~~~~~~~~~~~~~~~~~~~~~~~~~~~~~~~~~~~~~~~~~~~~~~~~~
../Core/Src/main.c:267:42: note: 'snprintf' output 311 bytes into a destination of size 256
  267 |                           char msg[256]; snprintf(msg,sizeof(msg),
      |                                          ^~~~~~~~~~~~~~~~~~~~~~~~~
  268 |                                           "\r\n--- Reflex Game ---\r\n"
      |                                           ~~~~~~~~~~~~~~~~~~~~~~~~~~~~~
  269 |                                           "Rules:\r\n" "- 30 cues (3 sounds + 1 LED)\r\n"
      |                                           ~~~~~~~~~~~~~~~~~~~~~~~~~~~~~~~~~~~~~~~~~~~~~~~
  270 |                                           "- When LED lights -> press button\r\n"
      |                                           ~~~~~~~~~~~~~~~~~~~~~~~~~~~~~~~~~~~~~~~
  271 |                                           "- High note: tilt right. Low note: tilt left\r\n"
      |                                           ~~~~~~~~~~~~~~~~~~~~~~~~~~~~~~~~~~~~~~~~~~~~~~~~~~
  272 |                                           "- Middle note: make a sound!\r\n"
      |                                           ~~~~~~~~~~~~~~~~~~~~~~~~~~~~~~~~~~
  273 |                                           "- Start game with button press\r\n"
      |                                           ~~~~~~~~~~~~~~~~~~~~~~~~~~~~~~~~~~~~
  274 |                                           "- When game starts, listen for 3 countdown tones\r\n"
      |                                           ~~~~~~~~~~~~~~~~~~~~~~~~~~~~~~~~~~~~~~~~~~~~~~~~~~~~~~
  275 |                                           "- Score printed at end. Play again with button press\r\n\r\n" );
      |                                           ~~~~~~~~~~~~~~~~~~~~~~~~~~~~~~~~~~~~~~~~~~~~~~~~~~~~~~~~~~~~~~~~
arm-none-eabi-gcc -o "fproject.elf" @"objects.list"  -larm_cortexM4lf_math -mcpu=cortex-m4 -T"C:\Users\rafae\STM32CubeIDE\workspace_1.19.0\fproject\STM32L4S5VITX_FLASH.ld" --specs=nosys.specs -Wl,-Map="fproject.map" -Wl,--gc-sections -static -L../Core/Lib --specs=nano.specs -mfpu=fpv4-sp-d16 -mfloat-abi=hard -mthumb -Wl,--start-group -lc -lm -Wl,--end-group
Finished building target: fproject.elf
 
arm-none-eabi-size  fproject.elf 
arm-none-eabi-objdump -h -S fproject.elf  > "fproject.list"
   text	   data	    bss	    dec	    hex	filename
  48436	    160	   7072	  55668	   d974	fproject.elf
Finished building: default.size.stdout
 
Finished building: fproject.list
 
15:57:07 **** Incremental Build of configuration Debug for project fproject ****
make -j20 all 
arm-none-eabi-size  fproject.elf 
   text	   data	    bss	    dec	    hex	filename
  48436	    160	   7072	  55668	   d974	fproject.elf
Finished building: default.size.stdout
 
15:57:31 **** Incremental Build of configuration Debug for project fproject ****
make -j20 all 
arm-none-eabi-gcc "../Core/Src/main.c" -mcpu=cortex-m4 -std=gnu11 -g3 -DDEBUG -DUSE_HAL_DRIVER -DSTM32L4S5xx -c -I../Drivers/Components -I../Drivers/Components/lsm6dsl -I../Drivers/Components/Common -I../Core/Inc -I../Drivers/STM32L4xx_HAL_Driver/Inc -I../Drivers/STM32L4xx_HAL_Driver/Inc/Legacy -I../Drivers/CMSIS/Device/ST/STM32L4xx/Include -I../Drivers/CMSIS/Include -O0 -ffunction-sections -fdata-sections -Wall -fstack-usage -fcyclomatic-complexity -MMD -MP -MF"Core/Src/main.d" -MT"Core/Src/main.o" --specs=nano.specs -mfpu=fpv4-sp-d16 -mfloat-abi=hard -mthumb -o "Core/Src/main.o"
arm-none-eabi-gcc -o "fproject.elf" @"objects.list"  -larm_cortexM4lf_math -mcpu=cortex-m4 -T"C:\Users\rafae\STM32CubeIDE\workspace_1.19.0\fproject\STM32L4S5VITX_FLASH.ld" --specs=nosys.specs -Wl,-Map="fproject.map" -Wl,--gc-sections -static -L../Core/Lib --specs=nano.specs -mfpu=fpv4-sp-d16 -mfloat-abi=hard -mthumb -Wl,--start-group -lc -lm -Wl,--end-group
Finished building target: fproject.elf
 
arm-none-eabi-size  fproject.elf 
arm-none-eabi-objdump -h -S fproject.elf  > "fproject.list"
   text	   data	    bss	    dec	    hex	filename
  48436	    160	   7072	  55668	   d974	fproject.elf
Finished building: default.size.stdout
 
Finished building: fproject.list
 
16:10:46 **** Incremental Build of configuration Debug for project fproject ****
make -j20 all 
arm-none-eabi-gcc "../Core/Src/main.c" -mcpu=cortex-m4 -std=gnu11 -g3 -DDEBUG -DUSE_HAL_DRIVER -DSTM32L4S5xx -c -I../Drivers/Components -I../Drivers/Components/lsm6dsl -I../Drivers/Components/Common -I../Core/Inc -I../Drivers/STM32L4xx_HAL_Driver/Inc -I../Drivers/STM32L4xx_HAL_Driver/Inc/Legacy -I../Drivers/CMSIS/Device/ST/STM32L4xx/Include -I../Drivers/CMSIS/Include -O0 -ffunction-sections -fdata-sections -Wall -fstack-usage -fcyclomatic-complexity -MMD -MP -MF"Core/Src/main.d" -MT"Core/Src/main.o" --specs=nano.specs -mfpu=fpv4-sp-d16 -mfloat-abi=hard -mthumb -o "Core/Src/main.o"
../Core/Src/main.c: In function 'Flash_ReadStats':
../Core/Src/main.c:195:21: error: 'FLASH_ADDR_BASE' undeclared (first use in this function); did you mean 'FLASH_R_BASE'?
  195 |     uint32_t addr = FLASH_ADDR_BASE;
      |                     ^~~~~~~~~~~~~~~
      |                     FLASH_R_BASE
../Core/Src/main.c:195:21: note: each undeclared identifier is reported only once for each function it appears in
../Core/Src/main.c: In function 'Flash_WriteStats':
../Core/Src/main.c:234:30: error: 'FLASH_ADDR_BASE' undeclared (first use in this function); did you mean 'FLASH_R_BASE'?
  234 |         BSP_QSPI_Erase_Block(FLASH_ADDR_BASE);
      |                              ^~~~~~~~~~~~~~~
      |                              FLASH_R_BASE
make: *** [Core/Src/subdir.mk:43: Core/Src/main.o] Error 1
"make -j20 all" terminated with exit code 2. Build might be incomplete.
16:11:23 **** Incremental Build of configuration Debug for project fproject ****
make -j20 all 
arm-none-eabi-gcc "../Core/Src/main.c" -mcpu=cortex-m4 -std=gnu11 -g3 -DDEBUG -DUSE_HAL_DRIVER -DSTM32L4S5xx -c -I../Drivers/Components -I../Drivers/Components/lsm6dsl -I../Drivers/Components/Common -I../Core/Inc -I../Drivers/STM32L4xx_HAL_Driver/Inc -I../Drivers/STM32L4xx_HAL_Driver/Inc/Legacy -I../Drivers/CMSIS/Device/ST/STM32L4xx/Include -I../Drivers/CMSIS/Include -O0 -ffunction-sections -fdata-sections -Wall -fstack-usage -fcyclomatic-complexity -MMD -MP -MF"Core/Src/main.d" -MT"Core/Src/main.o" --specs=nano.specs -mfpu=fpv4-sp-d16 -mfloat-abi=hard -mthumb -o "Core/Src/main.o"
arm-none-eabi-gcc -o "fproject.elf" @"objects.list"  -larm_cortexM4lf_math -mcpu=cortex-m4 -T"C:\Users\rafae\STM32CubeIDE\workspace_1.19.0\fproject\STM32L4S5VITX_FLASH.ld" --specs=nosys.specs -Wl,-Map="fproject.map" -Wl,--gc-sections -static -L../Core/Lib --specs=nano.specs -mfpu=fpv4-sp-d16 -mfloat-abi=hard -mthumb -Wl,--start-group -lc -lm -Wl,--end-group
Finished building target: fproject.elf
 
arm-none-eabi-size  fproject.elf 
arm-none-eabi-objdump -h -S fproject.elf  > "fproject.list"
   text	   data	    bss	    dec	    hex	filename
  48780	    160	   7072	  56012	   dacc	fproject.elf
Finished building: default.size.stdout
 
Finished building: fproject.list
 
16:16:30 **** Incremental Build of configuration Debug for project fproject ****
make -j20 all 
arm-none-eabi-gcc "../Core/Src/main.c" -mcpu=cortex-m4 -std=gnu11 -g3 -DDEBUG -DUSE_HAL_DRIVER -DSTM32L4S5xx -c -I../Drivers/Components -I../Drivers/Components/lsm6dsl -I../Drivers/Components/Common -I../Core/Inc -I../Drivers/STM32L4xx_HAL_Driver/Inc -I../Drivers/STM32L4xx_HAL_Driver/Inc/Legacy -I../Drivers/CMSIS/Device/ST/STM32L4xx/Include -I../Drivers/CMSIS/Include -O0 -ffunction-sections -fdata-sections -Wall -fstack-usage -fcyclomatic-complexity -MMD -MP -MF"Core/Src/main.d" -MT"Core/Src/main.o" --specs=nano.specs -mfpu=fpv4-sp-d16 -mfloat-abi=hard -mthumb -o "Core/Src/main.o"
arm-none-eabi-gcc -o "fproject.elf" @"objects.list"  -larm_cortexM4lf_math -mcpu=cortex-m4 -T"C:\Users\rafae\STM32CubeIDE\workspace_1.19.0\fproject\STM32L4S5VITX_FLASH.ld" --specs=nosys.specs -Wl,-Map="fproject.map" -Wl,--gc-sections -static -L../Core/Lib --specs=nano.specs -mfpu=fpv4-sp-d16 -mfloat-abi=hard -mthumb -Wl,--start-group -lc -lm -Wl,--end-group
Finished building target: fproject.elf
 
arm-none-eabi-size  fproject.elf 
arm-none-eabi-objdump -h -S fproject.elf  > "fproject.list"
   text	   data	    bss	    dec	    hex	filename
  48840	    160	   7072	  56072	   db08	fproject.elf
Finished building: default.size.stdout
 
Finished building: fproject.list
 
16:25:30 **** Incremental Build of configuration Debug for project fproject ****
make -j20 all 
arm-none-eabi-gcc "../Core/Src/main.c" -mcpu=cortex-m4 -std=gnu11 -g3 -DDEBUG -DUSE_HAL_DRIVER -DSTM32L4S5xx -c -I../Drivers/Components -I../Drivers/Components/lsm6dsl -I../Drivers/Components/Common -I../Core/Inc -I../Drivers/STM32L4xx_HAL_Driver/Inc -I../Drivers/STM32L4xx_HAL_Driver/Inc/Legacy -I../Drivers/CMSIS/Device/ST/STM32L4xx/Include -I../Drivers/CMSIS/Include -O0 -ffunction-sections -fdata-sections -Wall -fstack-usage -fcyclomatic-complexity -MMD -MP -MF"Core/Src/main.d" -MT"Core/Src/main.o" --specs=nano.specs -mfpu=fpv4-sp-d16 -mfloat-abi=hard -mthumb -o "Core/Src/main.o"
arm-none-eabi-gcc -o "fproject.elf" @"objects.list"  -larm_cortexM4lf_math -mcpu=cortex-m4 -T"C:\Users\rafae\STM32CubeIDE\workspace_1.19.0\fproject\STM32L4S5VITX_FLASH.ld" --specs=nosys.specs -Wl,-Map="fproject.map" -Wl,--gc-sections -static -L../Core/Lib --specs=nano.specs -mfpu=fpv4-sp-d16 -mfloat-abi=hard -mthumb -Wl,--start-group -lc -lm -Wl,--end-group
Finished building target: fproject.elf
 
arm-none-eabi-size  fproject.elf 
arm-none-eabi-objdump -h -S fproject.elf  > "fproject.list"
   text	   data	    bss	    dec	    hex	filename
  48836	    160	   7072	  56068	   db04	fproject.elf
Finished building: default.size.stdout
 
Finished building: fproject.list
 
16:32:29 **** Incremental Build of configuration Debug for project fproject ****
make -j20 all 
arm-none-eabi-gcc "../Core/Src/main.c" -mcpu=cortex-m4 -std=gnu11 -g3 -DDEBUG -DUSE_HAL_DRIVER -DSTM32L4S5xx -c -I../Drivers/Components -I../Drivers/Components/lsm6dsl -I../Drivers/Components/Common -I../Core/Inc -I../Drivers/STM32L4xx_HAL_Driver/Inc -I../Drivers/STM32L4xx_HAL_Driver/Inc/Legacy -I../Drivers/CMSIS/Device/ST/STM32L4xx/Include -I../Drivers/CMSIS/Include -O0 -ffunction-sections -fdata-sections -Wall -fstack-usage -fcyclomatic-complexity -MMD -MP -MF"Core/Src/main.d" -MT"Core/Src/main.o" --specs=nano.specs -mfpu=fpv4-sp-d16 -mfloat-abi=hard -mthumb -o "Core/Src/main.o"
../Core/Src/main.c: In function 'Flash_WriteStats':
../Core/Src/main.c:234:30: error: 'FLASH_ADDRESS_BASE' undeclared (first use in this function); did you mean 'FLASH_ADDR_BASE'?
  234 |         BSP_QSPI_Erase_Block(FLASH_ADDRESS_BASE);
      |                              ^~~~~~~~~~~~~~~~~~
      |                              FLASH_ADDR_BASE
../Core/Src/main.c:234:30: note: each undeclared identifier is reported only once for each function it appears in
../Core/Src/main.c: In function 'main':
../Core/Src/main.c:298:32: error: 'FLASH_ADDRESS_BASE' undeclared (first use in this function); did you mean 'FLASH_ADDR_BASE'?
  298 |           BSP_QSPI_Erase_Block(FLASH_ADDRESS_BASE);
      |                                ^~~~~~~~~~~~~~~~~~
      |                                FLASH_ADDR_BASE
make: *** [Core/Src/subdir.mk:43: Core/Src/main.o] Error 1
"make -j20 all" terminated with exit code 2. Build might be incomplete.
16:32:57 **** Incremental Build of configuration Debug for project fproject ****
make -j20 all 
arm-none-eabi-gcc "../Core/Src/main.c" -mcpu=cortex-m4 -std=gnu11 -g3 -DDEBUG -DUSE_HAL_DRIVER -DSTM32L4S5xx -c -I../Drivers/Components -I../Drivers/Components/lsm6dsl -I../Drivers/Components/Common -I../Core/Inc -I../Drivers/STM32L4xx_HAL_Driver/Inc -I../Drivers/STM32L4xx_HAL_Driver/Inc/Legacy -I../Drivers/CMSIS/Device/ST/STM32L4xx/Include -I../Drivers/CMSIS/Include -O0 -ffunction-sections -fdata-sections -Wall -fstack-usage -fcyclomatic-complexity -MMD -MP -MF"Core/Src/main.d" -MT"Core/Src/main.o" --specs=nano.specs -mfpu=fpv4-sp-d16 -mfloat-abi=hard -mthumb -o "Core/Src/main.o"
arm-none-eabi-gcc -o "fproject.elf" @"objects.list"  -larm_cortexM4lf_math -mcpu=cortex-m4 -T"C:\Users\rafae\STM32CubeIDE\workspace_1.19.0\fproject\STM32L4S5VITX_FLASH.ld" --specs=nosys.specs -Wl,-Map="fproject.map" -Wl,--gc-sections -static -L../Core/Lib --specs=nano.specs -mfpu=fpv4-sp-d16 -mfloat-abi=hard -mthumb -Wl,--start-group -lc -lm -Wl,--end-group
Finished building target: fproject.elf
 
arm-none-eabi-size  fproject.elf 
arm-none-eabi-objdump -h -S fproject.elf  > "fproject.list"
   text	   data	    bss	    dec	    hex	filename
  49120	    160	   7072	  56352	   dc20	fproject.elf
Finished building: default.size.stdout
 
Finished building: fproject.list
 
16:33:36 **** Incremental Build of configuration Debug for project fproject ****
make -j20 all 
arm-none-eabi-gcc "../Core/Src/main.c" -mcpu=cortex-m4 -std=gnu11 -g3 -DDEBUG -DUSE_HAL_DRIVER -DSTM32L4S5xx -c -I../Drivers/Components -I../Drivers/Components/lsm6dsl -I../Drivers/Components/Common -I../Core/Inc -I../Drivers/STM32L4xx_HAL_Driver/Inc -I../Drivers/STM32L4xx_HAL_Driver/Inc/Legacy -I../Drivers/CMSIS/Device/ST/STM32L4xx/Include -I../Drivers/CMSIS/Include -O0 -ffunction-sections -fdata-sections -Wall -fstack-usage -fcyclomatic-complexity -MMD -MP -MF"Core/Src/main.d" -MT"Core/Src/main.o" --specs=nano.specs -mfpu=fpv4-sp-d16 -mfloat-abi=hard -mthumb -o "Core/Src/main.o"
arm-none-eabi-gcc -o "fproject.elf" @"objects.list"  -larm_cortexM4lf_math -mcpu=cortex-m4 -T"C:\Users\rafae\STM32CubeIDE\workspace_1.19.0\fproject\STM32L4S5VITX_FLASH.ld" --specs=nosys.specs -Wl,-Map="fproject.map" -Wl,--gc-sections -static -L../Core/Lib --specs=nano.specs -mfpu=fpv4-sp-d16 -mfloat-abi=hard -mthumb -Wl,--start-group -lc -lm -Wl,--end-group
Finished building target: fproject.elf
 
arm-none-eabi-size  fproject.elf 
arm-none-eabi-objdump -h -S fproject.elf  > "fproject.list"
   text	   data	    bss	    dec	    hex	filename
  49116	    160	   7072	  56348	   dc1c	fproject.elf
Finished building: default.size.stdout
 
Finished building: fproject.list
 
16:34:33 **** Incremental Build of configuration Debug for project fproject ****
make -j20 all 
arm-none-eabi-size  fproject.elf 
   text	   data	    bss	    dec	    hex	filename
  49116	    160	   7072	  56348	   dc1c	fproject.elf
Finished building: default.size.stdout
 
16:36:56 **** Incremental Build of configuration Debug for project fproject ****
make -j20 all 
arm-none-eabi-gcc "../Core/Src/main.c" -mcpu=cortex-m4 -std=gnu11 -g3 -DDEBUG -DUSE_HAL_DRIVER -DSTM32L4S5xx -c -I../Drivers/Components -I../Drivers/Components/lsm6dsl -I../Drivers/Components/Common -I../Core/Inc -I../Drivers/STM32L4xx_HAL_Driver/Inc -I../Drivers/STM32L4xx_HAL_Driver/Inc/Legacy -I../Drivers/CMSIS/Device/ST/STM32L4xx/Include -I../Drivers/CMSIS/Include -O0 -ffunction-sections -fdata-sections -Wall -fstack-usage -fcyclomatic-complexity -MMD -MP -MF"Core/Src/main.d" -MT"Core/Src/main.o" --specs=nano.specs -mfpu=fpv4-sp-d16 -mfloat-abi=hard -mthumb -o "Core/Src/main.o"
arm-none-eabi-gcc -o "fproject.elf" @"objects.list"  -larm_cortexM4lf_math -mcpu=cortex-m4 -T"C:\Users\rafae\STM32CubeIDE\workspace_1.19.0\fproject\STM32L4S5VITX_FLASH.ld" --specs=nosys.specs -Wl,-Map="fproject.map" -Wl,--gc-sections -static -L../Core/Lib --specs=nano.specs -mfpu=fpv4-sp-d16 -mfloat-abi=hard -mthumb -Wl,--start-group -lc -lm -Wl,--end-group
Finished building target: fproject.elf
 
arm-none-eabi-size  fproject.elf 
arm-none-eabi-objdump -h -S fproject.elf  > "fproject.list"
   text	   data	    bss	    dec	    hex	filename
  49060	    160	   7072	  56292	   dbe4	fproject.elf
Finished building: default.size.stdout
 
Finished building: fproject.list
 
16:37:43 **** Incremental Build of configuration Debug for project fproject ****
make -j20 all 
arm-none-eabi-size  fproject.elf 
   text	   data	    bss	    dec	    hex	filename
  49060	    160	   7072	  56292	   dbe4	fproject.elf
Finished building: default.size.stdout
 
16:40:35 **** Incremental Build of configuration Debug for project fproject ****
make -j20 all 
arm-none-eabi-size  fproject.elf 
   text	   data	    bss	    dec	    hex	filename
  49060	    160	   7072	  56292	   dbe4	fproject.elf
Finished building: default.size.stdout
 
16:50:44 **** Incremental Build of configuration Debug for project fproject ****
make -j20 all 
arm-none-eabi-gcc "../Core/Src/main.c" -mcpu=cortex-m4 -std=gnu11 -g3 -DDEBUG -DUSE_HAL_DRIVER -DSTM32L4S5xx -c -I../Drivers/Components -I../Drivers/Components/lsm6dsl -I../Drivers/Components/Common -I../Core/Inc -I../Drivers/STM32L4xx_HAL_Driver/Inc -I../Drivers/STM32L4xx_HAL_Driver/Inc/Legacy -I../Drivers/CMSIS/Device/ST/STM32L4xx/Include -I../Drivers/CMSIS/Include -O0 -ffunction-sections -fdata-sections -Wall -fstack-usage -fcyclomatic-complexity -MMD -MP -MF"Core/Src/main.d" -MT"Core/Src/main.o" --specs=nano.specs -mfpu=fpv4-sp-d16 -mfloat-abi=hard -mthumb -o "Core/Src/main.o"
arm-none-eabi-gcc -o "fproject.elf" @"objects.list"  -larm_cortexM4lf_math -mcpu=cortex-m4 -T"C:\Users\rafae\STM32CubeIDE\workspace_1.19.0\fproject\STM32L4S5VITX_FLASH.ld" --specs=nosys.specs -Wl,-Map="fproject.map" -Wl,--gc-sections -static -L../Core/Lib --specs=nano.specs -mfpu=fpv4-sp-d16 -mfloat-abi=hard -mthumb -Wl,--start-group -lc -lm -Wl,--end-group
Finished building target: fproject.elf
 
arm-none-eabi-size  fproject.elf 
arm-none-eabi-objdump -h -S fproject.elf  > "fproject.list"
   text	   data	    bss	    dec	    hex	filename
  48912	    160	   7072	  56144	   db50	fproject.elf
Finished building: default.size.stdout
 
Finished building: fproject.list
 
16:51:43 **** Incremental Build of configuration Debug for project fproject ****
make -j20 all 
arm-none-eabi-size  fproject.elf 
   text	   data	    bss	    dec	    hex	filename
  48912	    160	   7072	  56144	   db50	fproject.elf
Finished building: default.size.stdout
 
16:52:46 **** Incremental Build of configuration Debug for project fproject ****
make -j20 all 
arm-none-eabi-size  fproject.elf 
   text	   data	    bss	    dec	    hex	filename
  48912	    160	   7072	  56144	   db50	fproject.elf
Finished building: default.size.stdout
 
16:57:03 **** Incremental Build of configuration Debug for project fproject ****
make -j20 all 
arm-none-eabi-gcc "../Core/Src/main.c" -mcpu=cortex-m4 -std=gnu11 -g3 -DDEBUG -DUSE_HAL_DRIVER -DSTM32L4S5xx -c -I../Drivers/Components -I../Drivers/Components/lsm6dsl -I../Drivers/Components/Common -I../Core/Inc -I../Drivers/STM32L4xx_HAL_Driver/Inc -I../Drivers/STM32L4xx_HAL_Driver/Inc/Legacy -I../Drivers/CMSIS/Device/ST/STM32L4xx/Include -I../Drivers/CMSIS/Include -O0 -ffunction-sections -fdata-sections -Wall -fstack-usage -fcyclomatic-complexity -MMD -MP -MF"Core/Src/main.d" -MT"Core/Src/main.o" --specs=nano.specs -mfpu=fpv4-sp-d16 -mfloat-abi=hard -mthumb -o "Core/Src/main.o"
../Core/Src/main.c:115:17: warning: 'flash_addr' defined but not used [-Wunused-variable]
  115 | static uint32_t flash_addr = FLASH_ADDR_BASE;
      |                 ^~~~~~~~~~
arm-none-eabi-gcc -o "fproject.elf" @"objects.list"  -larm_cortexM4lf_math -mcpu=cortex-m4 -T"C:\Users\rafae\STM32CubeIDE\workspace_1.19.0\fproject\STM32L4S5VITX_FLASH.ld" --specs=nosys.specs -Wl,-Map="fproject.map" -Wl,--gc-sections -static -L../Core/Lib --specs=nano.specs -mfpu=fpv4-sp-d16 -mfloat-abi=hard -mthumb -Wl,--start-group -lc -lm -Wl,--end-group
Finished building target: fproject.elf
 
arm-none-eabi-size  fproject.elf 
arm-none-eabi-objdump -h -S fproject.elf  > "fproject.list"
   text	   data	    bss	    dec	    hex	filename
  48948	    160	   7072	  56180	   db74	fproject.elf
Finished building: default.size.stdout
 
Finished building: fproject.list
 
16:57:38 **** Incremental Build of configuration Debug for project fproject ****
make -j20 all 
arm-none-eabi-size  fproject.elf 
   text	   data	    bss	    dec	    hex	filename
  48948	    160	   7072	  56180	   db74	fproject.elf
Finished building: default.size.stdout
 
17:02:19 **** Incremental Build of configuration Debug for project fproject ****
make -j20 all 
arm-none-eabi-size  fproject.elf 
   text	   data	    bss	    dec	    hex	filename
  48948	    160	   7072	  56180	   db74	fproject.elf
Finished building: default.size.stdout
 
17:03:32 **** Incremental Build of configuration Debug for project fproject ****
make -j20 all 
arm-none-eabi-gcc "../Core/Src/main.c" -mcpu=cortex-m4 -std=gnu11 -g3 -DDEBUG -DUSE_HAL_DRIVER -DSTM32L4S5xx -c -I../Drivers/Components -I../Drivers/Components/lsm6dsl -I../Drivers/Components/Common -I../Core/Inc -I../Drivers/STM32L4xx_HAL_Driver/Inc -I../Drivers/STM32L4xx_HAL_Driver/Inc/Legacy -I../Drivers/CMSIS/Device/ST/STM32L4xx/Include -I../Drivers/CMSIS/Include -O0 -ffunction-sections -fdata-sections -Wall -fstack-usage -fcyclomatic-complexity -MMD -MP -MF"Core/Src/main.d" -MT"Core/Src/main.o" --specs=nano.specs -mfpu=fpv4-sp-d16 -mfloat-abi=hard -mthumb -o "Core/Src/main.o"
../Core/Src/main.c:115:17: warning: 'flash_addr' defined but not used [-Wunused-variable]
  115 | static uint32_t flash_addr = FLASH_ADDR_BASE;
      |                 ^~~~~~~~~~
arm-none-eabi-gcc -o "fproject.elf" @"objects.list"  -larm_cortexM4lf_math -mcpu=cortex-m4 -T"C:\Users\rafae\STM32CubeIDE\workspace_1.19.0\fproject\STM32L4S5VITX_FLASH.ld" --specs=nosys.specs -Wl,-Map="fproject.map" -Wl,--gc-sections -static -L../Core/Lib --specs=nano.specs -mfpu=fpv4-sp-d16 -mfloat-abi=hard -mthumb -Wl,--start-group -lc -lm -Wl,--end-group
Finished building target: fproject.elf
 
arm-none-eabi-size  fproject.elf 
arm-none-eabi-objdump -h -S fproject.elf  > "fproject.list"
   text	   data	    bss	    dec	    hex	filename
  49300	    160	   7072	  56532	   dcd4	fproject.elf
Finished building: default.size.stdout
 
Finished building: fproject.list
 
17:03:56 **** Incremental Build of configuration Debug for project fproject ****
make -j20 all 
arm-none-eabi-size  fproject.elf 
   text	   data	    bss	    dec	    hex	filename
  49300	    160	   7072	  56532	   dcd4	fproject.elf
Finished building: default.size.stdout
 
17:04:39 **** Incremental Build of configuration Debug for project fproject ****
make -j20 all 
arm-none-eabi-size  fproject.elf 
   text	   data	    bss	    dec	    hex	filename
  49300	    160	   7072	  56532	   dcd4	fproject.elf
Finished building: default.size.stdout
 
17:05:10 **** Incremental Build of configuration Debug for project fproject ****
make -j20 all 
arm-none-eabi-gcc "../Core/Src/main.c" -mcpu=cortex-m4 -std=gnu11 -g3 -DDEBUG -DUSE_HAL_DRIVER -DSTM32L4S5xx -c -I../Drivers/Components -I../Drivers/Components/lsm6dsl -I../Drivers/Components/Common -I../Core/Inc -I../Drivers/STM32L4xx_HAL_Driver/Inc -I../Drivers/STM32L4xx_HAL_Driver/Inc/Legacy -I../Drivers/CMSIS/Device/ST/STM32L4xx/Include -I../Drivers/CMSIS/Include -O0 -ffunction-sections -fdata-sections -Wall -fstack-usage -fcyclomatic-complexity -MMD -MP -MF"Core/Src/main.d" -MT"Core/Src/main.o" --specs=nano.specs -mfpu=fpv4-sp-d16 -mfloat-abi=hard -mthumb -o "Core/Src/main.o"
../Core/Src/main.c:115:17: warning: 'flash_addr' defined but not used [-Wunused-variable]
  115 | static uint32_t flash_addr = FLASH_ADDR_BASE;
      |                 ^~~~~~~~~~
arm-none-eabi-gcc -o "fproject.elf" @"objects.list"  -larm_cortexM4lf_math -mcpu=cortex-m4 -T"C:\Users\rafae\STM32CubeIDE\workspace_1.19.0\fproject\STM32L4S5VITX_FLASH.ld" --specs=nosys.specs -Wl,-Map="fproject.map" -Wl,--gc-sections -static -L../Core/Lib --specs=nano.specs -mfpu=fpv4-sp-d16 -mfloat-abi=hard -mthumb -Wl,--start-group -lc -lm -Wl,--end-group
Finished building target: fproject.elf
 
arm-none-eabi-size  fproject.elf 
arm-none-eabi-objdump -h -S fproject.elf  > "fproject.list"
   text	   data	    bss	    dec	    hex	filename
  48948	    160	   7072	  56180	   db74	fproject.elf
Finished building: default.size.stdout
 
Finished building: fproject.list
 
17:07:26 **** Incremental Build of configuration Debug for project fproject ****
make -j20 all 
arm-none-eabi-gcc "../Core/Src/main.c" -mcpu=cortex-m4 -std=gnu11 -g3 -DDEBUG -DUSE_HAL_DRIVER -DSTM32L4S5xx -c -I../Drivers/Components -I../Drivers/Components/lsm6dsl -I../Drivers/Components/Common -I../Core/Inc -I../Drivers/STM32L4xx_HAL_Driver/Inc -I../Drivers/STM32L4xx_HAL_Driver/Inc/Legacy -I../Drivers/CMSIS/Device/ST/STM32L4xx/Include -I../Drivers/CMSIS/Include -O0 -ffunction-sections -fdata-sections -Wall -fstack-usage -fcyclomatic-complexity -MMD -MP -MF"Core/Src/main.d" -MT"Core/Src/main.o" --specs=nano.specs -mfpu=fpv4-sp-d16 -mfloat-abi=hard -mthumb -o "Core/Src/main.o"
arm-none-eabi-gcc -o "fproject.elf" @"objects.list"  -larm_cortexM4lf_math -mcpu=cortex-m4 -T"C:\Users\rafae\STM32CubeIDE\workspace_1.19.0\fproject\STM32L4S5VITX_FLASH.ld" --specs=nosys.specs -Wl,-Map="fproject.map" -Wl,--gc-sections -static -L../Core/Lib --specs=nano.specs -mfpu=fpv4-sp-d16 -mfloat-abi=hard -mthumb -Wl,--start-group -lc -lm -Wl,--end-group
Finished building target: fproject.elf
 
arm-none-eabi-size  fproject.elf 
arm-none-eabi-objdump -h -S fproject.elf  > "fproject.list"
   text	   data	    bss	    dec	    hex	filename
  48664	    160	   7072	  55896	   da58	fproject.elf
Finished building: default.size.stdout
 
Finished building: fproject.list
 
17:08:15 **** Incremental Build of configuration Debug for project fproject ****
make -j20 all 
arm-none-eabi-size  fproject.elf 
   text	   data	    bss	    dec	    hex	filename
  48664	    160	   7072	  55896	   da58	fproject.elf
Finished building: default.size.stdout
 
17:11:32 **** Incremental Build of configuration Debug for project fproject ****
make -j20 all 
arm-none-eabi-gcc "../Core/Src/main.c" -mcpu=cortex-m4 -std=gnu11 -g3 -DDEBUG -DUSE_HAL_DRIVER -DSTM32L4S5xx -c -I../Drivers/Components -I../Drivers/Components/lsm6dsl -I../Drivers/Components/Common -I../Core/Inc -I../Drivers/STM32L4xx_HAL_Driver/Inc -I../Drivers/STM32L4xx_HAL_Driver/Inc/Legacy -I../Drivers/CMSIS/Device/ST/STM32L4xx/Include -I../Drivers/CMSIS/Include -O0 -ffunction-sections -fdata-sections -Wall -fstack-usage -fcyclomatic-complexity -MMD -MP -MF"Core/Src/main.d" -MT"Core/Src/main.o" --specs=nano.specs -mfpu=fpv4-sp-d16 -mfloat-abi=hard -mthumb -o "Core/Src/main.o"
arm-none-eabi-gcc -o "fproject.elf" @"objects.list"  -larm_cortexM4lf_math -mcpu=cortex-m4 -T"C:\Users\rafae\STM32CubeIDE\workspace_1.19.0\fproject\STM32L4S5VITX_FLASH.ld" --specs=nosys.specs -Wl,-Map="fproject.map" -Wl,--gc-sections -static -L../Core/Lib --specs=nano.specs -mfpu=fpv4-sp-d16 -mfloat-abi=hard -mthumb -Wl,--start-group -lc -lm -Wl,--end-group
Finished building target: fproject.elf
 
arm-none-eabi-size  fproject.elf 
arm-none-eabi-objdump -h -S fproject.elf  > "fproject.list"
   text	   data	    bss	    dec	    hex	filename
  48948	    160	   7072	  56180	   db74	fproject.elf
Finished building: default.size.stdout
 
Finished building: fproject.list
 
17:12:06 **** Incremental Build of configuration Debug for project fproject ****
make -j20 all 
arm-none-eabi-size  fproject.elf 
   text	   data	    bss	    dec	    hex	filename
  48948	    160	   7072	  56180	   db74	fproject.elf
Finished building: default.size.stdout
 
17:18:26 **** Incremental Build of configuration Debug for project fproject ****
make -j20 all 
arm-none-eabi-size  fproject.elf 
   text	   data	    bss	    dec	    hex	filename
  48948	    160	   7072	  56180	   db74	fproject.elf
Finished building: default.size.stdout
 
17:21:04 **** Incremental Build of configuration Debug for project fproject ****
make -j20 all 
arm-none-eabi-gcc "../Core/Src/main.c" -mcpu=cortex-m4 -std=gnu11 -g3 -DDEBUG -DUSE_HAL_DRIVER -DSTM32L4S5xx -c -I../Drivers/Components -I../Drivers/Components/lsm6dsl -I../Drivers/Components/Common -I../Core/Inc -I../Drivers/STM32L4xx_HAL_Driver/Inc -I../Drivers/STM32L4xx_HAL_Driver/Inc/Legacy -I../Drivers/CMSIS/Device/ST/STM32L4xx/Include -I../Drivers/CMSIS/Include -O0 -ffunction-sections -fdata-sections -Wall -fstack-usage -fcyclomatic-complexity -MMD -MP -MF"Core/Src/main.d" -MT"Core/Src/main.o" --specs=nano.specs -mfpu=fpv4-sp-d16 -mfloat-abi=hard -mthumb -o "Core/Src/main.o"
arm-none-eabi-gcc -o "fproject.elf" @"objects.list"  -larm_cortexM4lf_math -mcpu=cortex-m4 -T"C:\Users\rafae\STM32CubeIDE\workspace_1.19.0\fproject\STM32L4S5VITX_FLASH.ld" --specs=nosys.specs -Wl,-Map="fproject.map" -Wl,--gc-sections -static -L../Core/Lib --specs=nano.specs -mfpu=fpv4-sp-d16 -mfloat-abi=hard -mthumb -Wl,--start-group -lc -lm -Wl,--end-group
Finished building target: fproject.elf
 
arm-none-eabi-size  fproject.elf 
arm-none-eabi-objdump -h -S fproject.elf  > "fproject.list"
   text	   data	    bss	    dec	    hex	filename
  48956	    160	   7072	  56188	   db7c	fproject.elf
Finished building: default.size.stdout
 
Finished building: fproject.list
 
17:21:39 **** Incremental Build of configuration Debug for project fproject ****
make -j20 all 
arm-none-eabi-gcc "../Core/Src/main.c" -mcpu=cortex-m4 -std=gnu11 -g3 -DDEBUG -DUSE_HAL_DRIVER -DSTM32L4S5xx -c -I../Drivers/Components -I../Drivers/Components/lsm6dsl -I../Drivers/Components/Common -I../Core/Inc -I../Drivers/STM32L4xx_HAL_Driver/Inc -I../Drivers/STM32L4xx_HAL_Driver/Inc/Legacy -I../Drivers/CMSIS/Device/ST/STM32L4xx/Include -I../Drivers/CMSIS/Include -O0 -ffunction-sections -fdata-sections -Wall -fstack-usage -fcyclomatic-complexity -MMD -MP -MF"Core/Src/main.d" -MT"Core/Src/main.o" --specs=nano.specs -mfpu=fpv4-sp-d16 -mfloat-abi=hard -mthumb -o "Core/Src/main.o"
arm-none-eabi-gcc -o "fproject.elf" @"objects.list"  -larm_cortexM4lf_math -mcpu=cortex-m4 -T"C:\Users\rafae\STM32CubeIDE\workspace_1.19.0\fproject\STM32L4S5VITX_FLASH.ld" --specs=nosys.specs -Wl,-Map="fproject.map" -Wl,--gc-sections -static -L../Core/Lib --specs=nano.specs -mfpu=fpv4-sp-d16 -mfloat-abi=hard -mthumb -Wl,--start-group -lc -lm -Wl,--end-group
Finished building target: fproject.elf
 
arm-none-eabi-size  fproject.elf 
arm-none-eabi-objdump -h -S fproject.elf  > "fproject.list"
   text	   data	    bss	    dec	    hex	filename
  48960	    160	   7072	  56192	   db80	fproject.elf
Finished building: default.size.stdout
 
Finished building: fproject.list
 
17:24:07 **** Incremental Build of configuration Debug for project fproject ****
make -j20 all 
arm-none-eabi-gcc "../Core/Src/main.c" -mcpu=cortex-m4 -std=gnu11 -g3 -DDEBUG -DUSE_HAL_DRIVER -DSTM32L4S5xx -c -I../Drivers/Components -I../Drivers/Components/lsm6dsl -I../Drivers/Components/Common -I../Core/Inc -I../Drivers/STM32L4xx_HAL_Driver/Inc -I../Drivers/STM32L4xx_HAL_Driver/Inc/Legacy -I../Drivers/CMSIS/Device/ST/STM32L4xx/Include -I../Drivers/CMSIS/Include -O0 -ffunction-sections -fdata-sections -Wall -fstack-usage -fcyclomatic-complexity -MMD -MP -MF"Core/Src/main.d" -MT"Core/Src/main.o" --specs=nano.specs -mfpu=fpv4-sp-d16 -mfloat-abi=hard -mthumb -o "Core/Src/main.o"
arm-none-eabi-gcc -o "fproject.elf" @"objects.list"  -larm_cortexM4lf_math -mcpu=cortex-m4 -T"C:\Users\rafae\STM32CubeIDE\workspace_1.19.0\fproject\STM32L4S5VITX_FLASH.ld" --specs=nosys.specs -Wl,-Map="fproject.map" -Wl,--gc-sections -static -L../Core/Lib --specs=nano.specs -mfpu=fpv4-sp-d16 -mfloat-abi=hard -mthumb -Wl,--start-group -lc -lm -Wl,--end-group
Finished building target: fproject.elf
 
arm-none-eabi-size  fproject.elf 
arm-none-eabi-objdump -h -S fproject.elf  > "fproject.list"
   text	   data	    bss	    dec	    hex	filename
  49312	    160	   7072	  56544	   dce0	fproject.elf
Finished building: default.size.stdout
 
Finished building: fproject.list
 
17:29:10 **** Incremental Build of configuration Debug for project fproject ****
make -j20 all 
arm-none-eabi-gcc "../Core/Src/main.c" -mcpu=cortex-m4 -std=gnu11 -g3 -DDEBUG -DUSE_HAL_DRIVER -DSTM32L4S5xx -c -I../Drivers/Components -I../Drivers/Components/lsm6dsl -I../Drivers/Components/Common -I../Core/Inc -I../Drivers/STM32L4xx_HAL_Driver/Inc -I../Drivers/STM32L4xx_HAL_Driver/Inc/Legacy -I../Drivers/CMSIS/Device/ST/STM32L4xx/Include -I../Drivers/CMSIS/Include -O0 -ffunction-sections -fdata-sections -Wall -fstack-usage -fcyclomatic-complexity -MMD -MP -MF"Core/Src/main.d" -MT"Core/Src/main.o" --specs=nano.specs -mfpu=fpv4-sp-d16 -mfloat-abi=hard -mthumb -o "Core/Src/main.o"
arm-none-eabi-gcc -o "fproject.elf" @"objects.list"  -larm_cortexM4lf_math -mcpu=cortex-m4 -T"C:\Users\rafae\STM32CubeIDE\workspace_1.19.0\fproject\STM32L4S5VITX_FLASH.ld" --specs=nosys.specs -Wl,-Map="fproject.map" -Wl,--gc-sections -static -L../Core/Lib --specs=nano.specs -mfpu=fpv4-sp-d16 -mfloat-abi=hard -mthumb -Wl,--start-group -lc -lm -Wl,--end-group
Finished building target: fproject.elf
 
arm-none-eabi-size  fproject.elf 
arm-none-eabi-objdump -h -S fproject.elf  > "fproject.list"
   text	   data	    bss	    dec	    hex	filename
  49564	    160	   7072	  56796	   dddc	fproject.elf
Finished building: default.size.stdout
 
Finished building: fproject.list
 
17:29:34 **** Incremental Build of configuration Debug for project fproject ****
make -j20 all 
arm-none-eabi-size  fproject.elf 
   text	   data	    bss	    dec	    hex	filename
  49564	    160	   7072	  56796	   dddc	fproject.elf
Finished building: default.size.stdout
 
17:32:01 **** Incremental Build of configuration Debug for project fproject ****
make -j20 all 
arm-none-eabi-gcc "../Core/Src/main.c" -mcpu=cortex-m4 -std=gnu11 -g3 -DDEBUG -DUSE_HAL_DRIVER -DSTM32L4S5xx -c -I../Drivers/Components -I../Drivers/Components/lsm6dsl -I../Drivers/Components/Common -I../Core/Inc -I../Drivers/STM32L4xx_HAL_Driver/Inc -I../Drivers/STM32L4xx_HAL_Driver/Inc/Legacy -I../Drivers/CMSIS/Device/ST/STM32L4xx/Include -I../Drivers/CMSIS/Include -O0 -ffunction-sections -fdata-sections -Wall -fstack-usage -fcyclomatic-complexity -MMD -MP -MF"Core/Src/main.d" -MT"Core/Src/main.o" --specs=nano.specs -mfpu=fpv4-sp-d16 -mfloat-abi=hard -mthumb -o "Core/Src/main.o"
arm-none-eabi-gcc -o "fproject.elf" @"objects.list"  -larm_cortexM4lf_math -mcpu=cortex-m4 -T"C:\Users\rafae\STM32CubeIDE\workspace_1.19.0\fproject\STM32L4S5VITX_FLASH.ld" --specs=nosys.specs -Wl,-Map="fproject.map" -Wl,--gc-sections -static -L../Core/Lib --specs=nano.specs -mfpu=fpv4-sp-d16 -mfloat-abi=hard -mthumb -Wl,--start-group -lc -lm -Wl,--end-group
Finished building target: fproject.elf
 
arm-none-eabi-size  fproject.elf 
arm-none-eabi-objdump -h -S fproject.elf  > "fproject.list"
   text	   data	    bss	    dec	    hex	filename
  48960	    160	   7072	  56192	   db80	fproject.elf
Finished building: default.size.stdout
 
Finished building: fproject.list
 
17:57:04 **** Clean-only build of configuration Debug for project fproject ****
make -j20 clean 
rm -rf ./Drivers/STM32L4xx_HAL_Driver/Src/stm32l4xx_hal.cyclo ./Drivers/STM32L4xx_HAL_Driver/Src/stm32l4xx_hal.d ./Drivers/STM32L4xx_HAL_Driver/Src/stm32l4xx_hal.o ./Drivers/STM32L4xx_HAL_Driver/Src/stm32l4xx_hal.su ./Drivers/STM32L4xx_HAL_Driver/Src/stm32l4xx_hal_cortex.cyclo ./Drivers/STM32L4xx_HAL_Driver/Src/stm32l4xx_hal_cortex.d ./Drivers/STM32L4xx_HAL_Driver/Src/stm32l4xx_hal_cortex.o ./Drivers/STM32L4xx_HAL_Driver/Src/stm32l4xx_hal_cortex.su ./Drivers/STM32L4xx_HAL_Driver/Src/stm32l4xx_hal_dac.cyclo ./Drivers/STM32L4xx_HAL_Driver/Src/stm32l4xx_hal_dac.d ./Drivers/STM32L4xx_HAL_Driver/Src/stm32l4xx_hal_dac.o ./Drivers/STM32L4xx_HAL_Driver/Src/stm32l4xx_hal_dac.su ./Drivers/STM32L4xx_HAL_Driver/Src/stm32l4xx_hal_dac_ex.cyclo ./Drivers/STM32L4xx_HAL_Driver/Src/stm32l4xx_hal_dac_ex.d ./Drivers/STM32L4xx_HAL_Driver/Src/stm32l4xx_hal_dac_ex.o ./Drivers/STM32L4xx_HAL_Driver/Src/stm32l4xx_hal_dac_ex.su ./Drivers/STM32L4xx_HAL_Driver/Src/stm32l4xx_hal_dfsdm.cyclo ./Drivers/STM32L4xx_HAL_Driver/Src/stm32l4xx_hal_dfsdm.d ./Drivers/STM32L4xx_HAL_Driver/Src/stm32l4xx_hal_dfsdm.o ./Drivers/STM32L4xx_HAL_Driver/Src/stm32l4xx_hal_dfsdm.su ./Drivers/STM32L4xx_HAL_Driver/Src/stm32l4xx_hal_dfsdm_ex.cyclo ./Drivers/STM32L4xx_HAL_Driver/Src/stm32l4xx_hal_dfsdm_ex.d ./Drivers/STM32L4xx_HAL_Driver/Src/stm32l4xx_hal_dfsdm_ex.o ./Drivers/STM32L4xx_HAL_Driver/Src/stm32l4xx_hal_dfsdm_ex.su ./Drivers/STM32L4xx_HAL_Driver/Src/stm32l4xx_hal_dma.cyclo ./Drivers/STM32L4xx_HAL_Driver/Src/stm32l4xx_hal_dma.d ./Drivers/STM32L4xx_HAL_Driver/Src/stm32l4xx_hal_dma.o ./Drivers/STM32L4xx_HAL_Driver/Src/stm32l4xx_hal_dma.su ./Drivers/STM32L4xx_HAL_Driver/Src/stm32l4xx_hal_dma_ex.cyclo ./Drivers/STM32L4xx_HAL_Driver/Src/stm32l4xx_hal_dma_ex.d ./Drivers/STM32L4xx_HAL_Driver/Src/stm32l4xx_hal_dma_ex.o ./Drivers/STM32L4xx_HAL_Driver/Src/stm32l4xx_hal_dma_ex.su ./Drivers/STM32L4xx_HAL_Driver/Src/stm32l4xx_hal_exti.cyclo ./Drivers/STM32L4xx_HAL_Driver/Src/stm32l4xx_hal_exti.d ./Drivers/STM32L4xx_HAL_Driver/Src/stm32l4xx_hal_exti.o ./Drivers/STM32L4xx_HAL_Driver/Src/stm32l4xx_hal_exti.su ./Drivers/STM32L4xx_HAL_Driver/Src/stm32l4xx_hal_flash.cyclo ./Drivers/STM32L4xx_HAL_Driver/Src/stm32l4xx_hal_flash.d ./Drivers/STM32L4xx_HAL_Driver/Src/stm32l4xx_hal_flash.o ./Drivers/STM32L4xx_HAL_Driver/Src/stm32l4xx_hal_flash.su ./Drivers/STM32L4xx_HAL_Driver/Src/stm32l4xx_hal_flash_ex.cyclo ./Drivers/STM32L4xx_HAL_Driver/Src/stm32l4xx_hal_flash_ex.d ./Drivers/STM32L4xx_HAL_Driver/Src/stm32l4xx_hal_flash_ex.o ./Drivers/STM32L4xx_HAL_Driver/Src/stm32l4xx_hal_flash_ex.su ./Drivers/STM32L4xx_HAL_Driver/Src/stm32l4xx_hal_flash_ramfunc.cyclo ./Drivers/STM32L4xx_HAL_Driver/Src/stm32l4xx_hal_flash_ramfunc.d ./Drivers/STM32L4xx_HAL_Driver/Src/stm32l4xx_hal_flash_ramfunc.o ./Drivers/STM32L4xx_HAL_Driver/Src/stm32l4xx_hal_flash_ramfunc.su ./Drivers/STM32L4xx_HAL_Driver/Src/stm32l4xx_hal_gpio.cyclo ./Drivers/STM32L4xx_HAL_Driver/Src/stm32l4xx_hal_gpio.d ./Drivers/STM32L4xx_HAL_Driver/Src/stm32l4xx_hal_gpio.o ./Drivers/STM32L4xx_HAL_Driver/Src/stm32l4xx_hal_gpio.su ./Drivers/STM32L4xx_HAL_Driver/Src/stm32l4xx_hal_i2c.cyclo ./Drivers/STM32L4xx_HAL_Driver/Src/stm32l4xx_hal_i2c.d ./Drivers/STM32L4xx_HAL_Driver/Src/stm32l4xx_hal_i2c.o ./Drivers/STM32L4xx_HAL_Driver/Src/stm32l4xx_hal_i2c.su ./Drivers/STM32L4xx_HAL_Driver/Src/stm32l4xx_hal_i2c_ex.cyclo ./Drivers/STM32L4xx_HAL_Driver/Src/stm32l4xx_hal_i2c_ex.d ./Drivers/STM32L4xx_HAL_Driver/Src/stm32l4xx_hal_i2c_ex.o ./Drivers/STM32L4xx_HAL_Driver/Src/stm32l4xx_hal_i2c_ex.su ./Drivers/STM32L4xx_HAL_Driver/Src/stm32l4xx_hal_ospi.cyclo ./Drivers/STM32L4xx_HAL_Driver/Src/stm32l4xx_hal_ospi.d ./Drivers/STM32L4xx_HAL_Driver/Src/stm32l4xx_hal_ospi.o ./Drivers/STM32L4xx_HAL_Driver/Src/stm32l4xx_hal_ospi.su ./Drivers/STM32L4xx_HAL_Driver/Src/stm32l4xx_hal_pwr.cyclo ./Drivers/STM32L4xx_HAL_Driver/Src/stm32l4xx_hal_pwr.d ./Drivers/STM32L4xx_HAL_Driver/Src/stm32l4xx_hal_pwr.o ./Drivers/STM32L4xx_HAL_Driver/Src/stm32l4xx_hal_pwr.su ./Drivers/STM32L4xx_HAL_Driver/Src/stm32l4xx_hal_pwr_ex.cyclo ./Drivers/STM32L4xx_HAL_Driver/Src/stm32l4xx_hal_pwr_ex.d ./Drivers/STM32L4xx_HAL_Driver/Src/stm32l4xx_hal_pwr_ex.o ./Drivers/STM32L4xx_HAL_Driver/Src/stm32l4xx_hal_pwr_ex.su ./Drivers/STM32L4xx_HAL_Driver/Src/stm32l4xx_hal_rcc.cyclo ./Drivers/STM32L4xx_HAL_Driver/Src/stm32l4xx_hal_rcc.d ./Drivers/STM32L4xx_HAL_Driver/Src/stm32l4xx_hal_rcc.o ./Drivers/STM32L4xx_HAL_Driver/Src/stm32l4xx_hal_rcc.su ./Drivers/STM32L4xx_HAL_Driver/Src/stm32l4xx_hal_rcc_ex.cyclo ./Drivers/STM32L4xx_HAL_Driver/Src/stm32l4xx_hal_rcc_ex.d ./Drivers/STM32L4xx_HAL_Driver/Src/stm32l4xx_hal_rcc_ex.o ./Drivers/STM32L4xx_HAL_Driver/Src/stm32l4xx_hal_rcc_ex.su ./Drivers/STM32L4xx_HAL_Driver/Src/stm32l4xx_hal_tim.cyclo ./Drivers/STM32L4xx_HAL_Driver/Src/stm32l4xx_hal_tim.d ./Drivers/STM32L4xx_HAL_Driver/Src/stm32l4xx_hal_tim.o ./Drivers/STM32L4xx_HAL_Driver/Src/stm32l4xx_hal_tim.su ./Drivers/STM32L4xx_HAL_Driver/Src/stm32l4xx_hal_tim_ex.cyclo ./Drivers/STM32L4xx_HAL_Driver/Src/stm32l4xx_hal_tim_ex.d ./Drivers/STM32L4xx_HAL_Driver/Src/stm32l4xx_hal_tim_ex.o ./Drivers/STM32L4xx_HAL_Driver/Src/stm32l4xx_hal_tim_ex.su ./Drivers/STM32L4xx_HAL_Driver/Src/stm32l4xx_hal_uart.cyclo ./Drivers/STM32L4xx_HAL_Driver/Src/stm32l4xx_hal_uart.d ./Drivers/STM32L4xx_HAL_Driver/Src/stm32l4xx_hal_uart.o ./Drivers/STM32L4xx_HAL_Driver/Src/stm32l4xx_hal_uart.su ./Drivers/STM32L4xx_HAL_Driver/Src/stm32l4xx_hal_uart_ex.cyclo ./Drivers/STM32L4xx_HAL_Driver/Src/stm32l4xx_hal_uart_ex.d ./Drivers/STM32L4xx_HAL_Driver/Src/stm32l4xx_hal_uart_ex.o ./Drivers/STM32L4xx_HAL_Driver/Src/stm32l4xx_hal_uart_ex.su
rm -rf ./Drivers/Components/wm8994/wm8994.cyclo ./Drivers/Components/wm8994/wm8994.d ./Drivers/Components/wm8994/wm8994.o ./Drivers/Components/wm8994/wm8994.su
rm -rf ./Drivers/Components/stmpe811/stmpe811.cyclo ./Drivers/Components/stmpe811/stmpe811.d ./Drivers/Components/stmpe811/stmpe811.o ./Drivers/Components/stmpe811/stmpe811.su
rm -rf ./Drivers/Components/stmpe1600/stmpe1600.cyclo ./Drivers/Components/stmpe1600/stmpe1600.d ./Drivers/Components/stmpe1600/stmpe1600.o ./Drivers/Components/stmpe1600/stmpe1600.su
rm -rf ./Drivers/Components/st7789h2/st7789h2.cyclo ./Drivers/Components/st7789h2/st7789h2.d ./Drivers/Components/st7789h2/st7789h2.o ./Drivers/Components/st7789h2/st7789h2.su
rm -rf ./Drivers/Components/st7735/st7735.cyclo ./Drivers/Components/st7735/st7735.d ./Drivers/Components/st7735/st7735.o ./Drivers/Components/st7735/st7735.su
rm -rf ./Drivers/Components/st25dv/st25dv.cyclo ./Drivers/Components/st25dv/st25dv.d ./Drivers/Components/st25dv/st25dv.o ./Drivers/Components/st25dv/st25dv.su ./Drivers/Components/st25dv/st25dv_reg.cyclo ./Drivers/Components/st25dv/st25dv_reg.d ./Drivers/Components/st25dv/st25dv_reg.o ./Drivers/Components/st25dv/st25dv_reg.su
rm -rf ./Drivers/Components/ov9655/ov9655.cyclo ./Drivers/Components/ov9655/ov9655.d ./Drivers/Components/ov9655/ov9655.o ./Drivers/Components/ov9655/ov9655.su
rm -rf ./Drivers/Components/mfxstm32l152/mfxstm32l152.cyclo ./Drivers/Components/mfxstm32l152/mfxstm32l152.d ./Drivers/Components/mfxstm32l152/mfxstm32l152.o ./Drivers/Components/mfxstm32l152/mfxstm32l152.su
rm -rf ./Drivers/Components/m24sr/m24sr.cyclo ./Drivers/Components/m24sr/m24sr.d ./Drivers/Components/m24sr/m24sr.o ./Drivers/Components/m24sr/m24sr.su
rm -rf ./Drivers/Components/lsm6dsl/lsm6dsl.cyclo ./Drivers/Components/lsm6dsl/lsm6dsl.d ./Drivers/Components/lsm6dsl/lsm6dsl.o ./Drivers/Components/lsm6dsl/lsm6dsl.su
rm -rf ./Drivers/Components/lsm303dlhc/lsm303dlhc.cyclo ./Drivers/Components/lsm303dlhc/lsm303dlhc.d ./Drivers/Components/lsm303dlhc/lsm303dlhc.o ./Drivers/Components/lsm303dlhc/lsm303dlhc.su
rm -rf ./Drivers/Components/lsm303c/lsm303c.cyclo ./Drivers/Components/lsm303c/lsm303c.d ./Drivers/Components/lsm303c/lsm303c.o ./Drivers/Components/lsm303c/lsm303c.su
rm -rf ./Drivers/Components/ls016b8uy/ls016b8uy.cyclo ./Drivers/Components/ls016b8uy/ls016b8uy.d ./Drivers/Components/ls016b8uy/ls016b8uy.o ./Drivers/Components/ls016b8uy/ls016b8uy.su
rm -rf ./Drivers/Components/lps22hb/lps22hb.cyclo ./Drivers/Components/lps22hb/lps22hb.d ./Drivers/Components/lps22hb/lps22hb.o ./Drivers/Components/lps22hb/lps22hb.su
rm -rf ./Drivers/Components/lis3mdl/lis3mdl.cyclo ./Drivers/Components/lis3mdl/lis3mdl.d ./Drivers/Components/lis3mdl/lis3mdl.o ./Drivers/Components/lis3mdl/lis3mdl.su
rm -rf ./Drivers/Components/l3gd20/l3gd20.cyclo ./Drivers/Components/l3gd20/l3gd20.d ./Drivers/Components/l3gd20/l3gd20.o ./Drivers/Components/l3gd20/l3gd20.su
rm -rf ./Drivers/Components/hx8347i/hx8347i.cyclo ./Drivers/Components/hx8347i/hx8347i.d ./Drivers/Components/hx8347i/hx8347i.o ./Drivers/Components/hx8347i/hx8347i.su
rm -rf ./Drivers/Components/hx8347g/hx8347g.cyclo ./Drivers/Components/hx8347g/hx8347g.d ./Drivers/Components/hx8347g/hx8347g.o ./Drivers/Components/hx8347g/hx8347g.su
rm -rf ./Drivers/Components/hts221/hts221.cyclo ./Drivers/Components/hts221/hts221.d ./Drivers/Components/hts221/hts221.o ./Drivers/Components/hts221/hts221.su
rm -rf ./Drivers/Components/ft6x06/ft6x06.cyclo ./Drivers/Components/ft6x06/ft6x06.d ./Drivers/Components/ft6x06/ft6x06.o ./Drivers/Components/ft6x06/ft6x06.su
rm -rf ./Drivers/Components/ft5336/ft5336.cyclo ./Drivers/Components/ft5336/ft5336.d ./Drivers/Components/ft5336/ft5336.o ./Drivers/Components/ft5336/ft5336.su
rm -rf ./Drivers/Components/ft3x67/ft3x67.cyclo ./Drivers/Components/ft3x67/ft3x67.d ./Drivers/Components/ft3x67/ft3x67.o ./Drivers/Components/ft3x67/ft3x67.su
rm -rf ./Drivers/Components/cy8c4014lqi/cy8c4014lqi.cyclo ./Drivers/Components/cy8c4014lqi/cy8c4014lqi.d ./Drivers/Components/cy8c4014lqi/cy8c4014lqi.o ./Drivers/Components/cy8c4014lqi/cy8c4014lqi.su
rm -rf ./Drivers/Components/cs43l22/cs43l22.cyclo ./Drivers/Components/cs43l22/cs43l22.d ./Drivers/Components/cs43l22/cs43l22.o ./Drivers/Components/cs43l22/cs43l22.su
rm -rf ./Drivers/Components/cs42l51/cs42l51.cyclo ./Drivers/Components/cs42l51/cs42l51.d ./Drivers/Components/cs42l51/cs42l51.o ./Drivers/Components/cs42l51/cs42l51.su
rm -rf ./Core/Startup/startup_stm32l4s5vitx.d ./Core/Startup/startup_stm32l4s5vitx.o
rm -rf ./Core/Src/main.cyclo ./Core/Src/main.d ./Core/Src/main.o ./Core/Src/main.su ./Core/Src/stm32l4s5i_iot01.cyclo ./Core/Src/stm32l4s5i_iot01.d ./Core/Src/stm32l4s5i_iot01.o ./Core/Src/stm32l4s5i_iot01.su ./Core/Src/stm32l4s5i_iot01_accelero.cyclo ./Core/Src/stm32l4s5i_iot01_accelero.d ./Core/Src/stm32l4s5i_iot01_accelero.o ./Core/Src/stm32l4s5i_iot01_accelero.su ./Core/Src/stm32l4s5i_iot01_qspi.cyclo ./Core/Src/stm32l4s5i_iot01_qspi.d ./Core/Src/stm32l4s5i_iot01_qspi.o ./Core/Src/stm32l4s5i_iot01_qspi.su ./Core/Src/stm32l4xx_hal_msp.cyclo ./Core/Src/stm32l4xx_hal_msp.d ./Core/Src/stm32l4xx_hal_msp.o ./Core/Src/stm32l4xx_hal_msp.su ./Core/Src/stm32l4xx_it.cyclo ./Core/Src/stm32l4xx_it.d ./Core/Src/stm32l4xx_it.o ./Core/Src/stm32l4xx_it.su ./Core/Src/syscalls.cyclo ./Core/Src/syscalls.d ./Core/Src/syscalls.o ./Core/Src/syscalls.su ./Core/Src/sysmem.cyclo ./Core/Src/sysmem.d ./Core/Src/sysmem.o ./Core/Src/sysmem.su ./Core/Src/system_stm32l4xx.cyclo ./Core/Src/system_stm32l4xx.d ./Core/Src/system_stm32l4xx.o ./Core/Src/system_stm32l4xx.su
rm -rf default.size.stdout fproject.elf fproject.list fproject.map
 
17:57:05 **** Incremental Build of configuration Debug for project fproject ****
make -j20 all 
arm-none-eabi-gcc "../Middlewares/Third_Party/FreeRTOS/Source/portable/MemMang/heap_4.c" -mcpu=cortex-m4 -std=gnu11 -g3 -DDEBUG -DUSE_HAL_DRIVER -DSTM32L4S5xx -c -I../Drivers/Components -I../Drivers/Components/lsm6dsl -I../Drivers/Components/Common -I../Core/Inc -I../Drivers/STM32L4xx_HAL_Driver/Inc -I../Drivers/STM32L4xx_HAL_Driver/Inc/Legacy -I../Drivers/CMSIS/Device/ST/STM32L4xx/Include -I../Drivers/CMSIS/Include -I../Middlewares/Third_Party/FreeRTOS/Source/include -I../Middlewares/Third_Party/FreeRTOS/Source/CMSIS_RTOS -I../Middlewares/Third_Party/FreeRTOS/Source/portable/GCC/ARM_CM4F -O0 -ffunction-sections -fdata-sections -Wall -fstack-usage -fcyclomatic-complexity -MMD -MP -MF"Middlewares/Third_Party/FreeRTOS/Source/portable/MemMang/heap_4.d" -MT"Middlewares/Third_Party/FreeRTOS/Source/portable/MemMang/heap_4.o" --specs=nano.specs -mfpu=fpv4-sp-d16 -mfloat-abi=hard -mthumb -o "Middlewares/Third_Party/FreeRTOS/Source/portable/MemMang/heap_4.o"
arm-none-eabi-gcc "../Middlewares/Third_Party/FreeRTOS/Source/portable/GCC/ARM_CM4F/port.c" -mcpu=cortex-m4 -std=gnu11 -g3 -DDEBUG -DUSE_HAL_DRIVER -DSTM32L4S5xx -c -I../Drivers/Components -I../Drivers/Components/lsm6dsl -I../Drivers/Components/Common -I../Core/Inc -I../Drivers/STM32L4xx_HAL_Driver/Inc -I../Drivers/STM32L4xx_HAL_Driver/Inc/Legacy -I../Drivers/CMSIS/Device/ST/STM32L4xx/Include -I../Drivers/CMSIS/Include -I../Middlewares/Third_Party/FreeRTOS/Source/include -I../Middlewares/Third_Party/FreeRTOS/Source/CMSIS_RTOS -I../Middlewares/Third_Party/FreeRTOS/Source/portable/GCC/ARM_CM4F -O0 -ffunction-sections -fdata-sections -Wall -fstack-usage -fcyclomatic-complexity -MMD -MP -MF"Middlewares/Third_Party/FreeRTOS/Source/portable/GCC/ARM_CM4F/port.d" -MT"Middlewares/Third_Party/FreeRTOS/Source/portable/GCC/ARM_CM4F/port.o" --specs=nano.specs -mfpu=fpv4-sp-d16 -mfloat-abi=hard -mthumb -o "Middlewares/Third_Party/FreeRTOS/Source/portable/GCC/ARM_CM4F/port.o"
arm-none-eabi-gcc "../Middlewares/Third_Party/FreeRTOS/Source/CMSIS_RTOS/cmsis_os.c" -mcpu=cortex-m4 -std=gnu11 -g3 -DDEBUG -DUSE_HAL_DRIVER -DSTM32L4S5xx -c -I../Drivers/Components -I../Drivers/Components/lsm6dsl -I../Drivers/Components/Common -I../Core/Inc -I../Drivers/STM32L4xx_HAL_Driver/Inc -I../Drivers/STM32L4xx_HAL_Driver/Inc/Legacy -I../Drivers/CMSIS/Device/ST/STM32L4xx/Include -I../Drivers/CMSIS/Include -I../Middlewares/Third_Party/FreeRTOS/Source/include -I../Middlewares/Third_Party/FreeRTOS/Source/CMSIS_RTOS -I../Middlewares/Third_Party/FreeRTOS/Source/portable/GCC/ARM_CM4F -O0 -ffunction-sections -fdata-sections -Wall -fstack-usage -fcyclomatic-complexity -MMD -MP -MF"Middlewares/Third_Party/FreeRTOS/Source/CMSIS_RTOS/cmsis_os.d" -MT"Middlewares/Third_Party/FreeRTOS/Source/CMSIS_RTOS/cmsis_os.o" --specs=nano.specs -mfpu=fpv4-sp-d16 -mfloat-abi=hard -mthumb -o "Middlewares/Third_Party/FreeRTOS/Source/CMSIS_RTOS/cmsis_os.o"
arm-none-eabi-gcc "../Middlewares/Third_Party/FreeRTOS/Source/croutine.c" -mcpu=cortex-m4 -std=gnu11 -g3 -DDEBUG -DUSE_HAL_DRIVER -DSTM32L4S5xx -c -I../Drivers/Components -I../Drivers/Components/lsm6dsl -I../Drivers/Components/Common -I../Core/Inc -I../Drivers/STM32L4xx_HAL_Driver/Inc -I../Drivers/STM32L4xx_HAL_Driver/Inc/Legacy -I../Drivers/CMSIS/Device/ST/STM32L4xx/Include -I../Drivers/CMSIS/Include -I../Middlewares/Third_Party/FreeRTOS/Source/include -I../Middlewares/Third_Party/FreeRTOS/Source/CMSIS_RTOS -I../Middlewares/Third_Party/FreeRTOS/Source/portable/GCC/ARM_CM4F -O0 -ffunction-sections -fdata-sections -Wall -fstack-usage -fcyclomatic-complexity -MMD -MP -MF"Middlewares/Third_Party/FreeRTOS/Source/croutine.d" -MT"Middlewares/Third_Party/FreeRTOS/Source/croutine.o" --specs=nano.specs -mfpu=fpv4-sp-d16 -mfloat-abi=hard -mthumb -o "Middlewares/Third_Party/FreeRTOS/Source/croutine.o"
arm-none-eabi-gcc "../Middlewares/Third_Party/FreeRTOS/Source/event_groups.c" -mcpu=cortex-m4 -std=gnu11 -g3 -DDEBUG -DUSE_HAL_DRIVER -DSTM32L4S5xx -c -I../Drivers/Components -I../Drivers/Components/lsm6dsl -I../Drivers/Components/Common -I../Core/Inc -I../Drivers/STM32L4xx_HAL_Driver/Inc -I../Drivers/STM32L4xx_HAL_Driver/Inc/Legacy -I../Drivers/CMSIS/Device/ST/STM32L4xx/Include -I../Drivers/CMSIS/Include -I../Middlewares/Third_Party/FreeRTOS/Source/include -I../Middlewares/Third_Party/FreeRTOS/Source/CMSIS_RTOS -I../Middlewares/Third_Party/FreeRTOS/Source/portable/GCC/ARM_CM4F -O0 -ffunction-sections -fdata-sections -Wall -fstack-usage -fcyclomatic-complexity -MMD -MP -MF"Middlewares/Third_Party/FreeRTOS/Source/event_groups.d" -MT"Middlewares/Third_Party/FreeRTOS/Source/event_groups.o" --specs=nano.specs -mfpu=fpv4-sp-d16 -mfloat-abi=hard -mthumb -o "Middlewares/Third_Party/FreeRTOS/Source/event_groups.o"
arm-none-eabi-gcc "../Middlewares/Third_Party/FreeRTOS/Source/list.c" -mcpu=cortex-m4 -std=gnu11 -g3 -DDEBUG -DUSE_HAL_DRIVER -DSTM32L4S5xx -c -I../Drivers/Components -I../Drivers/Components/lsm6dsl -I../Drivers/Components/Common -I../Core/Inc -I../Drivers/STM32L4xx_HAL_Driver/Inc -I../Drivers/STM32L4xx_HAL_Driver/Inc/Legacy -I../Drivers/CMSIS/Device/ST/STM32L4xx/Include -I../Drivers/CMSIS/Include -I../Middlewares/Third_Party/FreeRTOS/Source/include -I../Middlewares/Third_Party/FreeRTOS/Source/CMSIS_RTOS -I../Middlewares/Third_Party/FreeRTOS/Source/portable/GCC/ARM_CM4F -O0 -ffunction-sections -fdata-sections -Wall -fstack-usage -fcyclomatic-complexity -MMD -MP -MF"Middlewares/Third_Party/FreeRTOS/Source/list.d" -MT"Middlewares/Third_Party/FreeRTOS/Source/list.o" --specs=nano.specs -mfpu=fpv4-sp-d16 -mfloat-abi=hard -mthumb -o "Middlewares/Third_Party/FreeRTOS/Source/list.o"
arm-none-eabi-gcc "../Middlewares/Third_Party/FreeRTOS/Source/queue.c" -mcpu=cortex-m4 -std=gnu11 -g3 -DDEBUG -DUSE_HAL_DRIVER -DSTM32L4S5xx -c -I../Drivers/Components -I../Drivers/Components/lsm6dsl -I../Drivers/Components/Common -I../Core/Inc -I../Drivers/STM32L4xx_HAL_Driver/Inc -I../Drivers/STM32L4xx_HAL_Driver/Inc/Legacy -I../Drivers/CMSIS/Device/ST/STM32L4xx/Include -I../Drivers/CMSIS/Include -I../Middlewares/Third_Party/FreeRTOS/Source/include -I../Middlewares/Third_Party/FreeRTOS/Source/CMSIS_RTOS -I../Middlewares/Third_Party/FreeRTOS/Source/portable/GCC/ARM_CM4F -O0 -ffunction-sections -fdata-sections -Wall -fstack-usage -fcyclomatic-complexity -MMD -MP -MF"Middlewares/Third_Party/FreeRTOS/Source/queue.d" -MT"Middlewares/Third_Party/FreeRTOS/Source/queue.o" --specs=nano.specs -mfpu=fpv4-sp-d16 -mfloat-abi=hard -mthumb -o "Middlewares/Third_Party/FreeRTOS/Source/queue.o"
[...]
arm-none-eabi-gcc "../Core/Src/gpio.c" -mcpu=cortex-m4 -std=gnu11 -g3 -DDEBUG -DUSE_HAL_DRIVER -DSTM32L4S5xx -c -I../Drivers/Components -I../Drivers/Components/lsm6dsl -I../Drivers/Components/Common -I../Core/Inc -I../Drivers/STM32L4xx_HAL_Driver/Inc -I../Drivers/STM32L4xx_HAL_Driver/Inc/Legacy -I../Drivers/CMSIS/Device/ST/STM32L4xx/Include -I../Drivers/CMSIS/Include -I../Middlewares/Third_Party/FreeRTOS/Source/include -I../Middlewares/Third_Party/FreeRTOS/Source/CMSIS_RTOS -I../Middlewares/Third_Party/FreeRTOS/Source/portable/GCC/ARM_CM4F -O0 -ffunction-sections -fdata-sections -Wall -fstack-usage -fcyclomatic-complexity -MMD -MP -MF"Core/Src/gpio.d" -MT"Core/Src/gpio.o" --specs=nano.specs -mfpu=fpv4-sp-d16 -mfloat-abi=hard -mthumb -o "Core/Src/gpio.o"
arm-none-eabi-gcc "../Core/Src/i2c.c" -mcpu=cortex-m4 -std=gnu11 -g3 -DDEBUG -DUSE_HAL_DRIVER -DSTM32L4S5xx -c -I../Drivers/Components -I../Drivers/Components/lsm6dsl -I../Drivers/Components/Common -I../Core/Inc -I../Drivers/STM32L4xx_HAL_Driver/Inc -I../Drivers/STM32L4xx_HAL_Driver/Inc/Legacy -I../Drivers/CMSIS/Device/ST/STM32L4xx/Include -I../Drivers/CMSIS/Include -I../Middlewares/Third_Party/FreeRTOS/Source/include -I../Middlewares/Third_Party/FreeRTOS/Source/CMSIS_RTOS -I../Middlewares/Third_Party/FreeRTOS/Source/portable/GCC/ARM_CM4F -O0 -ffunction-sections -fdata-sections -Wall -fstack-usage -fcyclomatic-complexity -MMD -MP -MF"Core/Src/i2c.d" -MT"Core/Src/i2c.o" --specs=nano.specs -mfpu=fpv4-sp-d16 -mfloat-abi=hard -mthumb -o "Core/Src/i2c.o"
arm-none-eabi-gcc "../Core/Src/main.c" -mcpu=cortex-m4 -std=gnu11 -g3 -DDEBUG -DUSE_HAL_DRIVER -DSTM32L4S5xx -c -I../Drivers/Components -I../Drivers/Components/lsm6dsl -I../Drivers/Components/Common -I../Core/Inc -I../Drivers/STM32L4xx_HAL_Driver/Inc -I../Drivers/STM32L4xx_HAL_Driver/Inc/Legacy -I../Drivers/CMSIS/Device/ST/STM32L4xx/Include -I../Drivers/CMSIS/Include -I../Middlewares/Third_Party/FreeRTOS/Source/include -I../Middlewares/Third_Party/FreeRTOS/Source/CMSIS_RTOS -I../Middlewares/Third_Party/FreeRTOS/Source/portable/GCC/ARM_CM4F -O0 -ffunction-sections -fdata-sections -Wall -fstack-usage -fcyclomatic-complexity -MMD -MP -MF"Core/Src/main.d" -MT"Core/Src/main.o" --specs=nano.specs -mfpu=fpv4-sp-d16 -mfloat-abi=hard -mthumb -o "Core/Src/main.o"
arm-none-eabi-gcc "../Core/Src/octospi.c" -mcpu=cortex-m4 -std=gnu11 -g3 -DDEBUG -DUSE_HAL_DRIVER -DSTM32L4S5xx -c -I../Drivers/Components -I../Drivers/Components/lsm6dsl -I../Drivers/Components/Common -I../Core/Inc -I../Drivers/STM32L4xx_HAL_Driver/Inc -I../Drivers/STM32L4xx_HAL_Driver/Inc/Legacy -I../Drivers/CMSIS/Device/ST/STM32L4xx/Include -I../Drivers/CMSIS/Include -I../Middlewares/Third_Party/FreeRTOS/Source/include -I../Middlewares/Third_Party/FreeRTOS/Source/CMSIS_RTOS -I../Middlewares/Third_Party/FreeRTOS/Source/portable/GCC/ARM_CM4F -O0 -ffunction-sections -fdata-sections -Wall -fstack-usage -fcyclomatic-complexity -MMD -MP -MF"Core/Src/octospi.d" -MT"Core/Src/octospi.o" --specs=nano.specs -mfpu=fpv4-sp-d16 -mfloat-abi=hard -mthumb -o "Core/Src/octospi.o"
arm-none-eabi-gcc "../Core/Src/stm32l4s5i_iot01.c" -mcpu=cortex-m4 -std=gnu11 -g3 -DDEBUG -DUSE_HAL_DRIVER -DSTM32L4S5xx -c -I../Drivers/Components -I../Drivers/Components/lsm6dsl -I../Drivers/Components/Common -I../Core/Inc -I../Drivers/STM32L4xx_HAL_Driver/Inc -I../Drivers/STM32L4xx_HAL_Driver/Inc/Legacy -I../Drivers/CMSIS/Device/ST/STM32L4xx/Include -I../Drivers/CMSIS/Include -I../Middlewares/Third_Party/FreeRTOS/Source/include -I../Middlewares/Third_Party/FreeRTOS/Source/CMSIS_RTOS -I../Middlewares/Third_Party/FreeRTOS/Source/portable/GCC/ARM_CM4F -O0 -ffunction-sections -fdata-sections -Wall -fstack-usage -fcyclomatic-complexity -MMD -MP -MF"Core/Src/stm32l4s5i_iot01.d" -MT"Core/Src/stm32l4s5i_iot01.o" --specs=nano.specs -mfpu=fpv4-sp-d16 -mfloat-abi=hard -mthumb -o "Core/Src/stm32l4s5i_iot01.o"
arm-none-eabi-gcc "../Core/Src/stm32l4s5i_iot01_accelero.c" -mcpu=cortex-m4 -std=gnu11 -g3 -DDEBUG -DUSE_HAL_DRIVER -DSTM32L4S5xx -c -I../Drivers/Components -I../Drivers/Components/lsm6dsl -I../Drivers/Components/Common -I../Core/Inc -I../Drivers/STM32L4xx_HAL_Driver/Inc -I../Drivers/STM32L4xx_HAL_Driver/Inc/Legacy -I../Drivers/CMSIS/Device/ST/STM32L4xx/Include -I../Drivers/CMSIS/Include -I../Middlewares/Third_Party/FreeRTOS/Source/include -I../Middlewares/Third_Party/FreeRTOS/Source/CMSIS_RTOS -I../Middlewares/Third_Party/FreeRTOS/Source/portable/GCC/ARM_CM4F -O0 -ffunction-sections -fdata-sections -Wall -fstack-usage -fcyclomatic-complexity -MMD -MP -MF"Core/Src/stm32l4s5i_iot01_accelero.d" -MT"Core/Src/stm32l4s5i_iot01_accelero.o" --specs=nano.specs -mfpu=fpv4-sp-d16 -mfloat-abi=hard -mthumb -o "Core/Src/stm32l4s5i_iot01_accelero.o"
arm-none-eabi-gcc "../Core/Src/stm32l4s5i_iot01_qspi.c" -mcpu=cortex-m4 -std=gnu11 -g3 -DDEBUG -DUSE_HAL_DRIVER -DSTM32L4S5xx -c -I../Drivers/Components -I../Drivers/Components/lsm6dsl -I../Drivers/Components/Common -I../Core/Inc -I../Drivers/STM32L4xx_HAL_Driver/Inc -I../Drivers/STM32L4xx_HAL_Driver/Inc/Legacy -I../Drivers/CMSIS/Device/ST/STM32L4xx/Include -I../Drivers/CMSIS/Include -I../Middlewares/Third_Party/FreeRTOS/Source/include -I../Middlewares/Third_Party/FreeRTOS/Source/CMSIS_RTOS -I../Middlewares/Third_Party/FreeRTOS/Source/portable/GCC/ARM_CM4F -O0 -ffunction-sections -fdata-sections -Wall -fstack-usage -fcyclomatic-complexity -MMD -MP -MF"Core/Src/stm32l4s5i_iot01_qspi.d" -MT"Core/Src/stm32l4s5i_iot01_qspi.o" --specs=nano.specs -mfpu=fpv4-sp-d16 -mfloat-abi=hard -mthumb -o "Core/Src/stm32l4s5i_iot01_qspi.o"
arm-none-eabi-gcc "../Core/Src/stm32l4xx_hal_msp.c" -mcpu=cortex-m4 -std=gnu11 -g3 -DDEBUG -DUSE_HAL_DRIVER -DSTM32L4S5xx -c -I../Drivers/Components -I../Drivers/Components/lsm6dsl -I../Drivers/Components/Common -I../Core/Inc -I../Drivers/STM32L4xx_HAL_Driver/Inc -I../Drivers/STM32L4xx_HAL_Driver/Inc/Legacy -I../Drivers/CMSIS/Device/ST/STM32L4xx/Include -I../Drivers/CMSIS/Include -I../Middlewares/Third_Party/FreeRTOS/Source/include -I../Middlewares/Third_Party/FreeRTOS/Source/CMSIS_RTOS -I../Middlewares/Third_Party/FreeRTOS/Source/portable/GCC/ARM_CM4F -O0 -ffunction-sections -fdata-sections -Wall -fstack-usage -fcyclomatic-complexity -MMD -MP -MF"Core/Src/stm32l4xx_hal_msp.d" -MT"Core/Src/stm32l4xx_hal_msp.o" --specs=nano.specs -mfpu=fpv4-sp-d16 -mfloat-abi=hard -mthumb -o "Core/Src/stm32l4xx_hal_msp.o"
arm-none-eabi-gcc "../Core/Src/stm32l4xx_hal_timebase_tim.c" -mcpu=cortex-m4 -std=gnu11 -g3 -DDEBUG -DUSE_HAL_DRIVER -DSTM32L4S5xx -c -I../Drivers/Components -I../Drivers/Components/lsm6dsl -I../Drivers/Components/Common -I../Core/Inc -I../Drivers/STM32L4xx_HAL_Driver/Inc -I../Drivers/STM32L4xx_HAL_Driver/Inc/Legacy -I../Drivers/CMSIS/Device/ST/STM32L4xx/Include -I../Drivers/CMSIS/Include -I../Middlewares/Third_Party/FreeRTOS/Source/include -I../Middlewares/Third_Party/FreeRTOS/Source/CMSIS_RTOS -I../Middlewares/Third_Party/FreeRTOS/Source/portable/GCC/ARM_CM4F -O0 -ffunction-sections -fdata-sections -Wall -fstack-usage -fcyclomatic-complexity -MMD -MP -MF"Core/Src/stm32l4xx_hal_timebase_tim.d" -MT"Core/Src/stm32l4xx_hal_timebase_tim.o" --specs=nano.specs -mfpu=fpv4-sp-d16 -mfloat-abi=hard -mthumb -o "Core/Src/stm32l4xx_hal_timebase_tim.o"
arm-none-eabi-gcc "../Core/Src/stm32l4xx_it.c" -mcpu=cortex-m4 -std=gnu11 -g3 -DDEBUG -DUSE_HAL_DRIVER -DSTM32L4S5xx -c -I../Drivers/Components -I../Drivers/Components/lsm6dsl -I../Drivers/Components/Common -I../Core/Inc -I../Drivers/STM32L4xx_HAL_Driver/Inc -I../Drivers/STM32L4xx_HAL_Driver/Inc/Legacy -I../Drivers/CMSIS/Device/ST/STM32L4xx/Include -I../Drivers/CMSIS/Include -I../Middlewares/Third_Party/FreeRTOS/Source/include -I../Middlewares/Third_Party/FreeRTOS/Source/CMSIS_RTOS -I../Middlewares/Third_Party/FreeRTOS/Source/portable/GCC/ARM_CM4F -O0 -ffunction-sections -fdata-sections -Wall -fstack-usage -fcyclomatic-complexity -MMD -MP -MF"Core/Src/stm32l4xx_it.d" -MT"Core/Src/stm32l4xx_it.o" --specs=nano.specs -mfpu=fpv4-sp-d16 -mfloat-abi=hard -mthumb -o "Core/Src/stm32l4xx_it.o"
arm-none-eabi-gcc "../Core/Src/syscalls.c" -mcpu=cortex-m4 -std=gnu11 -g3 -DDEBUG -DUSE_HAL_DRIVER -DSTM32L4S5xx -c -I../Drivers/Components -I../Drivers/Components/lsm6dsl -I../Drivers/Components/Common -I../Core/Inc -I../Drivers/STM32L4xx_HAL_Driver/Inc -I../Drivers/STM32L4xx_HAL_Driver/Inc/Legacy -I../Drivers/CMSIS/Device/ST/STM32L4xx/Include -I../Drivers/CMSIS/Include -I../Middlewares/Third_Party/FreeRTOS/Source/include -I../Middlewares/Third_Party/FreeRTOS/Source/CMSIS_RTOS -I../Middlewares/Third_Party/FreeRTOS/Source/portable/GCC/ARM_CM4F -O0 -ffunction-sections -fdata-sections -Wall -fstack-usage -fcyclomatic-complexity -MMD -MP -MF"Core/Src/syscalls.d" -MT"Core/Src/syscalls.o" --specs=nano.specs -mfpu=fpv4-sp-d16 -mfloat-abi=hard -mthumb -o "Core/Src/syscalls.o"
../Core/Src/freertos.c: In function 'StartTask02':
../Core/Src/freertos.c:237:19: warning: implicit declaration of function 'srand' [-Wimplicit-function-declaration]
  237 |                   srand(HAL_GetTick());  // seed RNG once per boot
      |                   ^~~~~
../Core/Src/freertos.c:242:34: warning: implicit declaration of function 'rand' [-Wimplicit-function-declaration]
  242 |                   cueList[i]   = rand() % 4;   // 0–3 inclusive
      |                                  ^~~~
arm-none-eabi-gcc "../Core/Src/sysmem.c" -mcpu=cortex-m4 -std=gnu11 -g3 -DDEBUG -DUSE_HAL_DRIVER -DSTM32L4S5xx -c -I../Drivers/Components -I../Drivers/Components/lsm6dsl -I../Drivers/Components/Common -I../Core/Inc -I../Drivers/STM32L4xx_HAL_Driver/Inc -I../Drivers/STM32L4xx_HAL_Driver/Inc/Legacy -I../Drivers/CMSIS/Device/ST/STM32L4xx/Include -I../Drivers/CMSIS/Include -I../Middlewares/Third_Party/FreeRTOS/Source/include -I../Middlewares/Third_Party/FreeRTOS/Source/CMSIS_RTOS -I../Middlewares/Third_Party/FreeRTOS/Source/portable/GCC/ARM_CM4F -O0 -ffunction-sections -fdata-sections -Wall -fstack-usage -fcyclomatic-complexity -MMD -MP -MF"Core/Src/sysmem.d" -MT"Core/Src/sysmem.o" --specs=nano.specs -mfpu=fpv4-sp-d16 -mfloat-abi=hard -mthumb -o "Core/Src/sysmem.o"
arm-none-eabi-gcc "../Core/Src/system_stm32l4xx.c" -mcpu=cortex-m4 -std=gnu11 -g3 -DDEBUG -DUSE_HAL_DRIVER -DSTM32L4S5xx -c -I../Drivers/Components -I../Drivers/Components/lsm6dsl -I../Drivers/Components/Common -I../Core/Inc -I../Drivers/STM32L4xx_HAL_Driver/Inc -I../Drivers/STM32L4xx_HAL_Driver/Inc/Legacy -I../Drivers/CMSIS/Device/ST/STM32L4xx/Include -I../Drivers/CMSIS/Include -I../Middlewares/Third_Party/FreeRTOS/Source/include -I../Middlewares/Third_Party/FreeRTOS/Source/CMSIS_RTOS -I../Middlewares/Third_Party/FreeRTOS/Source/portable/GCC/ARM_CM4F -O0 -ffunction-sections -fdata-sections -Wall -fstack-usage -fcyclomatic-complexity -MMD -MP -MF"Core/Src/system_stm32l4xx.d" -MT"Core/Src/system_stm32l4xx.o" --specs=nano.specs -mfpu=fpv4-sp-d16 -mfloat-abi=hard -mthumb -o "Core/Src/system_stm32l4xx.o"
arm-none-eabi-gcc "../Core/Src/tim.c" -mcpu=cortex-m4 -std=gnu11 -g3 -DDEBUG -DUSE_HAL_DRIVER -DSTM32L4S5xx -c -I../Drivers/Components -I../Drivers/Components/lsm6dsl -I../Drivers/Components/Common -I../Core/Inc -I../Drivers/STM32L4xx_HAL_Driver/Inc -I../Drivers/STM32L4xx_HAL_Driver/Inc/Legacy -I../Drivers/CMSIS/Device/ST/STM32L4xx/Include -I../Drivers/CMSIS/Include -I../Middlewares/Third_Party/FreeRTOS/Source/include -I../Middlewares/Third_Party/FreeRTOS/Source/CMSIS_RTOS -I../Middlewares/Third_Party/FreeRTOS/Source/portable/GCC/ARM_CM4F -O0 -ffunction-sections -fdata-sections -Wall -fstack-usage -fcyclomatic-complexity -MMD -MP -MF"Core/Src/tim.d" -MT"Core/Src/tim.o" --specs=nano.specs -mfpu=fpv4-sp-d16 -mfloat-abi=hard -mthumb -o "Core/Src/tim.o"
arm-none-eabi-gcc "../Core/Src/usart.c" -mcpu=cortex-m4 -std=gnu11 -g3 -DDEBUG -DUSE_HAL_DRIVER -DSTM32L4S5xx -c -I../Drivers/Components -I../Drivers/Components/lsm6dsl -I../Drivers/Components/Common -I../Core/Inc -I../Drivers/STM32L4xx_HAL_Driver/Inc -I../Drivers/STM32L4xx_HAL_Driver/Inc/Legacy -I../Drivers/CMSIS/Device/ST/STM32L4xx/Include -I../Drivers/CMSIS/Include -I../Middlewares/Third_Party/FreeRTOS/Source/include -I../Middlewares/Third_Party/FreeRTOS/Source/CMSIS_RTOS -I../Middlewares/Third_Party/FreeRTOS/Source/portable/GCC/ARM_CM4F -O0 -ffunction-sections -fdata-sections -Wall -fstack-usage -fcyclomatic-complexity -MMD -MP -MF"Core/Src/usart.d" -MT"Core/Src/usart.o" --specs=nano.specs -mfpu=fpv4-sp-d16 -mfloat-abi=hard -mthumb -o "Core/Src/usart.o"
arm-none-eabi-gcc -o "fproject.elf" @"objects.list"  -larm_cortexM4lf_math -mcpu=cortex-m4 -T"C:\Users\rafae\STM32CubeIDE\workspace_1.19.0\fproject\STM32L4S5VITX_FLASH.ld" --specs=nosys.specs -Wl,-Map="fproject.map" -Wl,--gc-sections -static -L../Core/Lib --specs=nano.specs -mfpu=fpv4-sp-d16 -mfloat-abi=hard -mthumb -Wl,--start-group -lc -lm -Wl,--end-group
Finished building target: fproject.elf
 
arm-none-eabi-size  fproject.elf 
arm-none-eabi-objdump -h -S fproject.elf  > "fproject.list"
   text	   data	    bss	    dec	    hex	filename
  55472	    164	  11100	  66736	  104b0	fproject.elf
Finished building: default.size.stdout
 
Finished building: fproject.list
 
18:01:33 **** Incremental Build of configuration Debug for project fproject ****
make -j20 all 
arm-none-eabi-gcc "../Core/Src/main.c" -mcpu=cortex-m4 -std=gnu11 -g3 -DDEBUG -DUSE_HAL_DRIVER -DSTM32L4S5xx -c -I../Drivers/Components -I../Drivers/Components/lsm6dsl -I../Drivers/Components/Common -I../Core/Inc -I../Drivers/STM32L4xx_HAL_Driver/Inc -I../Drivers/STM32L4xx_HAL_Driver/Inc/Legacy -I../Drivers/CMSIS/Device/ST/STM32L4xx/Include -I../Drivers/CMSIS/Include -I../Middlewares/Third_Party/FreeRTOS/Source/include -I../Middlewares/Third_Party/FreeRTOS/Source/CMSIS_RTOS -I../Middlewares/Third_Party/FreeRTOS/Source/portable/GCC/ARM_CM4F -O0 -ffunction-sections -fdata-sections -Wall -fstack-usage -fcyclomatic-complexity -MMD -MP -MF"Core/Src/main.d" -MT"Core/Src/main.o" --specs=nano.specs -mfpu=fpv4-sp-d16 -mfloat-abi=hard -mthumb -o "Core/Src/main.o"
arm-none-eabi-gcc -o "fproject.elf" @"objects.list"  -larm_cortexM4lf_math -mcpu=cortex-m4 -T"C:\Users\rafae\STM32CubeIDE\workspace_1.19.0\fproject\STM32L4S5VITX_FLASH.ld" --specs=nosys.specs -Wl,-Map="fproject.map" -Wl,--gc-sections -static -L../Core/Lib --specs=nano.specs -mfpu=fpv4-sp-d16 -mfloat-abi=hard -mthumb -Wl,--start-group -lc -lm -Wl,--end-group
Finished building target: fproject.elf
 
arm-none-eabi-size  fproject.elf 
arm-none-eabi-objdump -h -S fproject.elf  > "fproject.list"
   text	   data	    bss	    dec	    hex	filename
  55472	    164	  11100	  66736	  104b0	fproject.elf
Finished building: default.size.stdout
 
Finished building: fproject.list
 
18:01:47 **** Incremental Build of configuration Debug for project fproject ****
make -j20 all 
arm-none-eabi-size  fproject.elf 
   text	   data	    bss	    dec	    hex	filename
  55472	    164	  11100	  66736	  104b0	fproject.elf
Finished building: default.size.stdout
 
18:02:25 **** Incremental Build of configuration Debug for project fproject ****
make -j20 all 
arm-none-eabi-size  fproject.elf 
   text	   data	    bss	    dec	    hex	filename
  55472	    164	  11100	  66736	  104b0	fproject.elf
Finished building: default.size.stdout
 
18:03:42 **** Incremental Build of configuration Debug for project fproject ****
make -j20 all 
arm-none-eabi-gcc "../Core/Src/freertos.c" -mcpu=cortex-m4 -std=gnu11 -g3 -DDEBUG -DUSE_HAL_DRIVER -DSTM32L4S5xx -c -I../Drivers/Components -I../Drivers/Components/lsm6dsl -I../Drivers/Components/Common -I../Core/Inc -I../Drivers/STM32L4xx_HAL_Driver/Inc -I../Drivers/STM32L4xx_HAL_Driver/Inc/Legacy -I../Drivers/CMSIS/Device/ST/STM32L4xx/Include -I../Drivers/CMSIS/Include -I../Middlewares/Third_Party/FreeRTOS/Source/include -I../Middlewares/Third_Party/FreeRTOS/Source/CMSIS_RTOS -I../Middlewares/Third_Party/FreeRTOS/Source/portable/GCC/ARM_CM4F -O0 -ffunction-sections -fdata-sections -Wall -fstack-usage -fcyclomatic-complexity -MMD -MP -MF"Core/Src/freertos.d" -MT"Core/Src/freertos.o" --specs=nano.specs -mfpu=fpv4-sp-d16 -mfloat-abi=hard -mthumb -o "Core/Src/freertos.o"
arm-none-eabi-gcc "../Core/Src/main.c" -mcpu=cortex-m4 -std=gnu11 -g3 -DDEBUG -DUSE_HAL_DRIVER -DSTM32L4S5xx -c -I../Drivers/Components -I../Drivers/Components/lsm6dsl -I../Drivers/Components/Common -I../Core/Inc -I../Drivers/STM32L4xx_HAL_Driver/Inc -I../Drivers/STM32L4xx_HAL_Driver/Inc/Legacy -I../Drivers/CMSIS/Device/ST/STM32L4xx/Include -I../Drivers/CMSIS/Include -I../Middlewares/Third_Party/FreeRTOS/Source/include -I../Middlewares/Third_Party/FreeRTOS/Source/CMSIS_RTOS -I../Middlewares/Third_Party/FreeRTOS/Source/portable/GCC/ARM_CM4F -O0 -ffunction-sections -fdata-sections -Wall -fstack-usage -fcyclomatic-complexity -MMD -MP -MF"Core/Src/main.d" -MT"Core/Src/main.o" --specs=nano.specs -mfpu=fpv4-sp-d16 -mfloat-abi=hard -mthumb -o "Core/Src/main.o"
../Core/Src/freertos.c: In function 'StartTask02':
../Core/Src/freertos.c:237:19: warning: implicit declaration of function 'srand' [-Wimplicit-function-declaration]
  237 |                   srand(HAL_GetTick());  // seed RNG once per boot
      |                   ^~~~~
../Core/Src/freertos.c:242:34: warning: implicit declaration of function 'rand' [-Wimplicit-function-declaration]
  242 |                   cueList[i]   = rand() % 4;   // 0–3 inclusive
      |                                  ^~~~
../Core/Src/main.c:104:19: error: 'NUM_CUES' undeclared here (not in a function)
  104 | CueType   cueList[NUM_CUES];
      |                   ^~~~~~~~
../Core/Src/main.c:116:20: error: 'NSAMPLES' undeclared here (not in a function)
  116 | int32_t  micBuffer[NSAMPLES];
      |                    ^~~~~~~~
../Core/Src/main.c: In function 'HAL_DFSDM_FilterRegConvCpltCallback':
../Core/Src/main.c:353:25: error: 'MIC_THRESHOLD' undeclared (first use in this function)
  353 |         if (threshold > MIC_THRESHOLD)
      |                         ^~~~~~~~~~~~~
../Core/Src/main.c:353:25: note: each undeclared identifier is reported only once for each function it appears in
make: *** [Core/Src/subdir.mk:73: Core/Src/main.o] Error 1
make: *** Waiting for unfinished jobs....
"make -j20 all" terminated with exit code 2. Build might be incomplete.
18:03:52 **** Incremental Build of configuration Debug for project fproject ****
make -j20 all 
arm-none-eabi-gcc "../Core/Src/main.c" -mcpu=cortex-m4 -std=gnu11 -g3 -DDEBUG -DUSE_HAL_DRIVER -DSTM32L4S5xx -c -I../Drivers/Components -I../Drivers/Components/lsm6dsl -I../Drivers/Components/Common -I../Core/Inc -I../Drivers/STM32L4xx_HAL_Driver/Inc -I../Drivers/STM32L4xx_HAL_Driver/Inc/Legacy -I../Drivers/CMSIS/Device/ST/STM32L4xx/Include -I../Drivers/CMSIS/Include -I../Middlewares/Third_Party/FreeRTOS/Source/include -I../Middlewares/Third_Party/FreeRTOS/Source/CMSIS_RTOS -I../Middlewares/Third_Party/FreeRTOS/Source/portable/GCC/ARM_CM4F -O0 -ffunction-sections -fdata-sections -Wall -fstack-usage -fcyclomatic-complexity -MMD -MP -MF"Core/Src/main.d" -MT"Core/Src/main.o" --specs=nano.specs -mfpu=fpv4-sp-d16 -mfloat-abi=hard -mthumb -o "Core/Src/main.o"
arm-none-eabi-gcc -o "fproject.elf" @"objects.list"  -larm_cortexM4lf_math -mcpu=cortex-m4 -T"C:\Users\rafae\STM32CubeIDE\workspace_1.19.0\fproject\STM32L4S5VITX_FLASH.ld" --specs=nosys.specs -Wl,-Map="fproject.map" -Wl,--gc-sections -static -L../Core/Lib --specs=nano.specs -mfpu=fpv4-sp-d16 -mfloat-abi=hard -mthumb -Wl,--start-group -lc -lm -Wl,--end-group
Finished building target: fproject.elf
 
arm-none-eabi-size  fproject.elf 
arm-none-eabi-objdump -h -S fproject.elf  > "fproject.list"
   text	   data	    bss	    dec	    hex	filename
  55472	    164	  11100	  66736	  104b0	fproject.elf
Finished building: default.size.stdout
 
Finished building: fproject.list
 
