16:35:44 **** Incremental Build of configuration Debug for project fproject ****
make -j20 all 
arm-none-eabi-gcc "../Core/Src/main.c" -mcpu=cortex-m4 -std=gnu11 -g3 -DDEBUG -DUSE_HAL_DRIVER -DSTM32L4S5xx -c -I../Drivers/Components -I../Drivers/Components/lsm6dsl -I../Drivers/Components/Common -I../Core/Inc -I../Drivers/STM32L4xx_HAL_Driver/Inc -I../Drivers/STM32L4xx_HAL_Driver/Inc/Legacy -I../Drivers/CMSIS/Device/ST/STM32L4xx/Include -I../Drivers/CMSIS/Include -O0 -ffunction-sections -fdata-sections -Wall -fstack-usage -fcyclomatic-complexity -MMD -MP -MF"Core/Src/main.d" -MT"Core/Src/main.o" --specs=nano.specs -mfpu=fpv4-sp-d16 -mfloat-abi=hard -mthumb -o "Core/Src/main.o"
arm-none-eabi-gcc -o "fproject.elf" @"objects.list"  -larm_cortexM4lf_math -mcpu=cortex-m4 -T"C:\Users\rafae\STM32CubeIDE\workspace_1.19.0\fproject\STM32L4S5VITX_FLASH.ld" --specs=nosys.specs -Wl,-Map="fproject.map" -Wl,--gc-sections -static -L../Core/Lib --specs=nano.specs -mfpu=fpv4-sp-d16 -mfloat-abi=hard -mthumb -Wl,--start-group -lc -lm -Wl,--end-group
Finished building target: fproject.elf
 
arm-none-eabi-size  fproject.elf 
arm-none-eabi-objdump -h -S fproject.elf  > "fproject.list"
   text	   data	    bss	    dec	    hex	filename
  29264	     92	   4388	  33744	   83d0	fproject.elf
Finished building: default.size.stdout
 
Finished building: fproject.list
 
16:35:47 **** Incremental Build of configuration Debug for project fproject ****
make -j20 all 
arm-none-eabi-size  fproject.elf 
   text	   data	    bss	    dec	    hex	filename
  29264	     92	   4388	  33744	   83d0	fproject.elf
Finished building: default.size.stdout
 
16:37:55 **** Incremental Build of configuration Debug for project fproject ****
make -j20 all 
arm-none-eabi-gcc "../Core/Src/main.c" -mcpu=cortex-m4 -std=gnu11 -g3 -DDEBUG -DUSE_HAL_DRIVER -DSTM32L4S5xx -c -I../Drivers/Components -I../Drivers/Components/lsm6dsl -I../Drivers/Components/Common -I../Core/Inc -I../Drivers/STM32L4xx_HAL_Driver/Inc -I../Drivers/STM32L4xx_HAL_Driver/Inc/Legacy -I../Drivers/CMSIS/Device/ST/STM32L4xx/Include -I../Drivers/CMSIS/Include -O0 -ffunction-sections -fdata-sections -Wall -fstack-usage -fcyclomatic-complexity -MMD -MP -MF"Core/Src/main.d" -MT"Core/Src/main.o" --specs=nano.specs -mfpu=fpv4-sp-d16 -mfloat-abi=hard -mthumb -o "Core/Src/main.o"
arm-none-eabi-gcc -o "fproject.elf" @"objects.list"  -larm_cortexM4lf_math -mcpu=cortex-m4 -T"C:\Users\rafae\STM32CubeIDE\workspace_1.19.0\fproject\STM32L4S5VITX_FLASH.ld" --specs=nosys.specs -Wl,-Map="fproject.map" -Wl,--gc-sections -static -L../Core/Lib --specs=nano.specs -mfpu=fpv4-sp-d16 -mfloat-abi=hard -mthumb -Wl,--start-group -lc -lm -Wl,--end-group
Finished building target: fproject.elf
 
arm-none-eabi-size  fproject.elf 
arm-none-eabi-objdump -h -S fproject.elf  > "fproject.list"
   text	   data	    bss	    dec	    hex	filename
  29264	     92	   4388	  33744	   83d0	fproject.elf
Finished building: default.size.stdout
 
Finished building: fproject.list
 
16:39:53 **** Incremental Build of configuration Debug for project fproject ****
make -j20 all 
arm-none-eabi-gcc "../Core/Src/main.c" -mcpu=cortex-m4 -std=gnu11 -g3 -DDEBUG -DUSE_HAL_DRIVER -DSTM32L4S5xx -c -I../Drivers/Components -I../Drivers/Components/lsm6dsl -I../Drivers/Components/Common -I../Core/Inc -I../Drivers/STM32L4xx_HAL_Driver/Inc -I../Drivers/STM32L4xx_HAL_Driver/Inc/Legacy -I../Drivers/CMSIS/Device/ST/STM32L4xx/Include -I../Drivers/CMSIS/Include -O0 -ffunction-sections -fdata-sections -Wall -fstack-usage -fcyclomatic-complexity -MMD -MP -MF"Core/Src/main.d" -MT"Core/Src/main.o" --specs=nano.specs -mfpu=fpv4-sp-d16 -mfloat-abi=hard -mthumb -o "Core/Src/main.o"
arm-none-eabi-gcc -o "fproject.elf" @"objects.list"  -larm_cortexM4lf_math -mcpu=cortex-m4 -T"C:\Users\rafae\STM32CubeIDE\workspace_1.19.0\fproject\STM32L4S5VITX_FLASH.ld" --specs=nosys.specs -Wl,-Map="fproject.map" -Wl,--gc-sections -static -L../Core/Lib --specs=nano.specs -mfpu=fpv4-sp-d16 -mfloat-abi=hard -mthumb -Wl,--start-group -lc -lm -Wl,--end-group
Finished building target: fproject.elf
 
arm-none-eabi-size  fproject.elf 
arm-none-eabi-objdump -h -S fproject.elf  > "fproject.list"
   text	   data	    bss	    dec	    hex	filename
  29328	     92	   4388	  33808	   8410	fproject.elf
Finished building: default.size.stdout
 
Finished building: fproject.list
 
16:42:00 **** Incremental Build of configuration Debug for project fproject ****
make -j20 all 
arm-none-eabi-gcc "../Core/Src/main.c" -mcpu=cortex-m4 -std=gnu11 -g3 -DDEBUG -DUSE_HAL_DRIVER -DSTM32L4S5xx -c -I../Drivers/Components -I../Drivers/Components/lsm6dsl -I../Drivers/Components/Common -I../Core/Inc -I../Drivers/STM32L4xx_HAL_Driver/Inc -I../Drivers/STM32L4xx_HAL_Driver/Inc/Legacy -I../Drivers/CMSIS/Device/ST/STM32L4xx/Include -I../Drivers/CMSIS/Include -O0 -ffunction-sections -fdata-sections -Wall -fstack-usage -fcyclomatic-complexity -MMD -MP -MF"Core/Src/main.d" -MT"Core/Src/main.o" --specs=nano.specs -mfpu=fpv4-sp-d16 -mfloat-abi=hard -mthumb -o "Core/Src/main.o"
arm-none-eabi-gcc -o "fproject.elf" @"objects.list"  -larm_cortexM4lf_math -mcpu=cortex-m4 -T"C:\Users\rafae\STM32CubeIDE\workspace_1.19.0\fproject\STM32L4S5VITX_FLASH.ld" --specs=nosys.specs -Wl,-Map="fproject.map" -Wl,--gc-sections -static -L../Core/Lib --specs=nano.specs -mfpu=fpv4-sp-d16 -mfloat-abi=hard -mthumb -Wl,--start-group -lc -lm -Wl,--end-group
Finished building target: fproject.elf
 
arm-none-eabi-size  fproject.elf 
arm-none-eabi-objdump -h -S fproject.elf  > "fproject.list"
   text	   data	    bss	    dec	    hex	filename
  29328	     92	   4388	  33808	   8410	fproject.elf
Finished building: default.size.stdout
 
Finished building: fproject.list
 
16:44:31 **** Incremental Build of configuration Debug for project fproject ****
make -j20 all 
arm-none-eabi-gcc "../Core/Src/main.c" -mcpu=cortex-m4 -std=gnu11 -g3 -DDEBUG -DUSE_HAL_DRIVER -DSTM32L4S5xx -c -I../Drivers/Components -I../Drivers/Components/lsm6dsl -I../Drivers/Components/Common -I../Core/Inc -I../Drivers/STM32L4xx_HAL_Driver/Inc -I../Drivers/STM32L4xx_HAL_Driver/Inc/Legacy -I../Drivers/CMSIS/Device/ST/STM32L4xx/Include -I../Drivers/CMSIS/Include -O0 -ffunction-sections -fdata-sections -Wall -fstack-usage -fcyclomatic-complexity -MMD -MP -MF"Core/Src/main.d" -MT"Core/Src/main.o" --specs=nano.specs -mfpu=fpv4-sp-d16 -mfloat-abi=hard -mthumb -o "Core/Src/main.o"
arm-none-eabi-gcc -o "fproject.elf" @"objects.list"  -larm_cortexM4lf_math -mcpu=cortex-m4 -T"C:\Users\rafae\STM32CubeIDE\workspace_1.19.0\fproject\STM32L4S5VITX_FLASH.ld" --specs=nosys.specs -Wl,-Map="fproject.map" -Wl,--gc-sections -static -L../Core/Lib --specs=nano.specs -mfpu=fpv4-sp-d16 -mfloat-abi=hard -mthumb -Wl,--start-group -lc -lm -Wl,--end-group
Finished building target: fproject.elf
 
arm-none-eabi-size  fproject.elf 
arm-none-eabi-objdump -h -S fproject.elf  > "fproject.list"
   text	   data	    bss	    dec	    hex	filename
  29324	     92	   4388	  33804	   840c	fproject.elf
Finished building: default.size.stdout
 
Finished building: fproject.list
 
16:47:51 **** Incremental Build of configuration Debug for project fproject ****
make -j20 all 
arm-none-eabi-gcc "../Core/Src/main.c" -mcpu=cortex-m4 -std=gnu11 -g3 -DDEBUG -DUSE_HAL_DRIVER -DSTM32L4S5xx -c -I../Drivers/Components -I../Drivers/Components/lsm6dsl -I../Drivers/Components/Common -I../Core/Inc -I../Drivers/STM32L4xx_HAL_Driver/Inc -I../Drivers/STM32L4xx_HAL_Driver/Inc/Legacy -I../Drivers/CMSIS/Device/ST/STM32L4xx/Include -I../Drivers/CMSIS/Include -O0 -ffunction-sections -fdata-sections -Wall -fstack-usage -fcyclomatic-complexity -MMD -MP -MF"Core/Src/main.d" -MT"Core/Src/main.o" --specs=nano.specs -mfpu=fpv4-sp-d16 -mfloat-abi=hard -mthumb -o "Core/Src/main.o"
arm-none-eabi-gcc -o "fproject.elf" @"objects.list"  -larm_cortexM4lf_math -mcpu=cortex-m4 -T"C:\Users\rafae\STM32CubeIDE\workspace_1.19.0\fproject\STM32L4S5VITX_FLASH.ld" --specs=nosys.specs -Wl,-Map="fproject.map" -Wl,--gc-sections -static -L../Core/Lib --specs=nano.specs -mfpu=fpv4-sp-d16 -mfloat-abi=hard -mthumb -Wl,--start-group -lc -lm -Wl,--end-group
Finished building target: fproject.elf
 
arm-none-eabi-size  fproject.elf 
arm-none-eabi-objdump -h -S fproject.elf  > "fproject.list"
   text	   data	    bss	    dec	    hex	filename
  29320	     92	   4388	  33800	   8408	fproject.elf
Finished building: default.size.stdout
 
Finished building: fproject.list
 
16:52:16 **** Incremental Build of configuration Debug for project fproject ****
make -j20 all 
arm-none-eabi-gcc "../Core/Src/main.c" -mcpu=cortex-m4 -std=gnu11 -g3 -DDEBUG -DUSE_HAL_DRIVER -DSTM32L4S5xx -c -I../Drivers/Components -I../Drivers/Components/lsm6dsl -I../Drivers/Components/Common -I../Core/Inc -I../Drivers/STM32L4xx_HAL_Driver/Inc -I../Drivers/STM32L4xx_HAL_Driver/Inc/Legacy -I../Drivers/CMSIS/Device/ST/STM32L4xx/Include -I../Drivers/CMSIS/Include -O0 -ffunction-sections -fdata-sections -Wall -fstack-usage -fcyclomatic-complexity -MMD -MP -MF"Core/Src/main.d" -MT"Core/Src/main.o" --specs=nano.specs -mfpu=fpv4-sp-d16 -mfloat-abi=hard -mthumb -o "Core/Src/main.o"
arm-none-eabi-gcc -o "fproject.elf" @"objects.list"  -larm_cortexM4lf_math -mcpu=cortex-m4 -T"C:\Users\rafae\STM32CubeIDE\workspace_1.19.0\fproject\STM32L4S5VITX_FLASH.ld" --specs=nosys.specs -Wl,-Map="fproject.map" -Wl,--gc-sections -static -L../Core/Lib --specs=nano.specs -mfpu=fpv4-sp-d16 -mfloat-abi=hard -mthumb -Wl,--start-group -lc -lm -Wl,--end-group
Finished building target: fproject.elf
 
arm-none-eabi-size  fproject.elf 
arm-none-eabi-objdump -h -S fproject.elf  > "fproject.list"
   text	   data	    bss	    dec	    hex	filename
  29320	     92	   4388	  33800	   8408	fproject.elf
Finished building: default.size.stdout
 
Finished building: fproject.list
 
17:04:44 **** Incremental Build of configuration Debug for project fproject ****
make -j20 all 
arm-none-eabi-gcc "../Core/Src/main.c" -mcpu=cortex-m4 -std=gnu11 -g3 -DDEBUG -DUSE_HAL_DRIVER -DSTM32L4S5xx -c -I../Drivers/Components -I../Drivers/Components/lsm6dsl -I../Drivers/Components/Common -I../Core/Inc -I../Drivers/STM32L4xx_HAL_Driver/Inc -I../Drivers/STM32L4xx_HAL_Driver/Inc/Legacy -I../Drivers/CMSIS/Device/ST/STM32L4xx/Include -I../Drivers/CMSIS/Include -O0 -ffunction-sections -fdata-sections -Wall -fstack-usage -fcyclomatic-complexity -MMD -MP -MF"Core/Src/main.d" -MT"Core/Src/main.o" --specs=nano.specs -mfpu=fpv4-sp-d16 -mfloat-abi=hard -mthumb -o "Core/Src/main.o"
../Core/Src/main.c: In function 'HAL_GPIO_EXTI_Callback':
../Core/Src/main.c:612:17: error: 'player_responded' undeclared (first use in this function); did you mean 'playerResponded'?
  612 |                 player_responded = 1;
      |                 ^~~~~~~~~~~~~~~~
      |                 playerResponded
../Core/Src/main.c:612:17: note: each undeclared identifier is reported only once for each function it appears in
make: *** [Core/Src/subdir.mk:40: Core/Src/main.o] Error 1
"make -j20 all" terminated with exit code 2. Build might be incomplete.
17:05:30 **** Incremental Build of configuration Debug for project fproject ****
make -j20 all 
arm-none-eabi-gcc "../Core/Src/main.c" -mcpu=cortex-m4 -std=gnu11 -g3 -DDEBUG -DUSE_HAL_DRIVER -DSTM32L4S5xx -c -I../Drivers/Components -I../Drivers/Components/lsm6dsl -I../Drivers/Components/Common -I../Core/Inc -I../Drivers/STM32L4xx_HAL_Driver/Inc -I../Drivers/STM32L4xx_HAL_Driver/Inc/Legacy -I../Drivers/CMSIS/Device/ST/STM32L4xx/Include -I../Drivers/CMSIS/Include -O0 -ffunction-sections -fdata-sections -Wall -fstack-usage -fcyclomatic-complexity -MMD -MP -MF"Core/Src/main.d" -MT"Core/Src/main.o" --specs=nano.specs -mfpu=fpv4-sp-d16 -mfloat-abi=hard -mthumb -o "Core/Src/main.o"
arm-none-eabi-gcc -o "fproject.elf" @"objects.list"  -larm_cortexM4lf_math -mcpu=cortex-m4 -T"C:\Users\rafae\STM32CubeIDE\workspace_1.19.0\fproject\STM32L4S5VITX_FLASH.ld" --specs=nosys.specs -Wl,-Map="fproject.map" -Wl,--gc-sections -static -L../Core/Lib --specs=nano.specs -mfpu=fpv4-sp-d16 -mfloat-abi=hard -mthumb -Wl,--start-group -lc -lm -Wl,--end-group
Finished building target: fproject.elf
 
arm-none-eabi-size  fproject.elf 
arm-none-eabi-objdump -h -S fproject.elf  > "fproject.list"
   text	   data	    bss	    dec	    hex	filename
  33132	    108	   4452	  37692	   933c	fproject.elf
Finished building: default.size.stdout
 
Finished building: fproject.list
 
